Component: ARM Compiler 6.13.1 Tool: armlink [5d895400]

==============================================================================

Section Cross References

    startup_tcae10.o(RESET) refers to startup_tcae10.o(STACK) for __initial_sp
    startup_tcae10.o(RESET) refers to startup_tcae10.o(.text) for Reset_Handler
    startup_tcae10.o(RESET) refers to tcae10_ll_cortex.o(.text.NMI_Handler) for NMI_Handler
    startup_tcae10.o(RESET) refers to tcae10_ll_cortex.o(.text.HardFault_Handler) for HardFault_Handler
    startup_tcae10.o(RESET) refers to tc_port.o(RAMCODE) for SysTick_Handler
    startup_tcae10.o(RESET) refers to tcae10_ll_flash.o(.text.FLASH_IRQHandler) for FLASH_IRQHandler
    startup_tcae10.o(RESET) refers to tcae10_ll_adc.o(.text.ADC_IRQHandler) for ADC_IRQHandler
    startup_tcae10.o(RESET) refers to tc_halt.o(.text.TIMER_IRQHandler) for TIMER_IRQHandler
    startup_tcae10.o(RESET) refers to tcae10_ll_sci.o(.text.SCI_IRQHandler) for SCI_IRQHandler
    startup_tcae10.o(RESET) refers to lin_task.o(.text.AON_IRQHandler) for AON_IRQHandler
    startup_tcae10.o(RESET) refers to si_touch_port.o(.text.TOUCH_IRQHandler) for TOUCH_IRQHandler
    startup_tcae10.o(RESET) refers to tcae10_ll_sci.o(.text.UART_IRQHandler) for UART_IRQHandler
    startup_tcae10.o(.text) refers to system_tcae10.o(.text.SystemInit) for SystemInit
    startup_tcae10.o(.text) refers to app.o(.text.TcMain) for TcMain
    system_tcae10.o(.text.CopyDataRWtoImage) refers to memcpya.o(.text) for __aeabi_memcpy4
    system_tcae10.o(.ARM.exidx.text.CopyDataRWtoImage) refers to system_tcae10.o(.text.CopyDataRWtoImage) for [Anonymous Symbol]
    system_tcae10.o(.text.SystemGetHClkFreq) refers to system_tcae10.o(.text.sys_hclk_freq_get) for sys_hclk_freq_get
    system_tcae10.o(.ARM.exidx.text.SystemGetHClkFreq) refers to system_tcae10.o(.text.SystemGetHClkFreq) for [Anonymous Symbol]
    system_tcae10.o(.text.sys_hclk_freq_get) refers to uidiv.o(.text) for __aeabi_uidiv
    system_tcae10.o(.ARM.exidx.text.sys_hclk_freq_get) refers to system_tcae10.o(.text.sys_hclk_freq_get) for [Anonymous Symbol]
    system_tcae10.o(.text.sys_pclk_freq_get) refers to system_tcae10.o(.text.sys_hclk_freq_get) for sys_hclk_freq_get
    system_tcae10.o(.text.sys_pclk_freq_get) refers to uidiv.o(.text) for __aeabi_uidiv
    system_tcae10.o(.ARM.exidx.text.sys_pclk_freq_get) refers to system_tcae10.o(.text.sys_pclk_freq_get) for [Anonymous Symbol]
    system_tcae10.o(.text.SystemCoreClockUpdate) refers to system_tcae10.o(.text.SystemGetHClkFreq) for SystemGetHClkFreq
    system_tcae10.o(.text.SystemCoreClockUpdate) refers to system_tcae10.o(.data.SystemCoreClock) for SystemCoreClock
    system_tcae10.o(.ARM.exidx.text.SystemCoreClockUpdate) refers to system_tcae10.o(.text.SystemCoreClockUpdate) for [Anonymous Symbol]
    system_tcae10.o(.ARM.exidx.text.CopyAnalogTrimValue) refers to system_tcae10.o(.text.CopyAnalogTrimValue) for [Anonymous Symbol]
    system_tcae10.o(.text.SystemAnlogTrim) refers to system_tcae10.o(.text.CopyAnalogTrimValue) for CopyAnalogTrimValue
    system_tcae10.o(.ARM.exidx.text.SystemAnlogTrim) refers to system_tcae10.o(.text.SystemAnlogTrim) for [Anonymous Symbol]
    system_tcae10.o(.ARM.exidx.text.System_HclkConfig) refers to system_tcae10.o(.text.System_HclkConfig) for [Anonymous Symbol]
    system_tcae10.o(.text.SystemInit) refers to system_tcae10.o(.text.CopyDataRWtoImage) for CopyDataRWtoImage
    system_tcae10.o(.text.SystemInit) refers to system_tcae10.o(.text.System_HclkConfig) for System_HclkConfig
    system_tcae10.o(.text.SystemInit) refers to system_tcae10.o(.text.SystemCoreClockUpdate) for SystemCoreClockUpdate
    system_tcae10.o(.text.SystemInit) refers to system_tcae10.o(.text.SystemAnlogTrim) for SystemAnlogTrim
    system_tcae10.o(.text.SystemInit) refers to system_tcae10.o(.text.sys_pclk_config) for sys_pclk_config
    system_tcae10.o(.text.SystemInit) refers to system_tcae10.o(.text.sys_dummy_load_enable) for sys_dummy_load_enable
    system_tcae10.o(.text.SystemInit) refers to system_tcae10.o(.text.wdg_disable) for wdg_disable
    system_tcae10.o(.ARM.exidx.text.SystemInit) refers to system_tcae10.o(.text.SystemInit) for [Anonymous Symbol]
    system_tcae10.o(.ARM.exidx.text.sys_pclk_config) refers to system_tcae10.o(.text.sys_pclk_config) for [Anonymous Symbol]
    system_tcae10.o(.ARM.exidx.text.sys_dummy_load_enable) refers to system_tcae10.o(.text.sys_dummy_load_enable) for [Anonymous Symbol]
    system_tcae10.o(.ARM.exidx.text.wdg_disable) refers to system_tcae10.o(.text.wdg_disable) for [Anonymous Symbol]
    tcae10_ll_uart.o(.ARM.exidx.text.ll_uart_deinit) refers to tcae10_ll_uart.o(.text.ll_uart_deinit) for [Anonymous Symbol]
    tcae10_ll_uart.o(.text.ll_uart_init) refers to system_tcae10.o(.text.SystemGetHClkFreq) for SystemGetHClkFreq
    tcae10_ll_uart.o(.text.ll_uart_init) refers to uidiv.o(.text) for __aeabi_uidiv
[...]
    lin_update_err_signal                    0x000076f9   Thumb Code    64  lin_lin21_proto.o(.text.lin_update_err_signal)
    lin_update_rx                            0x00007749   Thumb Code    84  lin_common_proto.o(.text.lin_update_rx)
    lin_update_rx_diag_frame                 0x0000779d   Thumb Code    28  lin_common_proto.o(.text.lin_update_rx_diag_frame)
    lin_update_tx                            0x000077bd   Thumb Code   124  lin_common_proto.o(.text.lin_update_tx)
    lin_update_tx_flags                      0x0000785d   Thumb Code    84  lin_common_proto.o(.text.lin_update_tx_flags)
    lin_update_word_status_lin21             0x000078bd   Thumb Code    72  lin_lin21_proto.o(.text.lin_update_word_status_lin21)
    ll_flash_erase                           0x0000792d   Thumb Code   104  tcae10_ll_flash.o(.text.ll_flash_erase)
    ll_flash_read                            0x000079e9   Thumb Code    44  tcae10_ll_flash.o(.text.ll_flash_read)
    ll_flash_write                           0x00007abd   Thumb Code   128  tcae10_ll_flash.o(.text.ll_flash_write)
    ll_gpio_afio_config                      0x00007c45   Thumb Code    32  tcae10_ll_gpio.o(.text.ll_gpio_afio_config)
    ll_gpio_init                             0x00007c99   Thumb Code   176  tcae10_ll_gpio.o(.text.ll_gpio_init)
    ll_gpio_output                           0x00007df5   Thumb Code    48  tcae10_ll_gpio.o(.text.ll_gpio_output)
    ll_lin_auto_baudrate_read                0x00007e25   Thumb Code    40  tcae10_ll_sci.o(.text.ll_lin_auto_baudrate_read)
    ll_lin_baudrate_read                     0x00007e4d   Thumb Code    44  tcae10_ll_sci.o(.text.ll_lin_baudrate_read)
    ll_lin_ctrl_brk_tx                       0x00007e79   Thumb Code    48  tcae10_ll_sci.o(.text.ll_lin_ctrl_brk_tx)
    ll_lin_ctrl_glben                        0x00007ea9   Thumb Code    36  tcae10_ll_sci.o(.text.ll_lin_ctrl_glben)
    ll_lin_pid_read                          0x00007ecd   Thumb Code    40  tcae10_ll_sci.o(.text.ll_lin_pid_read)
    ll_lin_read_byte                         0x00007ef5   Thumb Code    48  tcae10_ll_sci.o(.text.ll_lin_read_byte)
    ll_lin_receive                           0x00007f25   Thumb Code    56  tcae10_ll_sci.o(.text.ll_lin_receive)
    ll_lin_rx_delay_set                      0x00007f5d   Thumb Code    40  tcae10_ll_sci.o(.text.ll_lin_rx_delay_set)
    ll_lin_transmit                          0x00007f85   Thumb Code   188  tcae10_ll_sci.o(.text.ll_lin_transmit)
    ll_sci_baudrate_config                   0x00008041   Thumb Code   236  tcae10_ll_sci.o(.text.ll_sci_baudrate_config)
    ll_sci_init                              0x00008241   Thumb Code   140  tcae10_ll_sci.o(.text.ll_sci_init)
    ll_sci_isr_enable                        0x00008325   Thumb Code    52  tcae10_ll_sci.o(.text.ll_sci_isr_enable)
    ll_sci_state_clear                       0x00008359   Thumb Code    92  tcae10_ll_sci.o(.text.ll_sci_state_clear)
    ll_sci_transmit                          0x000083b5   Thumb Code   148  tcae10_ll_sci.o(.text.ll_sci_transmit)
    ll_syscfg_isr_enable                     0x00008449   Thumb Code    32  tcae10_ll_sys.o(.text.ll_syscfg_isr_enable)
    ll_syscfg_isr_get                        0x00008469   Thumb Code    12  tcae10_ll_sys.o(.text.ll_syscfg_isr_get)
    ll_syscfg_remap_config                   0x00008475   Thumb Code    40  tcae10_ll_sys.o(.text.ll_syscfg_remap_config)
    ll_timer_deinit                          0x0000849d   Thumb Code    56  tcae10_ll_timer.o(.text.ll_timer_deinit)
    ll_wakeup_init                           0x000084d5   Thumb Code    64  tcae10_ll_sys.o(.text.ll_wakeup_init)
    ll_wdg_enable                            0x00008515   Thumb Code    28  tcae10_ll_wdg.o(.text.ll_wdg_enable)
    ll_wdg_reload                            0x00008531   Thumb Code    32  tcae10_ll_wdg.o(.text.ll_wdg_reload)
    pal_lin_abort_handle                     0x00008721   Thumb Code    26  pal_lin_comm.o(.text.pal_lin_abort_handle)
    pal_lin_autobaudrate_check               0x0000873b   Thumb Code    68  pal_lin_comm.o(.text.pal_lin_autobaudrate_check)
    pal_lin_init                             0x00008781   Thumb Code    56  pal_lin_comm.o(.text.pal_lin_init)
    pal_lin_read_byte                        0x000087b9   Thumb Code    22  pal_lin_comm.o(.text.pal_lin_read_byte)
    pal_lin_rx_response                      0x000087cf   Thumb Code     8  pal_lin_comm.o(.text.pal_lin_rx_response)
    pal_lin_tx_4byte                         0x000087d7   Thumb Code     8  pal_lin_comm.o(.text.pal_lin_tx_4byte)
    pal_lin_tx_response                      0x000087df   Thumb Code    12  pal_lin_comm.o(.text.pal_lin_tx_response)
    pal_store_data_get                       0x000087ed   Thumb Code   108  pal_store.o(.text.pal_store_data_get)
    pal_store_data_set                       0x00008859   Thumb Code    48  pal_store.o(.text.pal_store_data_set)
    pal_store_erase                          0x00008889   Thumb Code    12  pal_store.o(.text.pal_store_erase)
    pal_store_read                           0x00008895   Thumb Code    12  pal_store.o(.text.pal_store_read)
    pal_store_write                          0x000088a1   Thumb Code    12  pal_store.o(.text.pal_store_write)
    send_negative_response_message           0x00008959   Thumb Code    44  custom_diagnosticiii.o(.text.send_negative_response_message)
    send_positive_response_message           0x00008985   Thumb Code    48  custom_diagnosticiii.o(.text.send_positive_response_message)
    setUDSNAD                                0x000089b5   Thumb Code    12  diagnosticiii.o(.text.setUDSNAD)
    store_manager_init                       0x00008c11   Thumb Code     8  store_manager.o(.text.store_manager_init)
    store_slow_smart_read                    0x00008c19   Thumb Code   170  store_manager.o(.text.store_slow_smart_read)
    store_slow_write                         0x00008cc5   Thumb Code   444  store_manager.o(.text.store_slow_write)
    store_system_data_init                   0x00008e81   Thumb Code    52  custom_diagnosticiii.o(.text.store_system_data_init)
    store_system_data_set                    0x00008eb5   Thumb Code    24  store_manager.o(.text.store_system_data_set)
    sys_hclk_freq_get                        0x00008ef5   Thumb Code    40  system_tcae10.o(.text.sys_hclk_freq_get)
    sys_pclk_freq_get                        0x00008f7d   Thumb Code    28  system_tcae10.o(.text.sys_pclk_freq_get)
    tl_get_raw                               0x00008f99   Thumb Code    90  lin_commontl_proto.o(.text.tl_get_raw)
    tl_put_raw                               0x00008ff3   Thumb Code    86  lin_commontl_proto.o(.text.tl_put_raw)
    touch_haldispatchonlytouch_reset         0x0000969f   Thumb Code    16  touch_haldispatch.o(.text.touch_haldispatchonlytouch_reset)
    uds_communction_control                  0x0000a0e5   Thumb Code   240  custom_diagnosticiii.o(.text.uds_communction_control)
    uds_diagnostic_assign_NAD                0x0000a20d   Thumb Code   116  custom_diagnosticiii.o(.text.uds_diagnostic_assign_NAD)
    uds_diagnostic_clear_dtc_info            0x0000a281   Thumb Code    52  custom_diagnosticiii.o(.text.uds_diagnostic_clear_dtc_info)
    uds_diagnostic_configword_remap_nad      0x0000a2b5   Thumb Code   148  custom_diagnosticiii.o(.text.uds_diagnostic_configword_remap_nad)
    uds_diagnostic_dtc_control               0x0000a349   Thumb Code   124  custom_diagnosticiii.o(.text.uds_diagnostic_dtc_control)
    uds_diagnostic_readdata_by_id            0x0000a3c5   Thumb Code    80  custom_diagnosticiii.o(.text.uds_diagnostic_readdata_by_id)
    uds_diagnostic_rest                      0x0000a415   Thumb Code   156  custom_diagnosticiii.o(.text.uds_diagnostic_rest)
    uds_diagnostic_route_control             0x0000a4b1   Thumb Code   196  custom_diagnosticiii.o(.text.uds_diagnostic_route_control)
    uds_diagnostic_session_control           0x0000a575   Thumb Code   192  custom_diagnosticiii.o(.text.uds_diagnostic_session_control)
    uds_tester_present_control               0x0000a635   Thumb Code    64  custom_diagnosticiii.o(.text.uds_tester_present_control)
    CalcMinMaxAvg                            0x0000a851   Thumb Code    96  si_filter_tool.o(i.CalcMinMaxAvg)
    CalcNoiseAvoid                           0x0000a8b5   Thumb Code    72  si_filter_tool.o(i.CalcNoiseAvoid)
    NoiseDetectRun                           0x0000a8fd   Thumb Code   378  si_noise.o(i.NoiseDetectRun)
    SiAlgoInit                               0x0000ad9f   Thumb Code    32  si_core.o(i.SiAlgoInit)
    SiAmpResetAll                            0x0000adbf   Thumb Code     4  si_amp.o(i.SiAmpResetAll)
    SiArbiterFreq10DoorctrlNodeInit          0x0000ae75   Thumb Code    70  si_arbiter_freq10doorctrl.o(i.SiArbiterFreq10DoorctrlNodeInit)
    SiArbiterReset                           0x0000b53d   Thumb Code    28  si_arbiter.o(i.SiArbiterReset)
    SiBaselineDoorctrl2MtStrongAvgNodeInit   0x0000b589   Thumb Code    82  si_baseline_doorctrl2_strongavg_mt.o(i.SiBaselineDoorctrl2MtStrongAvgNodeInit)
    SiBaselineResetAll                       0x0000b8db   Thumb Code    48  si_baseline.o(i.SiBaselineResetAll)
    SiBubbleSort                             0x0000b90b   Thumb Code    74  si_tool.o(i.SiBubbleSort)
    SiCalcFastNoise                          0x0000b955   Thumb Code    72  si_tool.o(i.SiCalcFastNoise)
    SiFilterDoorctrlNodeInit                 0x0000b9c9   Thumb Code    68  si_filter_doorctrl.o(i.SiFilterDoorctrlNodeInit)
    SiFilterResetAll                         0x0000bb39   Thumb Code    50  si_filter.o(i.SiFilterResetAll)
    SiGetFastNoise                           0x0000bb6b   Thumb Code    20  si_tool.o(i.SiGetFastNoise)
    SiIAbs                                   0x0000bb7f   Thumb Code     8  si_tool.o(i.SiIAbs)
    SiInitFastNoise                          0x0000bb87   Thumb Code    10  si_tool.o(i.SiInitFastNoise)
    SiNoiseDetectRegister                    0x0000bb91   Thumb Code    40  si_noise.o(i.SiNoiseDetectRegister)
    SiNoiseExitConditionFastVarianceInit     0x0000bbb9   Thumb Code    62  si_noise_exit_fast_variance.o(i.SiNoiseExitConditionFastVarianceInit)
    SiNoiseFastVarianceNodeInit              0x0000bcfd   Thumb Code    88  si_noise_fast_variance.o(i.SiNoiseFastVarianceNodeInit)
    SiNoiseIsDetect4                         0x0000bebd   Thumb Code    32  si_noise.o(i.SiNoiseIsDetect4)
    SiNoiseIsMatch                           0x0000bedd   Thumb Code   524  si_noise.o(i.SiNoiseIsMatch)
    SiNoiseObjectNodeInit                    0x0000c0ed   Thumb Code    40  si_core.o(i.SiNoiseObjectNodeInit)
    SiNoiseObjectRegister                    0x0000c115   Thumb Code    44  si_core.o(i.SiNoiseObjectRegister)
    SiNoiseObjectSetStatus                   0x0000c141   Thumb Code     4  si_core.o(i.SiNoiseObjectSetStatus)
    SiObjectNodeInit                         0x0000c145   Thumb Code    82  si_core.o(i.SiObjectNodeInit)
    SiObjectRegister                         0x0000c197   Thumb Code    84  si_core.o(i.SiObjectRegister)
    SiObjectSetStatus                        0x0000c1eb   Thumb Code     4  si_core.o(i.SiObjectSetStatus)
    SiSetScheduler                           0x0000c2e1   Thumb Code    20  si_scheduler.o(i.SiSetScheduler)
    SmartDiffSiValue                         0x0000c2f9   Thumb Code    32  si_tool.o(i.SmartDiffSiValue)
    __ARM_common_switch8                     0x0000c319   Thumb Code    26  si_arbiter_freq10doorctrl.o(i.__ARM_common_switch8)
    calc_double_samp                         0x0000c333   Thumb Code    70  si_hal.o(i.calc_double_samp)
    calc_low_pass                            0x0000c379   Thumb Code    74  si_hal.o(i.calc_low_pass)
    calc_noise_avoid                         0x0000c3c9   Thumb Code    58  si_hal.o(i.calc_noise_avoid)
    SiFastDivTable                           0x0000c410   Data         257  si_tool.o(.constdata)
    lin_diag_services_supported              0x0000c71c   Data          27  lin_cfg.o(.rodata.lin_diag_services_supported)
    lin_frame_tbl                            0x0000c738   Data         112  lin_cfg.o(.rodata.lin_frame_tbl)
    lin_max_frame_res_timeout_val            0x0000c7a8   Data          16  lin_cfg.o(.rodata.lin_max_frame_res_timeout_val)
    num_frame_have_esignal                   0x0000c7ca   Data           1  lin_cfg.o(.rodata.num_frame_have_esignal)
    product_id                               0x0000c7cc   Data           6  lin_cfg.o(.rodata.product_id)
    sys_param_addr_map                       0x0000c7e4   Data           8  store_manager.o(.rodata.sys_param_addr_map)
    Load$$RW_IRAM1$$Base                     0x0000c7f0   Number         0  anon$$obj.o ABSOLUTE
    Image$$RW_IRAM1$$Base                    0x10000000   Number         0  anon$$obj.o ABSOLUTE
    flash_driver                             0x10000000   Data          66  tcae10_ll_flash.o(.ARM.__at_0x10000000)
    SysTick_Handler                          0x10000045   Thumb Code    72  tc_port.o(RAMCODE)
    SiGetTimeMs                              0x1000008c   Data           4  si_core.o(.data)
    SystemCoreClock                          0x10000090   Data           4  system_tcae10.o(.data.SystemCoreClock)
    TcSystick                                0x10000094   Data           4  tc_port.o(.data.TcSystick)
    current_touch_trigadc                    0x10000138   Data           4  touch_halnode.o(.data.current_touch_trigadc)
    g_pfFLASH_DRV_EraseSector                0x1000017c   Data           4  tcae10_ll_flash.o(.data.g_pfFLASH_DRV_EraseSector)
    g_sys_cfgs                               0x10000180   Data          20  store_manager.o(.data.g_sys_cfgs)
    g_tpfFLASH_DRV_Program                   0x10000194   Data           4  tcae10_ll_flash.o(.data.g_tpfFLASH_DRV_Program)
    lin_configuration_RAM                    0x10000198   Data           9  lin_cfg.o(.data.lin_configuration_RAM)
    lin_configuration_ROM                    0x100001a2   Data          18  lin_cfg.o(.data.lin_configuration_ROM)
    lin_configured_NAD                       0x100001b4   Data           1  lin_cfg.o(.data.lin_configured_NAD)
    lin_flag_handle_tbl                      0x100001b5   Data          10  lin_cfg.o(.data.lin_flag_handle_tbl)
    lin_initial_NAD                          0x100001bf   Data           1  lin_cfg.o(.data.lin_initial_NAD)
    lin_pFrameBuf                            0x100001c0   Data          40  lin_cfg.o(.data.lin_pFrameBuf)
    lin_response_error_bit_offset            0x100001e8   Data           1  lin_cfg.o(.data.lin_response_error_bit_offset)
    lin_response_error_byte_offset           0x100001ea   Data           2  lin_cfg.o(.data.lin_response_error_byte_offset)
    lin_tl_rx_queue                          0x100001ec   Data          16  lin_cfg.o(.data.lin_tl_rx_queue)
    lin_tl_tx_queue                          0x100001fc   Data          16  lin_cfg.o(.data.lin_tl_tx_queue)
    session_mode                             0x10000219   Data           1  custom_diagnosticiii.o(.data.session_mode)
    tl_service_status                        0x1000021b   Data           1  lin_cfg.o(.data.tl_service_status)
    Image$$RW_IRAM1$$ZI$$Base                0x10000220   Number         0  anon$$obj.o ABSOLUTE
    LI0_response_error_signal                0x10000225   Data           1  lin_cfg.o(.bss.LI0_response_error_signal)
    buffer_backup_data                       0x10000324   Data           8  lin_cfg.o(.bss.buffer_backup_data)
    currentTask                              0x10000330   Data           4  tc.o(.bss.currentTask)
    current_touch_node                       0x10000338   Data           4  touch_halnode.o(.bss.current_touch_node)
    diagRxSize                               0x1000033c   Data           1  custom_diagnosticiii.o(.bss.diagRxSize)
    diagnosticRxBuffer                       0x10000340   Data          20  custom_diagnosticiii.o(.bss.diagnosticRxBuffer)
    diagnosticTxBuffer                       0x10000354   Data          66  custom_diagnosticiii.o(.bss.diagnosticTxBuffer)
    diagnostic_session_cnt                   0x10000398   Data           4  custom_diagnosticiii.o(.bss.diagnostic_session_cnt)
    door_cmd                                 0x100003a0   Data           4  lin_frame.o(.bss.door_cmd)
    door_st                                  0x100003a4   Data          10  lin_frame.o(.bss.door_st)
    frame_index                              0x100003c2   Data           1  lin_common_proto.o(.bss.frame_index)
    g_TcSystickIntCnt                        0x100003c8   Data           4  tc_port.o(.bss.g_TcSystickIntCnt)
    g_bUDSDataDumpFlag                       0x100003cc   Data           1  diagnosticiii.o(.bss.g_bUDSDataDumpFlag)
    g_config_word_state                      0x100003cd   Data           1  custom_diagnosticiii.o(.bss.g_config_word_state)
    g_dfu_info                               0x100003d0   Data          20  custom_diagnosticiii.o(.bss.g_dfu_info)
    g_ota_info                               0x100003e4   Data           3  custom_diagnosticiii.o(.bss.g_ota_info)
    g_user_info                              0x100003e8   Data           2  custom_diagnosticiii.o(.bss.g_user_info)
    idle_timeout_cnt                         0x10000400   Data           2  lin_process.o(.bss.idle_timeout_cnt)
    lin_cfg                                  0x10000760   Data          16  lin_process.o(.bss.lin_cfg)
    lin_diag_services_flag                   0x10000770   Data          27  lin_cfg.o(.bss.lin_diag_services_flag)
    lin_error                                0x1000078b   Data           1  lin_process.o(.bss.lin_error)
    lin_error_in_response                    0x1000078c   Data           1  lin_cfg.o(.bss.lin_error_in_response)
    lin_frame_flag_tbl                       0x1000078d   Data           7  lin_cfg.o(.bss.lin_frame_flag_tbl)
    lin_frame_updating_flag_tbl              0x10000794   Data           7  lin_cfg.o(.bss.lin_frame_updating_flag_tbl)
    lin_goto_sleep_flg                       0x1000079b   Data           1  lin_cfg.o(.bss.lin_goto_sleep_flg)
    lin_lld_response_buffer                  0x1000079c   Data          10  lin_cfg.o(.bss.lin_lld_response_buffer)
    lin_save_configuration_flg               0x100007a8   Data           1  lin_cfg.o(.bss.lin_save_configuration_flg)
    lin_successful_transfer                  0x100007a9   Data           1  lin_cfg.o(.bss.lin_successful_transfer)
    lin_word_status                          0x100007aa   Data           2  lin_cfg.o(.bss.lin_word_status)
    lock_failed_cnt                          0x100007ac   Data           2  custom_diagnosticiii.o(.bss.lock_failed_cnt)
    negResponseCode                          0x100007ae   Data           1  custom_diagnosticiii.o(.bss.negResponseCode)
    program_condition_check                  0x10000848   Data           1  custom_diagnosticiii.o(.bss.program_condition_check)
    response_error                           0x10000858   Data           1  lin_cfg.o(.bss.response_error)
    systickCallback                          0x10000868   Data           8  tc_port.o(.bss.systickCallback)
    tl_check_timeout                         0x10000974   Data           2  lin_cfg.o(.bss.tl_check_timeout)
    tl_check_timeout_type                    0x10000976   Data           1  lin_cfg.o(.bss.tl_check_timeout_type)
    tl_diag_state                            0x10000977   Data           1  lin_cfg.o(.bss.tl_diag_state)
    tl_frame_counter                         0x10000978   Data           1  lin_cfg.o(.bss.tl_frame_counter)
    tl_last_RSID                             0x10000979   Data           1  lin_cfg.o(.bss.tl_last_RSID)
    tl_last_cfg_result                       0x1000097a   Data           1  lin_cfg.o(.bss.tl_last_cfg_result)
    tl_ld_error_code                         0x1000097b   Data           1  lin_cfg.o(.bss.tl_ld_error_code)
    tl_no_of_pdu                             0x1000097c   Data           1  lin_cfg.o(.bss.tl_no_of_pdu)
    tl_receive_msg_status                    0x1000097d   Data           1  lin_cfg.o(.bss.tl_receive_msg_status)
    tl_rx_msg_index                          0x1000097e   Data           2  lin_cfg.o(.bss.tl_rx_msg_index)
    tl_rx_msg_size                           0x10000980   Data           2  lin_cfg.o(.bss.tl_rx_msg_size)
    tl_rx_msg_status                         0x10000982   Data           1  lin_cfg.o(.bss.tl_rx_msg_status)
    tl_rx_queue_data                         0x10000983   Data         160  lin_cfg.o(.bss.tl_rx_queue_data)
    tl_slaveresp_cnt                         0x10000a23   Data           1  lin_cfg.o(.bss.tl_slaveresp_cnt)
    tl_tx_msg_index                          0x10000a24   Data           2  lin_cfg.o(.bss.tl_tx_msg_index)
    tl_tx_msg_size                           0x10000a26   Data           2  lin_cfg.o(.bss.tl_tx_msg_size)
    tl_tx_msg_status                         0x10000a28   Data           1  lin_cfg.o(.bss.tl_tx_msg_status)
    tl_tx_queue_data                         0x10000a29   Data         160  lin_cfg.o(.bss.tl_tx_queue_data)
    touchAlgoObject                          0x10000acc   Data          32  touch_haldispatch.o(.bss.touchAlgoObject)
    touchDispatch                            0x10000aec   Data           4  si_touch_port.o(.bss.touchDispatch)
    touchHaltMonitorCnt                      0x10000af0   Data           2  touch_haldispatch.o(.bss.touchHaltMonitorCnt)
    touchHaltRtcTrigFlag                     0x10000af2   Data           1  tc_halt.o(.bss.touchHaltRtcTrigFlag)
    touchTaskHandle                          0x10000af4   Data           4  si_touch_port.o(.bss.touchTaskHandle)
    unlock_failed_store_flag                 0x10000af8   Data           1  custom_diagnosticiii.o(.bss.unlock_failed_store_flag)
    Image$$RW_IRAM1$$ZI$$Limit               0x10000e00   Number         0  anon$$obj.o ABSOLUTE
    __initial_sp                             0x10000e00   Data           0  startup_tcae10.o(STACK)



==============================================================================

Memory Map of the image

  Image Entry point : 0x000041c1

  Load Region LR_IROM1 (Base: 0x00004100, Size: 0x00008910, Max: 0x0000b800, ABSOLUTE)

    Execution Region ER_IROM1 (Exec base: 0x00004100, Load base: 0x00004100, Size: 0x000086ec, Max: 0x0000b800, ABSOLUTE)

    Exec Addr    Load Addr    Size         Type   Attr      Idx    E Section Name        Object

    0x00004100   0x00004100   0x000000c0   Data   RO            3    RESET               startup_tcae10.o
    0x000041c0   0x000041c0   0x00000050   Code   RO            4  * .text               startup_tcae10.o
    0x00004210   0x00004210   0x0000002c   Code   RO         2808    .text               mc_p.l(uidiv.o)
    0x0000423c   0x0000423c   0x00000028   Code   RO         2810    .text               mc_p.l(idiv.o)
    0x00004264   0x00004264   0x00000024   Code   RO         2816    .text               mc_p.l(memcpya.o)
    0x00004288   0x00004288   0x00000024   Code   RO         2818    .text               mc_p.l(memseta.o)
    0x000042ac   0x000042ac   0x000000b2   Code   RO         2822    .text               mf_p.l(fadd.o)
    0x0000435e   0x0000435e   0x0000007a   Code   RO         2824    .text               mf_p.l(fmul.o)
    0x000043d8   0x000043d8   0x0000007c   Code   RO         2826    .text               mf_p.l(fdiv.o)
    0x00004454   0x00004454   0x00000016   Code   RO         2834    .text               mf_p.l(fflti.o)
    0x0000446a   0x0000446a   0x0000000e   Code   RO         2836    .text               mf_p.l(ffltui.o)
    0x00004478   0x00004478   0x00000032   Code   RO         2840    .text               mf_p.l(ffixi.o)
    0x000044aa   0x000044aa   0x00000002   PAD
    0x000044ac   0x000044ac   0x00000014   Code   RO         2848    .text               mf_p.l(cfrcmple.o)
    0x000044c0   0x000044c0   0x00000000   Code   RO         2856    .text               mc_p.l(iusefp.o)
    0x000044c0   0x000044c0   0x00000082   Code   RO         2857    .text               mf_p.l(fepilogue.o)
    0x00004542   0x00004542   0x00000002   PAD
    0x00004544   0x00004544   0x00000028   Code   RO          273    .text.ADC_IRQHandler  tcae10_ll_adc.o
    0x0000456c   0x0000456c   0x00000034   Code   RO          918    .text.AON_IRQHandler  lin_task.o
    0x000045a0   0x000045a0   0x0000007c   Code   RO          562    .text.AppTask       app.o
    0x0000461c   0x0000461c   0x0000000c   Code   RO          731    .text.App_LinControlMsg  lin_frame.o
    0x00004628   0x00004628   0x000000bc   Code   RO          729    .text.App_LinReceiveDoorState  lin_frame.o
    0x000046e4   0x000046e4   0x00000304   Code   RO          727    .text.App_LinSendDoorState  lin_frame.o
    0x000049e8   0x000049e8   0x00000018   Code   RO          301    .text.CapTouch_Enable  tcae10_ll_captouch.o
    0x00004a00   0x00004a00   0x0000005c   Code   RO          305    .text.CapTouch_Hopping  tcae10_ll_captouch.o
    0x00004a5c   0x00004a5c   0x00000010   Code   RO          295    .text.CapTouch_InterruptEnable  tcae10_ll_captouch.o
    0x00004a6c   0x00004a6c   0x000000e4   Code   RO           21    .text.CopyAnalogTrimValue  system_tcae10.o
    0x00004b50   0x00004b50   0x00000024   Code   RO           11    .text.CopyDataRWtoImage  system_tcae10.o
    0x00004b74   0x00004b74   0x00000002   Code   RO          605    .text.DoorCtrlNoiseDetectVarianceStatusChanged  touch_config.o
    0x00004b76   0x00004b76   0x00000002   PAD
    0x00004b78   0x00004b78   0x00000078   Code   RO          560    .text.DoorGpioInit  app.o
    0x00004bf0   0x00004bf0   0x00000028   Code   RO          416    .text.EnableNvic    tcae10_ll_cortex.o
    0x00004c18   0x00004c18   0x00000024   Code   RO          539    .text.FLASH_IRQHandler  tcae10_ll_flash.o
    0x00004c3c   0x00004c3c   0x00000020   Code   RO          828    .text.HaltFilterWakeupRegister  tc_halt.o
    0x00004c5c   0x00004c5c   0x00000020   Code   RO          838    .text.HaltMonitorRegister  tc_halt.o
    0x00004c7c   0x00004c7c   0x00000014   Code   RO          836    .text.HaltTimeoutReset  tc_halt.o
    0x00004c90   0x00004c90   0x00000004   Code   RO          414    .text.HardFault_Handler  tcae10_ll_cortex.o
    0x00004c94   0x00004c94   0x00000002   Code   RO          583    .text.IOtouchKeyArbiterHook1  touch_config.o
    0x00004c96   0x00004c96   0x00000002   Code   RO          587    .text.IOtouchKeyArbiterHook2  touch_config.o
    0x00004c98   0x00004c98   0x0000003c   Code   RO          607    .text.IOtouchKeyValueChanged  touch_config.o
    0x00004cd4   0x00004cd4   0x0000000a   Code   RO          581    .text.IOtouchKeyValueChanged1  touch_config.o
    0x00004cde   0x00004cde   0x0000000a   Code   RO          585    .text.IOtouchKeyValueChanged2  touch_config.o
    0x00004ce8   0x00004ce8   0x00000070   Code   RO          794    .text.LinDiagnosticSessionCheck  custom_diagnosticiii.o
    0x00004d58   0x00004d58   0x00000014   Code   RO          920    .text.LinHaltFilterWakeupCallback  lin_task.o
    0x00004d6c   0x00004d6c   0x0000001c   Code   RO          922    .text.LinHaltMonitorCallback  lin_task.o
    0x00004d88   0x00004d88   0x00000020   Code   RO          902    .text.LinInit       lin_task.o
    0x00004da8   0x00004da8   0x0000014c   Code   RO          904    .text.LinTask       lin_task.o
    0x00004ef4   0x00004ef4   0x00000002   Code   RO          916    .text.LvdIRQHandler  lin_task.o
    0x00004ef6   0x00004ef6   0x00000004   Code   RO          410    .text.NMI_Handler   tcae10_ll_cortex.o
    0x00004efa   0x00004efa   0x00000002   Code   RO          579    .text.NoiseDetectVarianceHook  touch_config.o
    0x00004efc   0x00004efc   0x0000002c   Code   RO          501    .text.SCI_IRQHandler  tcae10_ll_sci.o
    0x00004f28   0x00004f28   0x0000001c   Code   RO          556    .text.SetHwSwVersion  app.o
    0x00004f44   0x00004f44   0x0000000a   Code   RO         1136    .text.SiRightShift  touch_haldispatch.o
    0x00004f4e   0x00004f4e   0x00000002   PAD
    0x00004f50   0x00004f50   0x00000018   Code   RO          796    .text.SysDoFlashRoutine27Service  custom_diagnosticiii.o
    0x00004f68   0x00004f68   0x00000020   Code   RO         1265    .text.SysTick_Config  tc_port.o
    0x00004f88   0x00004f88   0x0000002c   Code   RO           23    .text.SystemAnlogTrim  system_tcae10.o
    0x00004fb4   0x00004fb4   0x00000010   Code   RO           19    .text.SystemCoreClockUpdate  system_tcae10.o
    0x00004fc4   0x00004fc4   0x00000008   Code   RO           13    .text.SystemGetHClkFreq  system_tcae10.o
    0x00004fcc   0x00004fcc   0x00000048   Code   RO           27    .text.SystemInit    system_tcae10.o
    0x00005014   0x00005014   0x00000058   Code   RO           25    .text.System_HclkConfig  system_tcae10.o
    0x0000506c   0x0000506c   0x00000064   Code   RO          846    .text.TIMER_IRQHandler  tc_halt.o
    0x000050d0   0x000050d0   0x00000064   Code   RO         1062    .text.TOUCH_IRQHandler  si_touch_port.o
    0x00005134   0x00005134   0x00000040   Code   RO          558    .text.TcMain        app.o
    0x00005174   0x00005174   0x0000001c   Code   RO         1247    .text.TcPortInit    tc_port.o
    0x00005190   0x00005190   0x00000028   Code   RO         1251    .text.TcSystickCallbackRegister  tc_port.o
    0x000051b8   0x000051b8   0x00000008   Code   RO         1212    .text.TcTaskClrMsg  tc.o
    0x000051c0   0x000051c0   0x00000044   Code   RO         1208    .text.TcTaskCreate  tc.o
    0x00005204   0x00005204   0x000000a0   Code   RO         1220    .text.TcTaskExec    tc.o
    0x000052a4   0x000052a4   0x0000001e   Code   RO         1210    .text.TcTaskSendMsg  tc.o
    0x000052c2   0x000052c2   0x00000002   PAD
    0x000052c4   0x000052c4   0x00000008   Code   RO         1232    .text.TcTimerCntReset  tc.o
    0x000052cc   0x000052cc   0x0000002c   Code   RO         1224    .text.TcTimerCreate  tc.o
    0x000052f8   0x000052f8   0x00000080   Code   RO         1222    .text.TcTimerExec   tc.o
    0x00005378   0x00005378   0x0000000c   Code   RO         1226    .text.TcTimerStart  tc.o
    0x00005384   0x00005384   0x00000010   Code   RO         1253    .text.TcTimerTickHandler  tc_port.o
    0x00005394   0x00005394   0x00000018   Code   RO         1249    .text.TcTimerTickInit  tc_port.o
    0x000053ac   0x000053ac   0x00000210   Code   RO          577    .text.TouchConfig   touch_config.o
    0x000055bc   0x000055bc   0x00000008   Code   RO         1056    .text.TouchEnableSamp  si_touch_port.o
    0x000055c4   0x000055c4   0x00000028   Code   RO          591    .text.TouchEnterHaltHook  touch_config.o
    0x000055ec   0x000055ec   0x0000000c   Code   RO         1091    .text.TouchGetTime  touch_tool.o
    0x000055f8   0x000055f8   0x00000030   Code   RO         1046    .text.TouchHaltFilterWakeupCallback  si_touch_port.o
    0x00005628   0x00005628   0x00000002   Code   RO          595    .text.TouchHaltLockLpSiObject  touch_config.o
    0x0000562a   0x0000562a   0x00000002   PAD
    0x0000562c   0x0000562c   0x00000020   Code   RO          599    .text.TouchHaltLockSiObject  touch_config.o
    0x0000564c   0x0000564c   0x00000030   Code   RO         1066    .text.TouchHaltMonitorCallback  si_touch_port.o
    0x0000567c   0x0000567c   0x00000002   Code   RO          597    .text.TouchHaltUnlockLpSiObject  touch_config.o
    0x0000567e   0x0000567e   0x00000002   PAD
    0x00005680   0x00005680   0x0000002c   Code   RO          601    .text.TouchHaltUnlockSiObject  touch_config.o
    0x000056ac   0x000056ac   0x0000004c   Code   RO         1042    .text.TouchInit     si_touch_port.o
    0x000056f8   0x000056f8   0x00000028   Code   RO          564    .text.TouchKeyCallback  app.o
    0x00005720   0x00005720   0x000000a8   Code   RO         1089    .text.TouchRtcTrigConfig  touch_tool.o
    0x000057c8   0x000057c8   0x000000e4   Code   RO         1044    .text.TouchTask     si_touch_port.o
    0x000058ac   0x000058ac   0x00000038   Code   RO          593    .text.TouchWakeupHook  touch_config.o
    0x000058e4   0x000058e4   0x00000058   Code   RO         1009    .text.Touch_HalChargeCreate  touch_halnode.o
    0x0000593c   0x0000593c   0x00000090   Code   RO         1110    .text.Touch_HalDispatchOnlyTouchCreate  touch_haldispatch.o
    0x000059cc   0x000059cc   0x00000004   Code   RO         1007    .text.Touch_HalInterface_SetReady  touch_halnode.o
    0x000059d0   0x000059d0   0x00000058   Code   RO         1083    .text.Touch_IOConfig  touch_tool.o
    0x00005a28   0x00005a28   0x00000028   Code   RO         1085    .text.Touch_IOEnable  touch_tool.o
    0x00005a50   0x00005a50   0x00000028   Code   RO         1087    .text.Touch_Reset   touch_tool.o
    0x00005a78   0x00005a78   0x0000002c   Code   RO          503    .text.UART_IRQHandler  tcae10_ll_sci.o
    0x00005aa4   0x00005aa4   0x00000070   Code   RO          883    .text.WdgInit       misc.o
    0x00005b14   0x00005b14   0x00000014   Code   RO          420    .text.__NVIC_ClearPendingIRQ  tcae10_ll_cortex.o
    0x00005b28   0x00005b28   0x00000018   Code   RO          443    .text.__NVIC_ClearPendingIRQ  tcae10_ll_sci.o
    0x00005b40   0x00005b40   0x00000010   Code   RO          326    .text.__NVIC_DisableIRQ  tcae10_ll_timer.o
    0x00005b50   0x00005b50   0x0000001c   Code   RO          418    .text.__NVIC_DisableIRQ  tcae10_ll_cortex.o
    0x00005b6c   0x00005b6c   0x00000020   Code   RO          445    .text.__NVIC_DisableIRQ  tcae10_ll_sci.o
    0x00005b8c   0x00005b8c   0x00000014   Code   RO          424    .text.__NVIC_EnableIRQ  tcae10_ll_cortex.o
    0x00005ba0   0x00005ba0   0x00000018   Code   RO          467    .text.__NVIC_EnableIRQ  tcae10_ll_sci.o
    0x00005bb8   0x00005bb8   0x00000038   Code   RO          422    .text.__NVIC_SetPriority  tcae10_ll_cortex.o
    0x00005bf0   0x00005bf0   0x00000040   Code   RO          471    .text.__NVIC_SetPriority  tcae10_ll_sci.o
    0x00005c30   0x00005c30   0x00000018   Code   RO         1267    .text.__NVIC_SetPriority  tc_port.o
    0x00005c48   0x00005c48   0x00000014   Code   RO          412    .text.__NVIC_SystemReset  tcae10_ll_cortex.o
    0x00005c5c   0x00005c5c   0x0000001c   Code   RO          752    .text.__NVIC_SystemReset  custom_diagnosticiii.o
    0x00005c78   0x00005c78   0x00000010   Code   RO         1027    .text.adc_get_data  touch_halnode.o
    0x00005c88   0x00005c88   0x00000064   Code   RO          990    .text.bit_invert_swap_func  utilities.o
    0x00005cec   0x00005cec   0x0000003c   Code   RO         1154    .text.calc_can_remove_residues  touch_haldispatch.o
    0x00005d28   0x00005d28   0x00000018   Code   RO         1166    .text.calc_can_scan_mask  touch_haldispatch.o
    0x00005d40   0x00005d40   0x00000048   Code   RO         1144    .text.calc_center_filter  touch_haldispatch.o
    0x00005d88   0x00005d88   0x0000006e   Code   RO         1116    .text.center_filter_reset  touch_haldispatch.o
    0x00005df6   0x00005df6   0x00000002   PAD
    0x00005df8   0x00005df8   0x00000048   Code   RO          992    .text.crc16_calculate_func  utilities.o
    0x00005e40   0x00005e40   0x00000054   Code   RO          140    .text.delay1ms      tcae10_ll_delay.o
    0x00005e94   0x00005e94   0x0000000c   Code   RO         1138    .text.delay_clock   touch_haldispatch.o
    0x00005ea0   0x00005ea0   0x00000050   Code   RO         1112    .text.double_samp_reset  touch_haldispatch.o
    0x00005ef0   0x00005ef0   0x0000001c   Code   RO          780    .text.enable_swd    custom_diagnosticiii.o
    0x00005f0c   0x00005f0c   0x00000044   Code   RO         1448    .text.fast_nad_write  sid_0xb0.o
    0x00005f50   0x00005f50   0x00000058   Code   RO          750    .text.gsysinfo_save  custom_diagnosticiii.o
    0x00005fa8   0x00005fa8   0x0000004c   Code   RO          776    .text.guserinfo_save  custom_diagnosticiii.o
    0x00005ff4   0x00005ff4   0x00000008   Code   RO         2618    .text.l_ifc_init    linlib_seres.lib(lin_common_api.o)
    0x00005ffc   0x00005ffc   0x0000000a   Code   RO         2616    .text.l_sys_init    linlib_seres.lib(lin_common_api.o)
    0x00006006   0x00006006   0x00000002   PAD
    0x00006008   0x00006008   0x0000000c   Code   RO         2596    .text.ld_get_raw    linlib_seres.lib(lin_commontl_api.o)
    0x00006014   0x00006014   0x00000084   Code   RO         2592    .text.ld_init       linlib_seres.lib(lin_commontl_api.o)
    0x00006098   0x00006098   0x00000014   Code   RO         2594    .text.ld_put_raw    linlib_seres.lib(lin_commontl_api.o)
    0x000060ac   0x000060ac   0x00000020   Code   RO          667    .text.ld_read_by_id_callout  lin_cfg.o
    0x000060cc   0x000060cc   0x000000e4   Code   RO         2604    .text.ld_receive_message  linlib_seres.lib(lin_commontl_api.o)
    0x000061b0   0x000061b0   0x00000184   Code   RO         2602    .text.ld_send_message  linlib_seres.lib(lin_commontl_api.o)
    0x00006334   0x00006334   0x0000000c   Code   RO         2606    .text.ld_tx_status  linlib_seres.lib(lin_commontl_api.o)
    0x00006340   0x00006340   0x0000000c   Code   RO         2644    .text.lin_bus_activity_timeout  linlib_seres.lib(lin_common_proto.o)
    0x0000634c   0x0000634c   0x0000002c   Code   RO         2584    .text.lin_checksum  linlib_seres.lib(lin.o)
    0x00006378   0x00006378   0x0000000c   Code   RO         1293    .text.lin_current_rcvd_nad  diagnosticiii.o
    0x00006384   0x00006384   0x00000024   Code   RO          784    .text.lin_custom_diag_service_handle  custom_diagnosticiii.o
    0x000063a8   0x000063a8   0x00000038   Code   RO          792    .text.lin_customized_operation  custom_diagnosticiii.o
    0x000063e0   0x000063e0   0x00000080   Code   RO         1513    .text.lin_diag_assign_frame_id_range  sid_0xb7.o
    0x00006460   0x00006460   0x0000011c   Code   RO         1459    .text.lin_diag_assign_frame_identifier  sid_0xb1.o
    0x0000657c   0x0000657c   0x00000058   Code   RO         1480    .text.lin_diag_conditional_change_nad  sid_0xb3.o
    0x000065d4   0x000065d4   0x00000002   Code   RO         1437    .text.lin_diag_get_traceability_msg  sid_0x32.o
    0x000065d6   0x000065d6   0x0000000e   Code   RO         1404    .text.lin_diag_io_control_by_identifier  sid_0x2f.o
    0x000065e4   0x000065e4   0x0000001a   Code   RO         1291    .text.lin_diag_negative_notify  diagnosticiii.o
    0x000065fe   0x000065fe   0x00000028   Code   RO         1289    .text.lin_diag_positive_notify  diagnosticiii.o
    0x00006626   0x00006626   0x00000002   PAD
    0x00006628   0x00006628   0x00000038   Code   RO         1503    .text.lin_diag_save_configuration  sid_0xb6.o
    0x00006660   0x00006660   0x000000d4   Code   RO         1281    .text.lin_diag_service_handle  diagnosticiii.o
    0x00006734   0x00006734   0x00000008   Code   RO          788    .text.lin_diag_service_hook  custom_diagnosticiii.o
    0x0000673c   0x0000673c   0x00000094   Code   RO         1446    .text.lin_diagservice_assign_nad  sid_0xb0.o
    0x000067d0   0x000067d0   0x00000114   Code   RO          786    .text.lin_diagservice_read_by_identifier  custom_diagnosticiii.o
    0x000068e4   0x000068e4   0x00000020   Code   RO         2648    .text.lin_get_frame_index  linlib_seres.lib(lin_common_proto.o)
    0x00006904   0x00006904   0x0000002c   Code   RO         1322    .text.lin_goto_idle_state  lin_process.o
    0x00006930   0x00006930   0x00000098   Code   RO         2646    .text.lin_handle_error  linlib_seres.lib(lin_common_proto.o)
    0x000069c8   0x000069c8   0x000001dc   Code   RO          782    .text.lin_handle_uds  custom_diagnosticiii.o
    0x00006ba4   0x00006ba4   0x00000018   Code   RO         1312    .text.lin_init_sci  lin_process.o
    0x00006bbc   0x00006bbc   0x00000008   Code   RO         2574    .text.lin_lld_ignore_response  linlib_seres.lib(lin.o)
    0x00006bc4   0x00006bc4   0x0000000e   Code   RO         2560    .text.lin_lld_init  linlib_seres.lib(lin.o)
    0x00006bd2   0x00006bd2   0x00000002   PAD
    0x00006bd4   0x00006bd4   0x00000280   Code   RO         1314    .text.lin_lld_isr_callback  lin_process.o
    0x00006e54   0x00006e54   0x0000000a   Code   RO         2580    .text.lin_lld_rx_response  linlib_seres.lib(lin.o)
    0x00006e5e   0x00006e5e   0x00000002   PAD
    0x00006e60   0x00006e60   0x00000008   Code   RO         1336    .text.lin_lld_sci_get_state  lin_process.o
    0x00006e68   0x00006e68   0x00000008   Code   RO         1326    .text.lin_lld_sci_ignore_response  lin_process.o
    0x00006e70   0x00006e70   0x00000018   Code   RO         1344    .text.lin_lld_sci_init  lin_process.o
    0x00006e88   0x00006e88   0x0000000c   Code   RO         1352    .text.lin_lld_sci_rcv_break_cnt  lin_process.o
    0x00006e94   0x00006e94   0x00000030   Code   RO         1330    .text.lin_lld_sci_rx_response  lin_process.o
    0x00006ec4   0x00006ec4   0x00000018   Code   RO         1328    .text.lin_lld_sci_set_low_power_mode  lin_process.o
    0x00006edc   0x00006edc   0x00000110   Code   RO         1338    .text.lin_lld_sci_timeout  lin_process.o
    0x00006fec   0x00006fec   0x00000048   Code   RO         1332    .text.lin_lld_sci_tx_response  lin_process.o
    0x00007034   0x00007034   0x00000008   Code   RO         2576    .text.lin_lld_set_low_power_mode  linlib_seres.lib(lin.o)
    0x0000703c   0x0000703c   0x0000001c   Code   RO         2578    .text.lin_lld_set_response  linlib_seres.lib(lin.o)
    0x00007058   0x00007058   0x0000000c   Code   RO         1348    .text.lin_lld_slave_wakeup  lin_process.o
    0x00007064   0x00007064   0x00000002   Code   RO         1346    .text.lin_lld_timer_TCPL_init  lin_process.o
    0x00007066   0x00007066   0x00000008   Code   RO         2586    .text.lin_lld_timer_init  linlib_seres.lib(lin.o)
    0x0000706e   0x0000706e   0x00000002   PAD
    0x00007070   0x00007070   0x00000020   Code   RO         2803    .text.lin_make_res_evnt_frame  linlib_seres.lib(lin_lin21_proto.o)
    0x00007090   0x00007090   0x00000028   Code   RO         1310    .text.lin_param_init  lin_process.o
    0x000070b8   0x000070b8   0x0000005a   Code   RO         2636    .text.lin_pid_response_callback_handler  linlib_seres.lib(lin_common_proto.o)
    0x00007112   0x00007112   0x00000002   Code   RO         1308    .text.lin_process_break_handle  lin_process.o
    0x00007114   0x00007114   0x00000010   Code   RO         1350    .text.lin_process_init  lin_process.o
    0x00007124   0x00007124   0x00000046   Code   RO         2582    .text.lin_process_parity  linlib_seres.lib(lin.o)
    0x0000716a   0x0000716a   0x00000002   PAD
    0x0000716c   0x0000716c   0x000000c8   Code   RO         2638    .text.lin_process_pid  linlib_seres.lib(lin_common_proto.o)
    0x00007234   0x00007234   0x00000074   Code   RO         2650    .text.lin_process_uncd_frame  linlib_seres.lib(lin_common_proto.o)
    0x000072a8   0x000072a8   0x00000002   Code   RO         1306    .text.lin_sci_baudrate_update  lin_process.o
    0x000072aa   0x000072aa   0x00000002   PAD
    0x000072ac   0x000072ac   0x0000007c   Code   RO         2793    .text.lin_tl_attach_service  linlib_seres.lib(lin_commontl_proto.o)
    0x00007328   0x00007328   0x00000028   Code   RO         2787    .text.lin_tl_get_pdu  linlib_seres.lib(lin_commontl_proto.o)
    0x00007350   0x00007350   0x00000214   Code   RO         2791    .text.lin_tl_handler  linlib_seres.lib(lin_commontl_proto.o)
    0x00007564   0x00007564   0x00000190   Code   RO         2785    .text.lin_tl_make_slaveres_pdu  linlib_seres.lib(lin_commontl_proto.o)
    0x000076f4   0x000076f4   0x00000002   Code   RO          914    .text.lin_uncd_frame_handle  lin_task.o
    0x000076f6   0x000076f6   0x00000002   PAD
    0x000076f8   0x000076f8   0x00000050   Code   RO         2801    .text.lin_update_err_signal  linlib_seres.lib(lin_lin21_proto.o)
    0x00007748   0x00007748   0x00000054   Code   RO         2642    .text.lin_update_rx  linlib_seres.lib(lin_common_proto.o)
    0x0000779c   0x0000779c   0x00000020   Code   RO         2654    .text.lin_update_rx_diag_frame  linlib_seres.lib(lin_common_proto.o)
    0x000077bc   0x000077bc   0x000000a0   Code   RO         2640    .text.lin_update_tx  linlib_seres.lib(lin_common_proto.o)
    0x0000785c   0x0000785c   0x00000060   Code   RO         2656    .text.lin_update_tx_flags  linlib_seres.lib(lin_common_proto.o)
    0x000078bc   0x000078bc   0x0000005c   Code   RO         2799    .text.lin_update_word_status_lin21  linlib_seres.lib(lin_lin21_proto.o)
    0x00007918   0x00007918   0x00000014   Code   RO          521    .text.ll_flash_addr_valid_check  tcae10_ll_flash.o
    0x0000792c   0x0000792c   0x00000068   Code   RO          519    .text.ll_flash_erase  tcae10_ll_flash.o
    0x00007994   0x00007994   0x00000054   Code   RO          523    .text.ll_flash_erase_reg_drv  tcae10_ll_flash.o
    0x000079e8   0x000079e8   0x0000002c   Code   RO          525    .text.ll_flash_read  tcae10_ll_flash.o
    0x00007a14   0x00007a14   0x000000a2   Code   RO          527    .text.ll_flash_read_reg  tcae10_ll_flash.o
    0x00007ab6   0x00007ab6   0x00000006   Code   RO          541    .text.ll_flash_sector_get  tcae10_ll_flash.o
    0x00007abc   0x00007abc   0x00000080   Code   RO          529    .text.ll_flash_write  tcae10_ll_flash.o
    0x00007b3c   0x00007b3c   0x00000108   Code   RO          531    .text.ll_flash_write_reg_drv  tcae10_ll_flash.o
    0x00007c44   0x00007c44   0x00000020   Code   RO           84    .text.ll_gpio_afio_config  tcae10_ll_gpio.o
    0x00007c64   0x00007c64   0x00000034   Code   RO           68    .text.ll_gpio_clk_config  tcae10_ll_gpio.o
    0x00007c98   0x00007c98   0x000000b0   Code   RO           66    .text.ll_gpio_init  tcae10_ll_gpio.o
    0x00007d48   0x00007d48   0x000000ac   Code   RO           70    .text.ll_gpio_isr_config  tcae10_ll_gpio.o
    0x00007df4   0x00007df4   0x00000030   Code   RO           74    .text.ll_gpio_output  tcae10_ll_gpio.o
    0x00007e24   0x00007e24   0x00000028   Code   RO          489    .text.ll_lin_auto_baudrate_read  tcae10_ll_sci.o
    0x00007e4c   0x00007e4c   0x0000002c   Code   RO          491    .text.ll_lin_baudrate_read  tcae10_ll_sci.o
    0x00007e78   0x00007e78   0x00000030   Code   RO          497    .text.ll_lin_ctrl_brk_tx  tcae10_ll_sci.o
    0x00007ea8   0x00007ea8   0x00000024   Code   RO          493    .text.ll_lin_ctrl_glben  tcae10_ll_sci.o
    0x00007ecc   0x00007ecc   0x00000028   Code   RO          485    .text.ll_lin_pid_read  tcae10_ll_sci.o
    0x00007ef4   0x00007ef4   0x00000030   Code   RO          487    .text.ll_lin_read_byte  tcae10_ll_sci.o
    0x00007f24   0x00007f24   0x00000038   Code   RO          481    .text.ll_lin_receive  tcae10_ll_sci.o
    0x00007f5c   0x00007f5c   0x00000028   Code   RO          449    .text.ll_lin_rx_delay_set  tcae10_ll_sci.o
    0x00007f84   0x00007f84   0x000000bc   Code   RO          479    .text.ll_lin_transmit  tcae10_ll_sci.o
    0x00008040   0x00008040   0x000000ec   Code   RO          459    .text.ll_sci_baudrate_config  tcae10_ll_sci.o
    0x0000812c   0x0000812c   0x00000090   Code   RO          457    .text.ll_sci_clk_config  tcae10_ll_sci.o
    0x000081bc   0x000081bc   0x00000044   Code   RO          461    .text.ll_sci_contrl_config  tcae10_ll_sci.o
    0x00008200   0x00008200   0x00000040   Code   RO          455    .text.ll_sci_gpio_config  tcae10_ll_sci.o
    0x00008240   0x00008240   0x0000008c   Code   RO          453    .text.ll_sci_init   tcae10_ll_sci.o
    0x000082cc   0x000082cc   0x00000058   Code   RO          463    .text.ll_sci_isr_config  tcae10_ll_sci.o
    0x00008324   0x00008324   0x00000034   Code   RO          465    .text.ll_sci_isr_enable  tcae10_ll_sci.o
    0x00008358   0x00008358   0x0000005c   Code   RO          439    .text.ll_sci_state_clear  tcae10_ll_sci.o
    0x000083b4   0x000083b4   0x00000094   Code   RO          475    .text.ll_sci_transmit  tcae10_ll_sci.o
    0x00008448   0x00008448   0x00000020   Code   RO          107    .text.ll_syscfg_isr_enable  tcae10_ll_sys.o
    0x00008468   0x00008468   0x0000000c   Code   RO          111    .text.ll_syscfg_isr_get  tcae10_ll_sys.o
    0x00008474   0x00008474   0x00000028   Code   RO          101    .text.ll_syscfg_remap_config  tcae10_ll_sys.o
    0x0000849c   0x0000849c   0x00000038   Code   RO          322    .text.ll_timer_deinit  tcae10_ll_timer.o
    0x000084d4   0x000084d4   0x00000040   Code   RO          105    .text.ll_wakeup_init  tcae10_ll_sys.o
    0x00008514   0x00008514   0x0000001c   Code   RO          169    .text.ll_wdg_enable  tcae10_ll_wdg.o
    0x00008530   0x00008530   0x00000020   Code   RO          171    .text.ll_wdg_reload  tcae10_ll_wdg.o
    0x00008550   0x00008550   0x00000050   Code   RO         1118    .text.low_pass_reset  touch_haldispatch.o
    0x000085a0   0x000085a0   0x0000008a   Code   RO         1114    .text.noise_avoid_reset  touch_haldispatch.o
    0x0000862a   0x0000862a   0x00000002   PAD
    0x0000862c   0x0000862c   0x000000f4   Code   RO         1168    .text.normal_remove_residues_run  touch_haldispatch.o
    0x00008720   0x00008720   0x0000001a   Code   RO         1557    .text.pal_lin_abort_handle  pal_lin_comm.o
    0x0000873a   0x0000873a   0x00000044   Code   RO         1561    .text.pal_lin_autobaudrate_check  pal_lin_comm.o
    0x0000877e   0x0000877e   0x00000002   PAD
    0x00008780   0x00008780   0x00000038   Code   RO         1543    .text.pal_lin_init  pal_lin_comm.o
    0x000087b8   0x000087b8   0x00000016   Code   RO         1559    .text.pal_lin_read_byte  pal_lin_comm.o
    0x000087ce   0x000087ce   0x00000008   Code   RO         1551    .text.pal_lin_rx_response  pal_lin_comm.o
    0x000087d6   0x000087d6   0x00000008   Code   RO         1553    .text.pal_lin_tx_4byte  pal_lin_comm.o
    0x000087de   0x000087de   0x0000000c   Code   RO         1555    .text.pal_lin_tx_response  pal_lin_comm.o
    0x000087ea   0x000087ea   0x00000002   PAD
    0x000087ec   0x000087ec   0x0000006c   Code   RO          942    .text.pal_store_data_get  pal_store.o
    0x00008858   0x00008858   0x00000030   Code   RO          940    .text.pal_store_data_set  pal_store.o
    0x00008888   0x00008888   0x0000000c   Code   RO          948    .text.pal_store_erase  pal_store.o
    0x00008894   0x00008894   0x0000000c   Code   RO          952    .text.pal_store_read  pal_store.o
    0x000088a0   0x000088a0   0x0000000c   Code   RO          950    .text.pal_store_write  pal_store.o
    0x000088ac   0x000088ac   0x000000ac   Code   RO         1164    .text.recalc_touchdata_insleep  touch_haldispatch.o
    0x00008958   0x00008958   0x0000002c   Code   RO          744    .text.send_negative_response_message  custom_diagnosticiii.o
    0x00008984   0x00008984   0x00000030   Code   RO          746    .text.send_positive_response_message  custom_diagnosticiii.o
    0x000089b4   0x000089b4   0x0000000c   Code   RO         1287    .text.setUDSNAD     diagnosticiii.o
    0x000089c0   0x000089c0   0x00000044   Code   RO         1150    .text.set_all_ioenable  touch_haldispatch.o
    0x00008a04   0x00008a04   0x00000022   Code   RO         1142    .text.set_iodisable_asneed  touch_haldispatch.o
    0x00008a26   0x00008a26   0x00000020   Code   RO         1140    .text.set_ioenable_asneed  touch_haldispatch.o
    0x00008a46   0x00008a46   0x00000044   Code   RO         1152    .text.set_sleep_all_ioenable  touch_haldispatch.o
    0x00008a8a   0x00008a8a   0x00000022   Code   RO         1160    .text.set_sleep_iodisable_asneed  touch_haldispatch.o
    0x00008aac   0x00008aac   0x00000020   Code   RO         1158    .text.set_sleep_ioenable_asneed  touch_haldispatch.o
    0x00008acc   0x00008acc   0x00000144   Code   RO         1156    .text.sleep_remove_residues_run  touch_haldispatch.o
    0x00008c10   0x00008c10   0x00000008   Code   RO         1578    .text.store_manager_init  store_manager.o
    0x00008c18   0x00008c18   0x000000aa   Code   RO         1592    .text.store_slow_smart_read  store_manager.o
    0x00008cc2   0x00008cc2   0x00000002   PAD
    0x00008cc4   0x00008cc4   0x000001bc   Code   RO         1594    .text.store_slow_write  store_manager.o
    0x00008e80   0x00008e80   0x00000034   Code   RO          790    .text.store_system_data_init  custom_diagnosticiii.o
    0x00008eb4   0x00008eb4   0x00000018   Code   RO         1576    .text.store_system_data_set  store_manager.o
    0x00008ecc   0x00008ecc   0x00000028   Code   RO           31    .text.sys_dummy_load_enable  system_tcae10.o
    0x00008ef4   0x00008ef4   0x00000028   Code   RO           15    .text.sys_hclk_freq_get  system_tcae10.o
    0x00008f1c   0x00008f1c   0x00000060   Code   RO           29    .text.sys_pclk_config  system_tcae10.o
    0x00008f7c   0x00008f7c   0x0000001c   Code   RO           17    .text.sys_pclk_freq_get  system_tcae10.o
    0x00008f98   0x00008f98   0x0000005a   Code   RO         2789    .text.tl_get_raw    linlib_seres.lib(lin_commontl_proto.o)
    0x00008ff2   0x00008ff2   0x00000056   Code   RO         2795    .text.tl_put_raw    linlib_seres.lib(lin_commontl_proto.o)
    0x00009048   0x00009048   0x00000020   Code   RO         1029    .text.touch_adcchannel_close  touch_halnode.o
    0x00009068   0x00009068   0x00000020   Code   RO         1023    .text.touch_adcreg_bkup  touch_halnode.o
    0x00009088   0x00009088   0x00000020   Code   RO         1025    .text.touch_adcreg_recover  touch_halnode.o
    0x000090a8   0x000090a8   0x00000074   Code   RO         1021    .text.touch_charge_get_data  touch_halnode.o
    0x0000911c   0x0000911c   0x00000208   Code   RO         1011    .text.touch_charge_low_init  touch_halnode.o
    0x00009324   0x00009324   0x00000100   Code   RO         1013    .text.touch_charge_set_channel  touch_halnode.o
    0x00009424   0x00009424   0x0000010c   Code   RO         1015    .text.touch_charge_set_gainer  touch_halnode.o
    0x00009530   0x00009530   0x0000000c   Code   RO         1017    .text.touch_charge_set_ioenable  touch_halnode.o
    0x0000953c   0x0000953c   0x00000090   Code   RO         1019    .text.touch_charge_trig  touch_halnode.o
    0x000095cc   0x000095cc   0x00000016   Code   RO         1146    .text.touch_haldispatchonlytouch_channelnum  touch_haldispatch.o
    0x000095e2   0x000095e2   0x0000008e   Code   RO         1130    .text.touch_haldispatchonlytouch_ctor  touch_haldispatch.o
    0x00009670   0x00009670   0x00000006   Code   RO         1128    .text.touch_haldispatchonlytouch_get_scaner  touch_haldispatch.o
    0x00009676   0x00009676   0x00000028   Code   RO         1148    .text.touch_haldispatchonlytouch_nextchannel  touch_haldispatch.o
    0x0000969e   0x0000969e   0x00000010   Code   RO         1126    .text.touch_haldispatchonlytouch_reset  touch_haldispatch.o
    0x000096ae   0x000096ae   0x00000002   PAD
    0x000096b0   0x000096b0   0x00000320   Code   RO         1122    .text.touch_haldispatchonlytouch_run  touch_haldispatch.o
    0x000099d0   0x000099d0   0x00000190   Code   RO         1120    .text.touch_haldispatchonlytouch_run_scanmany  touch_haldispatch.o
    0x00009b60   0x00009b60   0x00000224   Code   RO         1162    .text.touch_haldispatchonlytouch_scanmany_channel  touch_haldispatch.o
    0x00009d84   0x00009d84   0x00000022   Code   RO         1132    .text.touch_haldispatchonlytouch_setup  touch_haldispatch.o
    0x00009da6   0x00009da6   0x00000002   PAD
    0x00009da8   0x00009da8   0x0000033c   Code   RO         1124    .text.touch_haldispatchonlytouch_sleep_run  touch_haldispatch.o
    0x0000a0e4   0x0000a0e4   0x000000f0   Code   RO          760    .text.uds_communction_control  custom_diagnosticiii.o
    0x0000a1d4   0x0000a1d4   0x00000038   Code   RO          768    .text.uds_diag_DID_chk  custom_diagnosticiii.o
    0x0000a20c   0x0000a20c   0x00000074   Code   RO          778    .text.uds_diagnostic_assign_NAD  custom_diagnosticiii.o
    0x0000a280   0x0000a280   0x00000034   Code   RO          758    .text.uds_diagnostic_clear_dtc_info  custom_diagnosticiii.o
    0x0000a2b4   0x0000a2b4   0x00000094   Code   RO          774    .text.uds_diagnostic_configword_remap_nad  custom_diagnosticiii.o
    0x0000a348   0x0000a348   0x0000007c   Code   RO          756    .text.uds_diagnostic_dtc_control  custom_diagnosticiii.o
    0x0000a3c4   0x0000a3c4   0x00000050   Code   RO          766    .text.uds_diagnostic_readdata_by_id  custom_diagnosticiii.o
    0x0000a414   0x0000a414   0x0000009c   Code   RO          764    .text.uds_diagnostic_rest  custom_diagnosticiii.o
    0x0000a4b0   0x0000a4b0   0x000000c4   Code   RO          754    .text.uds_diagnostic_route_control  custom_diagnosticiii.o
    0x0000a574   0x0000a574   0x000000c0   Code   RO          748    .text.uds_diagnostic_session_control  custom_diagnosticiii.o
    0x0000a634   0x0000a634   0x00000040   Code   RO          762    .text.uds_tester_present_control  custom_diagnosticiii.o
    0x0000a674   0x0000a674   0x000001b4   Code   RO          770    .text.user_read_data_by_id  custom_diagnosticiii.o
    0x0000a828   0x0000a828   0x00000028   Code   RO           33    .text.wdg_disable   system_tcae10.o
    0x0000a850   0x0000a850   0x00000064   Code   RO         1610    i.CalcMinMaxAvg     silib.lib(si_filter_tool.o)
    0x0000a8b4   0x0000a8b4   0x00000048   Code   RO         1612    i.CalcNoiseAvoid    silib.lib(si_filter_tool.o)
    0x0000a8fc   0x0000a8fc   0x0000017a   Code   RO         1985    i.NoiseDetectRun    silib.lib(si_noise.o)
    0x0000aa76   0x0000aa76   0x000000f8   Code   RO         2346    i.SchedulerBalance  silib.lib(si_scheduler.o)
    0x0000ab6e   0x0000ab6e   0x00000108   Code   RO         2347    i.SchedulerLowpower  silib.lib(si_scheduler.o)
    0x0000ac76   0x0000ac76   0x00000128   Code   RO         2348    i.SchedulerSlice    silib.lib(si_scheduler.o)
    0x0000ad9e   0x0000ad9e   0x00000020   Code   RO         2175    i.SiAlgoInit        silib.lib(si_core.o)
    0x0000adbe   0x0000adbe   0x00000004   Code   RO         2664    i.SiAmpResetAll     silib.lib(si_amp.o)
    0x0000adc2   0x0000adc2   0x00000002   PAD
    0x0000adc4   0x0000adc4   0x00000060   Code   RO         2115    i.SiArbiterFreq10DoorctrlBaselineLocked  silib.lib(si_arbiter_freq10doorctrl.o)
    0x0000ae24   0x0000ae24   0x00000040   Code   RO         2116    i.SiArbiterFreq10DoorctrlCanEnterHalt  silib.lib(si_arbiter_freq10doorctrl.o)
    0x0000ae64   0x0000ae64   0x00000010   Code   RO         2117    i.SiArbiterFreq10DoorctrlInit  silib.lib(si_arbiter_freq10doorctrl.o)
    0x0000ae74   0x0000ae74   0x0000005c   Code   RO         2118    i.SiArbiterFreq10DoorctrlNodeInit  silib.lib(si_arbiter_freq10doorctrl.o)
    0x0000aed0   0x0000aed0   0x00000032   Code   RO         2119    i.SiArbiterFreq10DoorctrlReset  silib.lib(si_arbiter_freq10doorctrl.o)
    0x0000af02   0x0000af02   0x00000002   PAD
    0x0000af04   0x0000af04   0x00000638   Code   RO         2120    i.SiArbiterFreq10DoorctrlRun  silib.lib(si_arbiter_freq10doorctrl.o)
    0x0000b53c   0x0000b53c   0x0000001c   Code   RO         2743    i.SiArbiterReset    silib.lib(si_arbiter.o)
    0x0000b558   0x0000b558   0x00000030   Code   RO         1938    i.SiBaselineDoorctrl2MtStrongAvgInit  silib.lib(si_baseline_doorctrl2_strongavg_mt.o)
    0x0000b588   0x0000b588   0x00000064   Code   RO         1939    i.SiBaselineDoorctrl2MtStrongAvgNodeInit  silib.lib(si_baseline_doorctrl2_strongavg_mt.o)
    0x0000b5ec   0x0000b5ec   0x00000020   Code   RO         1940    i.SiBaselineDoorctrl2MtStrongAvgReset  silib.lib(si_baseline_doorctrl2_strongavg_mt.o)
    0x0000b60c   0x0000b60c   0x000002a8   Code   RO         1941    i.SiBaselineDoorctrl2MtStrongAvgRun  silib.lib(si_baseline_doorctrl2_strongavg_mt.o)
    0x0000b8b4   0x0000b8b4   0x00000026   Code   RO         1942    i.SiBaselineDoorctrl2MtStrongAvgSet  silib.lib(si_baseline_doorctrl2_strongavg_mt.o)
    0x0000b8da   0x0000b8da   0x00000030   Code   RO         1884    i.SiBaselineResetAll  silib.lib(si_baseline.o)
    0x0000b90a   0x0000b90a   0x0000004a   Code   RO         2394    i.SiBubbleSort      silib.lib(si_tool.o)
    0x0000b954   0x0000b954   0x00000048   Code   RO         2395    i.SiCalcFastNoise   silib.lib(si_tool.o)
    0x0000b99c   0x0000b99c   0x00000004   Code   RO         1835    i.SiFilterDoorctrlExit  silib.lib(si_filter_doorctrl.o)
    0x0000b9a0   0x0000b9a0   0x00000028   Code   RO         1836    i.SiFilterDoorctrlInit  silib.lib(si_filter_doorctrl.o)
    0x0000b9c8   0x0000b9c8   0x00000054   Code   RO         1837    i.SiFilterDoorctrlNodeInit  silib.lib(si_filter_doorctrl.o)
    0x0000ba1c   0x0000ba1c   0x00000018   Code   RO         1838    i.SiFilterDoorctrlReset  silib.lib(si_filter_doorctrl.o)
    0x0000ba34   0x0000ba34   0x00000104   Code   RO         1839    i.SiFilterDoorctrlRun  silib.lib(si_filter_doorctrl.o)
    0x0000bb38   0x0000bb38   0x00000032   Code   RO         2698    i.SiFilterResetAll  silib.lib(si_filter.o)
    0x0000bb6a   0x0000bb6a   0x00000014   Code   RO         2399    i.SiGetFastNoise    silib.lib(si_tool.o)
    0x0000bb7e   0x0000bb7e   0x00000008   Code   RO         2400    i.SiIAbs            silib.lib(si_tool.o)
    0x0000bb86   0x0000bb86   0x0000000a   Code   RO         2401    i.SiInitFastNoise   silib.lib(si_tool.o)
    0x0000bb90   0x0000bb90   0x00000028   Code   RO         1986    i.SiNoiseDetectRegister  silib.lib(si_noise.o)
    0x0000bbb8   0x0000bbb8   0x00000048   Code   RO         2078    i.SiNoiseExitConditionFastVarianceInit  silib.lib(si_noise_exit_fast_variance.o)
    0x0000bc00   0x0000bc00   0x00000016   Code   RO         2079    i.SiNoiseExitConditionFastVarianceReset  silib.lib(si_noise_exit_fast_variance.o)
    0x0000bc16   0x0000bc16   0x00000002   PAD
    0x0000bc18   0x0000bc18   0x000000b0   Code   RO         2080    i.SiNoiseExitConditionFastVarianceRun  silib.lib(si_noise_exit_fast_variance.o)
    0x0000bcc8   0x0000bcc8   0x00000032   Code   RO         2036    i.SiNoiseFastVarianceInit  silib.lib(si_noise_fast_variance.o)
    0x0000bcfa   0x0000bcfa   0x00000002   PAD
    0x0000bcfc   0x0000bcfc   0x00000064   Code   RO         2037    i.SiNoiseFastVarianceNodeInit  silib.lib(si_noise_fast_variance.o)
    0x0000bd60   0x0000bd60   0x0000002c   Code   RO         2038    i.SiNoiseFastVarianceReset  silib.lib(si_noise_fast_variance.o)
    0x0000bd8c   0x0000bd8c   0x00000130   Code   RO         2039    i.SiNoiseFastVarianceRun  silib.lib(si_noise_fast_variance.o)
    0x0000bebc   0x0000bebc   0x00000020   Code   RO         1987    i.SiNoiseIsDetect4  silib.lib(si_noise.o)
    0x0000bedc   0x0000bedc   0x00000210   Code   RO         1988    i.SiNoiseIsMatch    silib.lib(si_noise.o)
    0x0000c0ec   0x0000c0ec   0x00000028   Code   RO         2178    i.SiNoiseObjectNodeInit  silib.lib(si_core.o)
    0x0000c114   0x0000c114   0x0000002c   Code   RO         2179    i.SiNoiseObjectRegister  silib.lib(si_core.o)
    0x0000c140   0x0000c140   0x00000004   Code   RO         2180    i.SiNoiseObjectSetStatus  silib.lib(si_core.o)
    0x0000c144   0x0000c144   0x00000052   Code   RO         2183    i.SiObjectNodeInit  silib.lib(si_core.o)
    0x0000c196   0x0000c196   0x00000054   Code   RO         2184    i.SiObjectRegister  silib.lib(si_core.o)
    0x0000c1ea   0x0000c1ea   0x00000004   Code   RO         2186    i.SiObjectSetStatus  silib.lib(si_core.o)
    0x0000c1ee   0x0000c1ee   0x00000002   PAD
    0x0000c1f0   0x0000c1f0   0x000000f0   Code   RO         2121    i.SiRunQuickUnlockBaseline  silib.lib(si_arbiter_freq10doorctrl.o)
    0x0000c2e0   0x0000c2e0   0x00000018   Code   RO         2349    i.SiSetScheduler    silib.lib(si_scheduler.o)
    0x0000c2f8   0x0000c2f8   0x00000020   Code   RO         2404    i.SmartDiffSiValue  silib.lib(si_tool.o)
    0x0000c318   0x0000c318   0x0000001a   Code   RO         2160    i.__ARM_common_switch8  silib.lib(si_arbiter_freq10doorctrl.o)
    0x0000c332   0x0000c332   0x00000046   Code   RO         2516    i.calc_double_samp  silib.lib(si_hal.o)
    0x0000c378   0x0000c378   0x00000050   Code   RO         2517    i.calc_low_pass     silib.lib(si_hal.o)
    0x0000c3c8   0x0000c3c8   0x0000003a   Code   RO         2518    i.calc_noise_avoid  silib.lib(si_hal.o)
    0x0000c402   0x0000c402   0x00000002   PAD
    0x0000c404   0x0000c404   0x0000000c   Data   RO         2350    .constdata          silib.lib(si_scheduler.o)
    0x0000c410   0x0000c410   0x00000101   Data   RO         2405    .constdata          silib.lib(si_tool.o)
    0x0000c511   0x0000c511   0x00000006   Data   RO          567    .rodata..L__const.DoorGpioInit.cfg  app.o
    0x0000c517   0x0000c517   0x00000001   PAD
    0x0000c518   0x0000c518   0x00000008   Data   RO          610    .rodata.TouchConfig.adccfg  touch_config.o
    0x0000c520   0x0000c520   0x00000018   Data   RO          620    .rodata.TouchConfig.dispatchPara  touch_config.o
    0x0000c538   0x0000c538   0x0000003c   Data   RO          612    .rodata.TouchConfig.touchChannels  touch_config.o
    0x0000c574   0x0000c574   0x00000032   Data   RO          613    .rodata.TouchConfig.touchGainers  touch_config.o
    0x0000c5a6   0x0000c5a6   0x00000032   Data   RO          614    .rodata.TouchConfig.touchSleepGainers  touch_config.o
    0x0000c5d8   0x0000c5d8   0x00000004   Data   RO          609    .rodata.TouchConfig.touchcfg  touch_config.o
    0x0000c5dc   0x0000c5dc   0x0000000a   Data   RO         1095    .rodata.Touch_IOConfig.touchPins  touch_tool.o
    0x0000c5e6   0x0000c5e6   0x0000000f   Data   RO         1096    .rodata.Touch_IOEnable.touchPins  touch_tool.o
    0x0000c5f5   0x0000c5f5   0x00000038   Data   RO          546    .rodata.flash_driver_ciper  tcae10_ll_flash.o
    0x0000c62d   0x0000c62d   0x00000003   PAD
    0x0000c630   0x0000c630   0x0000004c   Data   RO          638    .rodata.iotouchArbiterPara1  touch_config.o
    0x0000c67c   0x0000c67c   0x0000004c   Data   RO          650    .rodata.iotouchArbiterPara2  touch_config.o
    0x0000c6c8   0x0000c6c8   0x00000020   Data   RO          634    .rodata.iotouchBaselinePara1  touch_config.o
    0x0000c6e8   0x0000c6e8   0x00000020   Data   RO          646    .rodata.iotouchBaselinePara2  touch_config.o
    0x0000c708   0x0000c708   0x00000008   Data   RO          631    .rodata.iotouchFilterParaDoorctrl1  touch_config.o
    0x0000c710   0x0000c710   0x00000008   Data   RO          643    .rodata.iotouchFilterParaDoorctrl2  touch_config.o
    0x0000c718   0x0000c718   0x00000002   Data   RO          640    .rodata.iotouchKeyMap1  touch_config.o
    0x0000c71a   0x0000c71a   0x00000002   Data   RO          652    .rodata.iotouchKeyMap2  touch_config.o
    0x0000c71c   0x0000c71c   0x0000001b   Data   RO          713    .rodata.lin_diag_services_supported  lin_cfg.o
    0x0000c737   0x0000c737   0x00000001   PAD
    0x0000c738   0x0000c738   0x00000070   Data   RO          682    .rodata.lin_frame_tbl  lin_cfg.o
    0x0000c7a8   0x0000c7a8   0x00000010   Data   RO          685    .rodata.lin_max_frame_res_timeout_val  lin_cfg.o
    0x0000c7b8   0x0000c7b8   0x00000001   Data   RO          628    .rodata.noiseDetectVarianceKeyMap  touch_config.o
    0x0000c7b9   0x0000c7b9   0x00000001   PAD
    0x0000c7ba   0x0000c7ba   0x0000000a   Data   RO          624    .rodata.noiseDetectVariancePara  touch_config.o
    0x0000c7c4   0x0000c7c4   0x00000006   Data   RO          622    .rodata.noiseExitConditionVariancePara  touch_config.o
    0x0000c7ca   0x0000c7ca   0x00000001   Data   RO          692    .rodata.num_frame_have_esignal  lin_cfg.o
    0x0000c7cb   0x0000c7cb   0x00000001   PAD
    0x0000c7cc   0x0000c7cc   0x00000006   Data   RO          690    .rodata.product_id  lin_cfg.o
    0x0000c7d2   0x0000c7d2   0x00000002   PAD
    0x0000c7d4   0x0000c7d4   0x0000000d   Data   RO          813    .rodata.str1.4      custom_diagnosticiii.o
    0x0000c7e1   0x0000c7e1   0x00000003   PAD
    0x0000c7e4   0x0000c7e4   0x00000008   Data   RO         1597    .rodata.sys_param_addr_map  store_manager.o


    Execution Region RW_IRAM1 (Exec base: 0x10000000, Load base: 0x0000c7f0, Size: 0x00000e00, Max: 0x00001000, ABSOLUTE)

    Exec Addr    Load Addr    Size         Type   Attr      Idx    E Section Name        Object

    0x10000000   0x0000c7f0   0x00000042   Data   RO          543    .ARM.__at_0x10000000  tcae10_ll_flash.o
    0x10000042   0x0000c832   0x00000002   PAD
    0x10000044   0x0000c834   0x00000048   Code   RO         1257    RAMCODE             tc_port.o
    0x1000008c   0x0000c87c   0x00000004   Data   RW         2191    .data               silib.lib(si_core.o)
    0x10000090   0x0000c880   0x00000004   Data   RW           35    .data.SystemCoreClock  system_tcae10.o
    0x10000094   0x0000c884   0x00000004   Data   RW         1269    .data.TcSystick     tc_port.o
    0x10000098   0x0000c888   0x0000001e   Data   RW          616    .data.TouchConfig.doubleSampTable  touch_config.o
    0x100000b6   0x0000c8a6   0x0000001e   Data   RW          615    .data.TouchConfig.lowPassTable  touch_config.o
    0x100000d4   0x0000c8c4   0x00000032   Data   RW          617    .data.TouchConfig.noiseAvoidTable  touch_config.o
    0x10000106   0x0000c8f6   0x00000032   Data   RW          618    .data.TouchConfig.sleepNoiseAvoidTable  touch_config.o
    0x10000138   0x0000c928   0x00000004   Data   RW         1032    .data.current_touch_trigadc  touch_halnode.o
    0x1000013c   0x0000c92c   0x0000003c   Data   RW          654    .data.doorctrlNoiseDetectVariance  touch_config.o
    0x10000178   0x0000c968   0x00000001   Data   RW         1070    .data.enableSamp    si_touch_port.o
    0x10000179   0x0000c969   0x00000003   PAD
    0x1000017c   0x0000c96c   0x00000004   Data   RW          544    .data.g_pfFLASH_DRV_EraseSector  tcae10_ll_flash.o
    0x10000180   0x0000c970   0x00000014   Data   RW         1596    .data.g_sys_cfgs    store_manager.o
    0x10000194   0x0000c984   0x00000004   Data   RW          545    .data.g_tpfFLASH_DRV_Program  tcae10_ll_flash.o
    0x10000198   0x0000c988   0x00000009   Data   RW          686    .data.lin_configuration_RAM  lin_cfg.o
    0x100001a1   0x0000c991   0x00000001   PAD
    0x100001a2   0x0000c992   0x00000012   Data   RW          687    .data.lin_configuration_ROM  lin_cfg.o
    0x100001b4   0x0000c9a4   0x00000001   Data   RW          688    .data.lin_configured_NAD  lin_cfg.o
    0x100001b5   0x0000c9a5   0x0000000a   Data   RW          680    .data.lin_flag_handle_tbl  lin_cfg.o
    0x100001bf   0x0000c9af   0x00000001   Data   RW          689    .data.lin_initial_NAD  lin_cfg.o
    0x100001c0   0x0000c9b0   0x00000028   Data   RW          679    .data.lin_pFrameBuf  lin_cfg.o
    0x100001e8   0x0000c9d8   0x00000001   Data   RW          694    .data.lin_response_error_bit_offset  lin_cfg.o
    0x100001e9   0x0000c9d9   0x00000001   PAD
    0x100001ea   0x0000c9da   0x00000002   Data   RW          693    .data.lin_response_error_byte_offset  lin_cfg.o
    0x100001ec   0x0000c9dc   0x00000010   Data   RW          698    .data.lin_tl_rx_queue  lin_cfg.o
    0x100001fc   0x0000c9ec   0x00000010   Data   RW          696    .data.lin_tl_tx_queue  lin_cfg.o
    0x1000020c   0x0000c9fc   0x00000004   Data   RW          656    .data.noiseExitConditions  touch_config.o
    0x10000210   0x0000ca00   0x00000008   Data   RW          655    .data.noiseSiObjs   touch_config.o
    0x10000218   0x0000ca08   0x00000001   Data   RW         1360    .data.pid           lin_process.o
    0x10000219   0x0000ca09   0x00000001   Data   RW          808    .data.session_mode  custom_diagnosticiii.o
    0x1000021a   0x0000ca0a   0x00000001   Data   RW         1356    .data.state         lin_process.o
    0x1000021b   0x0000ca0b   0x00000001   Data   RW          712    .data.tl_service_status  lin_cfg.o
    0x1000021c   0x0000ca0c   0x00000004   PAD
    0x10000220        -       0x00000004   Zero   RW          566    .bss.AppTask.appTimer  app.o
    0x10000224        -       0x00000001   Zero   RW          657    .bss.IOtouchKeyValueChanged.keyMask  touch_config.o
    0x10000225        -       0x00000001   Zero   RW          677    .bss.LI0_response_error_signal  lin_cfg.o
    0x10000226   0x0000ca0c   0x00000002   PAD
    0x10000228        -       0x00000004   Zero   RW          927    .bss.LinTask.linTimer  lin_task.o
    0x1000022c        -       0x00000002   Zero   RW          930    .bss.LinTask.wkupBreakCount  lin_task.o
    0x1000022e   0x0000ca0c   0x00000002   PAD
    0x10000230        -       0x00000004   Zero   RW          929    .bss.LinTask.wkupSlaveCount  lin_task.o
    0x10000234        -       0x00000001   Zero   RW          928    .bss.LinTask.wkupSlaveFlag  lin_task.o
    0x10000235   0x0000ca0c   0x00000003   PAD
    0x10000238        -       0x00000004   Zero   RW         1236    .bss.TcTaskExec.lastTick  tc.o
    0x1000023c        -       0x00000098   Zero   RW          619    .bss.TouchConfig.dispatch  touch_config.o
    0x100002d4        -       0x00000048   Zero   RW          611    .bss.TouchConfig.touchNode  touch_config.o
    0x1000031c        -       0x00000004   Zero   RW         1073    .bss.TouchTask.touchTimer  si_touch_port.o
    0x10000320        -       0x00000004   Zero   RW          279    .bss.adc_isr_callback  tcae10_ll_adc.o
    0x10000324        -       0x00000008   Zero   RW          678    .bss.buffer_backup_data  lin_cfg.o
    0x1000032c        -       0x00000001   Zero   RW         1358    .bss.cnt_byte       lin_process.o
    0x1000032d   0x0000ca0c   0x00000003   PAD
    0x10000330        -       0x00000004   Zero   RW         1234    .bss.currentTask    tc.o
    0x10000334        -       0x00000001   Zero   RW         1364    .bss.current_id     lin_process.o
    0x10000335        -       0x00000001   Zero   RW         1296    .bss.current_rcvd_nad  diagnosticiii.o
    0x10000336   0x0000ca0c   0x00000002   PAD
    0x10000338        -       0x00000004   Zero   RW         1031    .bss.current_touch_node  touch_halnode.o
    0x1000033c        -       0x00000001   Zero   RW          802    .bss.diagRxSize     custom_diagnosticiii.o
    0x1000033d   0x0000ca0c   0x00000003   PAD
    0x10000340        -       0x00000014   Zero   RW          800    .bss.diagnosticRxBuffer  custom_diagnosticiii.o
    0x10000354        -       0x00000042   Zero   RW          801    .bss.diagnosticTxBuffer  custom_diagnosticiii.o
    0x10000396   0x0000ca0c   0x00000002   PAD
    0x10000398        -       0x00000004   Zero   RW          812    .bss.diagnostic_session_cnt  custom_diagnosticiii.o
    0x1000039c        -       0x00000004   Zero   RW         1172    .bss.discardTouchSampDataCnt  touch_haldispatch.o
    0x100003a0        -       0x00000004   Zero   RW          734    .bss.door_cmd       lin_frame.o
    0x100003a4        -       0x0000000a   Zero   RW          733    .bss.door_st        lin_frame.o
    0x100003ae   0x0000ca0c   0x00000002   PAD
    0x100003b0        -       0x00000010   Zero   RW          856    .bss.filterWakeupCallback  tc_halt.o
    0x100003c0        -       0x00000001   Zero   RW         1072    .bss.forceSetTaskBitFlag  si_touch_port.o
    0x100003c1        -       0x00000001   Zero   RW         1071    .bss.forceWakeup    si_touch_port.o
    0x100003c2        -       0x00000001   Zero   RW         2658    .bss.frame_index    linlib_seres.lib(lin_common_proto.o)
    0x100003c3   0x0000ca0c   0x00000001   PAD
    0x100003c4        -       0x00000002   Zero   RW         1361    .bss.frame_timeout_cnt  lin_process.o
    0x100003c6   0x0000ca0c   0x00000002   PAD
    0x100003c8        -       0x00000004   Zero   RW         1270    .bss.g_TcSystickIntCnt  tc_port.o
    0x100003cc        -       0x00000001   Zero   RW         1295    .bss.g_bUDSDataDumpFlag  diagnosticiii.o
    0x100003cd        -       0x00000001   Zero   RW          807    .bss.g_config_word_state  custom_diagnosticiii.o
    0x100003ce   0x0000ca0c   0x00000002   PAD
    0x100003d0        -       0x00000014   Zero   RW          804    .bss.g_dfu_info     custom_diagnosticiii.o
    0x100003e4        -       0x00000003   Zero   RW          806    .bss.g_ota_info     custom_diagnosticiii.o
    0x100003e7   0x0000ca0c   0x00000001   PAD
    0x100003e8        -       0x00000002   Zero   RW          805    .bss.g_user_info    custom_diagnosticiii.o
    0x100003ea   0x0000ca0c   0x00000002   PAD
    0x100003ec        -       0x0000000c   Zero   RW          858    .bss.haltMonitorCallback  tc_halt.o
    0x100003f8        -       0x00000004   Zero   RW          861    .bss.haltMonitorTimerCount  tc_halt.o
    0x100003fc        -       0x00000004   Zero   RW          857    .bss.haltTimeoutTimer  tc_halt.o
    0x10000400        -       0x00000002   Zero   RW         1354    .bss.idle_timeout_cnt  lin_process.o
    0x10000402   0x0000ca0c   0x00000002   PAD
    0x10000404        -       0x000000cc   Zero   RW          637    .bss.iotouchArbiter1  touch_config.o
    0x100004d0        -       0x000000cc   Zero   RW          649    .bss.iotouchArbiter2  touch_config.o
    0x1000059c        -       0x0000004c   Zero   RW          633    .bss.iotouchBaseline1  touch_config.o
    0x100005e8        -       0x0000004c   Zero   RW          645    .bss.iotouchBaseline2  touch_config.o
    0x10000634        -       0x00000004   Zero   RW          636    .bss.iotouchBaselineBuf1  touch_config.o
    0x10000638        -       0x00000004   Zero   RW          648    .bss.iotouchBaselineBuf2  touch_config.o
    0x1000063c        -       0x00000018   Zero   RW          635    .bss.iotouchBaselineTempData1  touch_config.o
    0x10000654        -       0x00000018   Zero   RW          647    .bss.iotouchBaselineTempData2  touch_config.o
    0x1000066c        -       0x00000004   Zero   RW          632    .bss.iotouchFilterBufDoorctrl1  touch_config.o
    0x10000670        -       0x00000004   Zero   RW          644    .bss.iotouchFilterBufDoorctrl2  touch_config.o
    0x10000674        -       0x0000003c   Zero   RW          630    .bss.iotouchFilterDoorctrl1  touch_config.o
    0x100006b0        -       0x0000003c   Zero   RW          642    .bss.iotouchFilterDoorctrl2  touch_config.o
    0x100006ec        -       0x00000004   Zero   RW          641    .bss.iotouchKeyRawDataBuf1  touch_config.o
    0x100006f0        -       0x00000004   Zero   RW          653    .bss.iotouchKeyRawDataBuf2  touch_config.o
    0x100006f4        -       0x00000030   Zero   RW          639    .bss.iotouchObjectKey1  touch_config.o
    0x10000724        -       0x00000030   Zero   RW          651    .bss.iotouchObjectKey2  touch_config.o
    0x10000754        -       0x00000001   Zero   RW         1366    .bss.l_status.0     lin_process.o
    0x10000755        -       0x00000001   Zero   RW          925    .bss.linCommSincePowerOn  lin_task.o
    0x10000756   0x0000ca0c   0x00000002   PAD
    0x10000758        -       0x00000004   Zero   RW          924    .bss.linTask        lin_task.o
    0x1000075c        -       0x00000001   Zero   RW          926    .bss.linWakeupFlag  lin_task.o
    0x1000075d   0x0000ca0c   0x00000003   PAD
    0x10000760        -       0x00000010   Zero   RW         1355    .bss.lin_cfg        lin_process.o
    0x10000770        -       0x0000001b   Zero   RW          714    .bss.lin_diag_services_flag  lin_cfg.o
    0x1000078b        -       0x00000001   Zero   RW         1363    .bss.lin_error      lin_process.o
    0x1000078c        -       0x00000001   Zero   RW          672    .bss.lin_error_in_response  lin_cfg.o
    0x1000078d        -       0x00000007   Zero   RW          683    .bss.lin_frame_flag_tbl  lin_cfg.o
    0x10000794        -       0x00000007   Zero   RW          684    .bss.lin_frame_updating_flag_tbl  lin_cfg.o
    0x1000079b        -       0x00000001   Zero   RW          673    .bss.lin_goto_sleep_flg  lin_cfg.o
    0x1000079c        -       0x0000000a   Zero   RW          670    .bss.lin_lld_response_buffer  lin_cfg.o
    0x100007a6        -       0x00000002   Zero   RW         1365    .bss.lin_rcvbreak_cnt  lin_process.o
    0x100007a8        -       0x00000001   Zero   RW          674    .bss.lin_save_configuration_flg  lin_cfg.o
    0x100007a9        -       0x00000001   Zero   RW          671    .bss.lin_successful_transfer  lin_cfg.o
    0x100007aa        -       0x00000002   Zero   RW          675    .bss.lin_word_status  lin_cfg.o
    0x100007ac        -       0x00000002   Zero   RW          810    .bss.lock_failed_cnt  custom_diagnosticiii.o
    0x100007ae        -       0x00000001   Zero   RW          803    .bss.negResponseCode  custom_diagnosticiii.o
    0x100007af   0x0000ca0c   0x00000001   PAD
    0x100007b0        -       0x00000034   Zero   RW          623    .bss.noiseDetectVariance  touch_config.o
    0x100007e4        -       0x00000002   Zero   RW          626    .bss.noiseDetectVarianceBuf  touch_config.o
    0x100007e6   0x0000ca0c   0x00000002   PAD
    0x100007e8        -       0x00000018   Zero   RW          627    .bss.noiseDetectVarianceObject  touch_config.o
    0x10000800        -       0x00000002   Zero   RW          629    .bss.noiseDetectVarianceRawDataBuf  touch_config.o
    0x10000802   0x0000ca0c   0x00000002   PAD
    0x10000804        -       0x00000018   Zero   RW          625    .bss.noiseDetectVarianceTempData  touch_config.o
    0x1000081c        -       0x0000002c   Zero   RW          621    .bss.noiseExitConditionVariance  touch_config.o
    0x10000848        -       0x00000001   Zero   RW          809    .bss.program_condition_check  custom_diagnosticiii.o
    0x10000849   0x0000ca0c   0x00000003   PAD
    0x1000084c        -       0x00000004   Zero   RW         1359    .bss.ptr            lin_process.o
    0x10000850        -       0x00000002   Zero   RW         1362    .bss.res_frame_timeout_cnt  lin_process.o
    0x10000852   0x0000ca0c   0x00000002   PAD
    0x10000854        -       0x00000004   Zero   RW         1357    .bss.response_buffer  lin_process.o
    0x10000858        -       0x00000001   Zero   RW          691    .bss.response_error  lin_cfg.o
    0x10000859   0x0000ca0c   0x00000003   PAD
    0x1000085c        -       0x00000008   Zero   RW          505    .bss.sci_isr_callback  tcae10_ll_sci.o
    0x10000864   0x0000ca0c   0x00000004   PAD
    0x10000868        -       0x00000008   Zero   RW         1271    .bss.systickCallback  tc_port.o
    0x10000870        -       0x000000b4   Zero   RW         1235    .bss.tcTasks        tc.o
    0x10000924        -       0x00000050   Zero   RW         1237    .bss.tcTimers       tc.o
    0x10000974        -       0x00000002   Zero   RW          709    .bss.tl_check_timeout  lin_cfg.o
    0x10000976        -       0x00000001   Zero   RW          708    .bss.tl_check_timeout_type  lin_cfg.o
    0x10000977        -       0x00000001   Zero   RW          711    .bss.tl_diag_state  lin_cfg.o
    0x10000978        -       0x00000001   Zero   RW          707    .bss.tl_frame_counter  lin_cfg.o
    0x10000979        -       0x00000001   Zero   RW          704    .bss.tl_last_RSID   lin_cfg.o
    0x1000097a        -       0x00000001   Zero   RW          703    .bss.tl_last_cfg_result  lin_cfg.o
    0x1000097b        -       0x00000001   Zero   RW          705    .bss.tl_ld_error_code  lin_cfg.o
    0x1000097c        -       0x00000001   Zero   RW          706    .bss.tl_no_of_pdu   lin_cfg.o
    0x1000097d        -       0x00000001   Zero   RW          716    .bss.tl_receive_msg_status  lin_cfg.o
    0x1000097e        -       0x00000002   Zero   RW          699    .bss.tl_rx_msg_index  lin_cfg.o
    0x10000980        -       0x00000002   Zero   RW          700    .bss.tl_rx_msg_size  lin_cfg.o
    0x10000982        -       0x00000001   Zero   RW          717    .bss.tl_rx_msg_status  lin_cfg.o
    0x10000983        -       0x000000a0   Zero   RW          697    .bss.tl_rx_queue_data  lin_cfg.o
    0x10000a23        -       0x00000001   Zero   RW          715    .bss.tl_slaveresp_cnt  lin_cfg.o
    0x10000a24        -       0x00000002   Zero   RW          701    .bss.tl_tx_msg_index  lin_cfg.o
    0x10000a26        -       0x00000002   Zero   RW          702    .bss.tl_tx_msg_size  lin_cfg.o
    0x10000a28        -       0x00000001   Zero   RW          718    .bss.tl_tx_msg_status  lin_cfg.o
    0x10000a29        -       0x000000a0   Zero   RW          695    .bss.tl_tx_queue_data  lin_cfg.o
    0x10000ac9   0x0000ca0c   0x00000003   PAD
    0x10000acc        -       0x00000020   Zero   RW         1171    .bss.touchAlgoObject  touch_haldispatch.o
    0x10000aec        -       0x00000004   Zero   RW         1068    .bss.touchDispatch  si_touch_port.o
    0x10000af0        -       0x00000002   Zero   RW         1170    .bss.touchHaltMonitorCnt  touch_haldispatch.o
    0x10000af2        -       0x00000001   Zero   RW          854    .bss.touchHaltRtcTrigFlag  tc_halt.o
    0x10000af3   0x0000ca0c   0x00000001   PAD
    0x10000af4        -       0x00000004   Zero   RW         1069    .bss.touchTaskHandle  si_touch_port.o
    0x10000af8        -       0x00000001   Zero   RW          811    .bss.unlock_failed_store_flag  custom_diagnosticiii.o
    0x10000af9   0x0000ca0c   0x00000007   PAD
    0x10000b00        -       0x00000300   Zero   RW            1    STACK               startup_tcae10.o



  Load Region LR$$.ARM.__at_0x00004000 (Base: 0x00004000, Size: 0x00000018, Max: 0x00000018, ABSOLUTE)

    Execution Region ER$$.ARM.__at_0x00004000 (Exec base: 0x00004000, Load base: 0x00004000, Size: 0x00000018, Max: 0x00000018, ABSOLUTE, UNINIT)

    Exec Addr    Load Addr    Size         Type   Attr      Idx    E Section Name        Object

    0x00004000   0x00004000   0x00000018   Data   RO          798    .ARM.__at_0x00004000  custom_diagnosticiii.o



  Load Region LR$$.ARM.__at_0x00004018 (Base: 0x00004018, Size: 0x00000018, Max: 0x00000018, ABSOLUTE)

    Execution Region ER$$.ARM.__at_0x00004018 (Exec base: 0x00004018, Load base: 0x00004018, Size: 0x00000018, Max: 0x00000018, ABSOLUTE, UNINIT)

    Exec Addr    Load Addr    Size         Type   Attr      Idx    E Section Name        Object

    0x00004018   0x00004018   0x00000015   Data   RO          799    .ARM.__at_0x00004018  custom_diagnosticiii.o


==============================================================================

Image component sizes


      Code (inc. data)   RO Data    RW Data    ZI Data      Debug   Object Name

       376         54          6          0          4      14860   app.o
      3212        604         58          1        122      12386   custom_diagnosticiii.o
       302         28          0          0          2       2589   diagnosticiii.o
        32          0        162        115        408       6885   lin_cfg.o
       972         32          0          0         14       2642   lin_frame.o
      1250        136          0          2         36       6835   lin_process.o
       468         70          0          0         17      14167   lin_task.o
       112         32          0          0          0      41233   misc.o
       200          4          0          0          0       4865   pal_lin_comm.o
       192          4          0          0          0       4087   pal_store.o
       508         80          0          1         14      10214   si_touch_port.o
        14          0          0          0          0        798   sid_0x2f.o
         2          0          0          0          0        731   sid_0x32.o
       216         24          0          0          0       1715   sid_0xb0.o
       284         20          0          0          0       1566   sid_0xb1.o
        88          4          0          0          0       1017   sid_0xb3.o
        56          4          0          0          0        969   sid_0xb6.o
       128          4          0          0          0       1132   sid_0xb7.o
        80         32        192          0        768        752   startup_tcae10.o
       646          8          8         20          0       5937   store_manager.o
       736        142          0          4          0      27269   system_tcae10.o
       458         16          0          0        268       4343   tc.o
       184         40          0          0         37      11717   tc_halt.o
       236         32          0          4         12       4061   tc_port.o
        40          8          0          0          4      42466   tcae10_ll_adc.o
       132         12          0          0          0       9595   tcae10_ll_captouch.o
       192          0          0          0          0       3405   tcae10_ll_cortex.o
        84         12          0          0          0       1959   tcae10_ll_delay.o
       848         52        122          8          0      12572   tcae10_ll_flash.o
       480         42          0          0          0      16242   tcae10_ll_gpio.o
      1804        172          0          0          8      39816   tcae10_ll_sci.o
       148         20          0          0          0      11748   tcae10_ll_sys.o
        72         12          0          0          0       9906   tcae10_ll_timer.o
        60         16          0          0          0       8878   tcae10_ll_wdg.o
       792        224        449        232       1221      18900   touch_config.o
      4574         96          0          0         38      21789   touch_haldispatch.o
      1520        120          0          4          4      23817   touch_halnode.o
       348         36         25          0          0      10375   touch_tool.o
       172          8          0          0          0       3495   utilities.o

    ----------------------------------------------------------------------
     22048       2200       1039        396       3042     417733   Object Totals
         0          0          0          0          0          0   (incl. Generated)
        30          0         17          5         65          0   (incl. Padding)

    ----------------------------------------------------------------------

      Code (inc. data)   RO Data    RW Data    ZI Data      Debug   Library Member Name

       190          4          0          0          0        368   lin.o
        18          0          0          0          0        204   lin_common_api.o
       974        168          0          0          1        316   lin_common_proto.o
       792         84          0          0          0        264   lin_commontl_api.o
      1272        132          0          0          0        192   lin_commontl_proto.o
       204         40          0          0          0        108   lin_lin21_proto.o
        40          0          0          0          0         72   idiv.o
         0          0          0          0          0          0   iusefp.o
        36          0          0          0          0         60   memcpya.o
        36          0          0          0          0        100   memseta.o
        44          0          0          0          0         72   uidiv.o
        20          0          0          0          0         68   cfrcmple.o
       178          0          0          0          0        108   fadd.o
       124          0          0          0          0         72   fdiv.o
       130          0          0          0          0        144   fepilogue.o
        50          0          0          0          0         60   ffixi.o
        22          0          0          0          0         68   fflti.o
        14          0          0          0          0         68   ffltui.o
       122          0          0          0          0         72   fmul.o
         4          0          0          0          0        460   si_amp.o
        28          0          0          0          0       1061   si_arbiter.o
      2176         54          0          0          0       9122   si_arbiter_freq10doorctrl.o
        48          0          0          0          0       1161   si_baseline.o
       898         26          0          0          0       5781   si_baseline_doorctrl2_strongavg_mt.o
       290          0          0          4          0      50694   si_core.o
        50          0          0          0          0       1139   si_filter.o
       412         22          0          0          0       4191   si_filter_doorctrl.o
       172          4          0          0          0      54688   si_filter_tool.o
       208          6          0          0          0       8590   si_hal.o
       978          4          0          0          0       5165   si_noise.o
       270         20          0          0          0       2895   si_noise_exit_fast_variance.o
       498         22          0          0          0       4058   si_noise_fast_variance.o
       832          4         12          0          0       6845   si_scheduler.o
       216          0        257          0          0       5353   si_tool.o

    ----------------------------------------------------------------------
     11372        590        269          4          2     163619   Library Totals
        26          0          0          0          1          0   (incl. Padding)

    ----------------------------------------------------------------------

      Code (inc. data)   RO Data    RW Data    ZI Data      Debug   Library Name

      3450        428          0          0          1       1452   linlib_seres.lib
       156          0          0          0          0        304   mc_p.l
       660          0          0          0          0        660   mf_p.l
      7080        162        269          4          0     161203   silib.lib

    ----------------------------------------------------------------------
     11372        590        269          4          2     163619   Library Totals

    ----------------------------------------------------------------------

==============================================================================


      Code (inc. data)   RO Data    RW Data    ZI Data      Debug   

     33420       2790       1308        400       3044     577880   Grand Totals
     33420       2790       1308        400       3044     577880   ELF Image Totals
     33420       2790       1308        400          0          0   ROM Totals

==============================================================================

    Total RO  Size (Code + RO Data)                34728 (  33.91kB)
    Total RW  Size (RW Data + ZI Data)              3444 (   3.36kB)
    Total ROM Size (Code + RO Data + RW Data)      35128 (  34.30kB)

==============================================================================

