<!doctype html public "-//w3c//dtd html 4.0 transitional//en">
<html><head>
<title>Static Call Graph - [.\Objects\bootloader_seres.axf]</title></head>
<body><HR>
<H1>Static Call Graph for image .\Objects\bootloader_seres.axf</H1><HR>
<BR><P>#&#060CALLGRAPH&#062# ARM Linker, 6160001: Last Updated: Fri Mar 20 09:38:28 2026
<BR><P>
<H3>Maximum Stack Usage =        664 bytes + Unknown(Cycles, Untraceable Function Pointers)</H3><H3>
Call chain for Maximum Stack Depth:</H3>
security_access_handle &rArr; pal_store_data_set &rArr; ll_flash_smart_write &rArr; ll_flash_write_reg_drv
<P>
<H3>
Mutually Recursive functions
</H3> <LI><a href="#[3]">SVC_Handler</a>&nbsp;&nbsp;&nbsp;&rArr;&nbsp;&nbsp;&nbsp;<a href="#[3]">SVC_Handler</a><BR>
 <LI><a href="#[4]">PendSV_Handler</a>&nbsp;&nbsp;&nbsp;&rArr;&nbsp;&nbsp;&nbsp;<a href="#[4]">PendSV_Handler</a><BR>
 <LI><a href="#[7]">ADC_IRQHandler</a>&nbsp;&nbsp;&nbsp;&rArr;&nbsp;&nbsp;&nbsp;<a href="#[7]">ADC_IRQHandler</a><BR>
</UL>
<P>
<H3>
Function Pointers
</H3><UL>
 <LI><a href="#[7]">ADC_IRQHandler</a> from startup_tcpl03x.o(.text) referenced from startup_tcpl03x.o(RESET)
 <LI><a href="#[c]">AON_IRQHandler</a> from tcpl03x_ll_sys.o(.text.AON_IRQHandler) referenced from startup_tcpl03x.o(RESET)
 <LI><a href="#[6]">FLASH_IRQHandler</a> from tcpl03x_ll_flash_cus.o(.text.FLASH_IRQHandler) referenced from startup_tcpl03x.o(RESET)
 <LI><a href="#[13]">GFMul</a> from aes_cmac.o(.text.GFMul) referenced from aes_cmac.o(.text.AES_128)
 <LI><a href="#[d]">GPIO_IRQHandler</a> from tcpl03x_ll_gpio.o(.text.GPIO_IRQHandler) referenced from startup_tcpl03x.o(RESET)
 <LI><a href="#[2]">HardFault_Handler</a> from tcpl03x_ll_cortex.o(.text.HardFault_Handler) referenced from startup_tcpl03x.o(RESET)
 <LI><a href="#[a]">IWDG_IRQHandler</a> from tcpl03x_ll_wdg.o(.text.IWDG_IRQHandler) referenced from startup_tcpl03x.o(RESET)
 <LI><a href="#[1]">NMI_Handler</a> from tcpl03x_ll_cortex.o(.text.NMI_Handler) referenced from startup_tcpl03x.o(RESET)
 <LI><a href="#[8]">PWM_IRQHandler</a> from startup_tcpl03x.o(.text) referenced from startup_tcpl03x.o(RESET)
 <LI><a href="#[4]">PendSV_Handler</a> from startup_tcpl03x.o(.text) referenced from startup_tcpl03x.o(RESET)
 <LI><a href="#[e]">RESERVED_S_IRQHandler</a> from startup_tcpl03x.o(.text) referenced from startup_tcpl03x.o(RESET)
 <LI><a href="#[f]">RESERVED_T_IRQHandler</a> from startup_tcpl03x.o(.text) referenced from startup_tcpl03x.o(RESET)
 <LI><a href="#[0]">Reset_Handler</a> from startup_tcpl03x.o(.text) referenced from startup_tcpl03x.o(RESET)
 <LI><a href="#[b]">SCI_IRQHandler</a> from tcpl03x_ll_sci.o(.text.SCI_IRQHandler) referenced from startup_tcpl03x.o(RESET)
 <LI><a href="#[3]">SVC_Handler</a> from startup_tcpl03x.o(.text) referenced from startup_tcpl03x.o(RESET)
 <LI><a href="#[5]">SysTick_Handler</a> from pal_systick.o(.text.SysTick_Handler) referenced from startup_tcpl03x.o(RESET)
 <LI><a href="#[11]">SystemInit</a> from system_tcpl03x.o(.text.SystemInit) referenced from startup_tcpl03x.o(.text)
 <LI><a href="#[9]">TIMER_IRQHandler</a> from startup_tcpl03x.o(.text) referenced from startup_tcpl03x.o(RESET)
 <LI><a href="#[12]">TcMain</a> from app.o(.text.TcMain) referenced from startup_tcpl03x.o(.text)
 <LI><a href="#[10]">UART_IRQHandler</a> from tcpl03x_ll_sci.o(.text.UART_IRQHandler) referenced from startup_tcpl03x.o(RESET)
 <LI><a href="#[1f]">assign_config_word_handle</a> from dfu_uds_manager.o(.text.assign_config_word_handle) referenced from dfu_uds_manager.o(.rodata.dfu_process_ctx)
 <LI><a href="#[1e]">clear_dtc_info_handle</a> from dfu_uds_manager.o(.text.clear_dtc_info_handle) referenced from dfu_uds_manager.o(.rodata.dfu_process_ctx)
 <LI><a href="#[22]">communcation_control_handle</a> from dfu_uds_manager.o(.text.communcation_control_handle) referenced from dfu_uds_manager.o(.rodata.dfu_process_ctx)
 <LI><a href="#[24]">diagnostic_session_handle</a> from dfu_uds_manager.o(.text.diagnostic_session_handle) referenced from dfu_uds_manager.o(.rodata.dfu_process_ctx)
 <LI><a href="#[23]">dtc_control_handle</a> from dfu_uds_manager.o(.text.dtc_control_handle) referenced from dfu_uds_manager.o(.rodata.dfu_process_ctx)
 <LI><a href="#[19]">firmware_info_sync_handle</a> from dfu_uds_manager.o(.text.firmware_info_sync_handle) referenced from dfu_uds_manager.o(.rodata.dfu_process_ctx)
 <LI><a href="#[15]">leftLoop4int</a> from aes_cmac.o(.text.leftLoop4int) referenced from aes_cmac.o(.text.shiftRows)
 <LI><a href="#[14]">lin_lld_isr_callback</a> from pal_lin_tl_slv_cus.o(.text.lin_lld_isr_callback) referenced from dfu_uds_manager.o(.text.dfu_manager_init)
 <LI><a href="#[20]">read_by_identify_handle</a> from dfu_uds_manager.o(.text.read_by_identify_handle) referenced from dfu_uds_manager.o(.rodata.dfu_process_ctx)
 <LI><a href="#[21]">read_data_by_identify_handle</a> from dfu_uds_manager.o(.text.read_data_by_identify_handle) referenced from dfu_uds_manager.o(.rodata.dfu_process_ctx)
 <LI><a href="#[1b]">request_download_handle</a> from dfu_uds_manager.o(.text.request_download_handle) referenced from dfu_uds_manager.o(.rodata.dfu_process_ctx)
 <LI><a href="#[1d]">request_transfer_exit_handle</a> from dfu_uds_manager.o(.text.request_transfer_exit_handle) referenced from dfu_uds_manager.o(.rodata.dfu_process_ctx)
 <LI><a href="#[17]">reset_handle</a> from dfu_uds_manager.o(.text.reset_handle) referenced from dfu_uds_manager.o(.rodata.dfu_process_ctx)
 <LI><a href="#[1a]">routine_control_handle</a> from dfu_uds_manager.o(.text.routine_control_handle) referenced from dfu_uds_manager.o(.rodata.dfu_process_ctx)
 <LI><a href="#[18]">security_access_handle</a> from dfu_uds_manager.o(.text.security_access_handle) referenced from dfu_uds_manager.o(.rodata.dfu_process_ctx)
 <LI><a href="#[16]">session_control_handle</a> from dfu_uds_manager.o(.text.session_control_handle) referenced from dfu_uds_manager.o(.rodata.dfu_process_ctx)
 <LI><a href="#[1c]">transfer_data_handle</a> from dfu_uds_manager.o(.text.transfer_data_handle) referenced from dfu_uds_manager.o(.rodata.dfu_process_ctx)
</UL>
<P>
<H3>
Global Symbols
</H3>
<P><STRONG><a name="[0]"></a>Reset_Handler</STRONG> (Thumb, 30 bytes, Stack size 0 bytes, startup_tcpl03x.o(.text))
<BR>[Address Reference Count : 1]<UL><LI> startup_tcpl03x.o(RESET)
</UL>
<P><STRONG><a name="[3]"></a>SVC_Handler</STRONG> (Thumb, 2 bytes, Stack size 0 bytes, startup_tcpl03x.o(.text))
<BR><BR>[Calls]<UL><LI><a href="#[3]">&gt;&gt;</a>&nbsp;&nbsp;&nbsp;SVC_Handler
</UL>
<BR>[Called By]<UL><LI><a href="#[3]">&gt;&gt;</a>&nbsp;&nbsp;&nbsp;SVC_Handler
</UL>
<BR>[Address Reference Count : 1]<UL><LI> startup_tcpl03x.o(RESET)
</UL>
<P><STRONG><a name="[4]"></a>PendSV_Handler</STRONG> (Thumb, 2 bytes, Stack size 0 bytes, startup_tcpl03x.o(.text))
<BR><BR>[Calls]<UL><LI><a href="#[4]">&gt;&gt;</a>&nbsp;&nbsp;&nbsp;PendSV_Handler
</UL>
<BR>[Called By]<UL><LI><a href="#[4]">&gt;&gt;</a>&nbsp;&nbsp;&nbsp;PendSV_Handler
</UL>
<BR>[Address Reference Count : 1]<UL><LI> startup_tcpl03x.o(RESET)
</UL>
<P><STRONG><a name="[7]"></a>ADC_IRQHandler</STRONG> (Thumb, 0 bytes, Stack size 0 bytes, startup_tcpl03x.o(.text))
<BR><BR>[Calls]<UL><LI><a href="#[7]">&gt;&gt;</a>&nbsp;&nbsp;&nbsp;ADC_IRQHandler
</UL>
<BR>[Called By]<UL><LI><a href="#[7]">&gt;&gt;</a>&nbsp;&nbsp;&nbsp;ADC_IRQHandler
</UL>
<BR>[Address Reference Count : 1]<UL><LI> startup_tcpl03x.o(RESET)
</UL>
<P><STRONG><a name="[8]"></a>PWM_IRQHandler</STRONG> (Thumb, 0 bytes, Stack size 0 bytes, startup_tcpl03x.o(.text))
<BR>[Address Reference Count : 1]<UL><LI> startup_tcpl03x.o(RESET)
</UL>
<P><STRONG><a name="[e]"></a>RESERVED_S_IRQHandler</STRONG> (Thumb, 0 bytes, Stack size 0 bytes, startup_tcpl03x.o(.text))
<BR>[Address Reference Count : 1]<UL><LI> startup_tcpl03x.o(RESET)
</UL>
<P><STRONG><a name="[f]"></a>RESERVED_T_IRQHandler</STRONG> (Thumb, 0 bytes, Stack size 0 bytes, startup_tcpl03x.o(.text))
<BR>[Address Reference Count : 1]<UL><LI> startup_tcpl03x.o(RESET)
</UL>
<P><STRONG><a name="[9]"></a>TIMER_IRQHandler</STRONG> (Thumb, 0 bytes, Stack size 0 bytes, startup_tcpl03x.o(.text))
<BR>[Address Reference Count : 1]<UL><LI> startup_tcpl03x.o(RESET)
</UL>
<P><STRONG><a name="[88]"></a>__aeabi_llsr</STRONG> (Thumb, 34 bytes, Stack size 8 bytes, llushr.o(.text))
<BR><BR>[Stack]<UL><LI>Max Depth = 8<LI>Call Chain = __aeabi_llsr
</UL>
<BR>[Called By]<UL><LI><a href="#[86]">&gt;&gt;</a>&nbsp;&nbsp;&nbsp;sha256
</UL>

<P><STRONG><a name="[8c]"></a>_ll_ushift_r</STRONG> (Thumb, 0 bytes, Stack size 8 bytes, llushr.o(.text), UNUSED)

<P><STRONG><a name="[48]"></a>__aeabi_memcpy</STRONG> (Thumb, 36 bytes, Stack size 0 bytes, memcpya.o(.text))
<BR><BR>[Called By]<UL><LI><a href="#[69]">&gt;&gt;</a>&nbsp;&nbsp;&nbsp;ll_flash_write_reg_drv
<LI><a href="#[43]">&gt;&gt;</a>&nbsp;&nbsp;&nbsp;pal_store_data_set
<LI><a href="#[44]">&gt;&gt;</a>&nbsp;&nbsp;&nbsp;pal_store_data_get
<LI><a href="#[56]">&gt;&gt;</a>&nbsp;&nbsp;&nbsp;ll_flash_read
<LI><a href="#[4d]">&gt;&gt;</a>&nbsp;&nbsp;&nbsp;lin_uds_send
<LI><a href="#[5d]">&gt;&gt;</a>&nbsp;&nbsp;&nbsp;lin_uds_receive
<LI><a href="#[1c]">&gt;&gt;</a>&nbsp;&nbsp;&nbsp;transfer_data_handle
<LI><a href="#[18]">&gt;&gt;</a>&nbsp;&nbsp;&nbsp;security_access_handle
<LI><a href="#[19]">&gt;&gt;</a>&nbsp;&nbsp;&nbsp;firmware_info_sync_handle
<LI><a href="#[86]">&gt;&gt;</a>&nbsp;&nbsp;&nbsp;sha256
<LI><a href="#[47]">&gt;&gt;</a>&nbsp;&nbsp;&nbsp;bit_invert_swap_func
</UL>

<P><STRONG><a name="[8d]"></a>__aeabi_memcpy4</STRONG> (Thumb, 0 bytes, Stack size 0 bytes, memcpya.o(.text), UNUSED)

<P><STRONG><a name="[8e]"></a>__aeabi_memcpy8</STRONG> (Thumb, 0 bytes, Stack size 0 bytes, memcpya.o(.text), UNUSED)

<P><STRONG><a name="[26]"></a>__aeabi_memset</STRONG> (Thumb, 14 bytes, Stack size 0 bytes, memseta.o(.text))
<BR><BR>[Called By]<UL><LI><a href="#[27]">&gt;&gt;</a>&nbsp;&nbsp;&nbsp;_memset$wrapper
<LI><a href="#[25]">&gt;&gt;</a>&nbsp;&nbsp;&nbsp;__aeabi_memclr
</UL>

<P><STRONG><a name="[89]"></a>__aeabi_memset4</STRONG> (Thumb, 0 bytes, Stack size 0 bytes, memseta.o(.text))
<BR><BR>[Called By]<UL><LI><a href="#[85]">&gt;&gt;</a>&nbsp;&nbsp;&nbsp;user_read_data_by_id
</UL>

<P><STRONG><a name="[8f]"></a>__aeabi_memset8</STRONG> (Thumb, 0 bytes, Stack size 0 bytes, memseta.o(.text), UNUSED)

<P><STRONG><a name="[25]"></a>__aeabi_memclr</STRONG> (Thumb, 4 bytes, Stack size 0 bytes, memseta.o(.text))
<BR><BR>[Calls]<UL><LI><a href="#[26]">&gt;&gt;</a>&nbsp;&nbsp;&nbsp;__aeabi_memset
</UL>
<BR>[Called By]<UL><LI><a href="#[68]">&gt;&gt;</a>&nbsp;&nbsp;&nbsp;ll_flash_smart_write
<LI><a href="#[58]">&gt;&gt;</a>&nbsp;&nbsp;&nbsp;lin_callback_handle
</UL>

<P><STRONG><a name="[53]"></a>__aeabi_memclr4</STRONG> (Thumb, 0 bytes, Stack size 0 bytes, memseta.o(.text))
<BR><BR>[Called By]<UL><LI><a href="#[1a]">&gt;&gt;</a>&nbsp;&nbsp;&nbsp;routine_control_handle
<LI><a href="#[86]">&gt;&gt;</a>&nbsp;&nbsp;&nbsp;sha256
<LI><a href="#[3c]">&gt;&gt;</a>&nbsp;&nbsp;&nbsp;dfu_manager_init
</UL>

<P><STRONG><a name="[90]"></a>__aeabi_memclr8</STRONG> (Thumb, 0 bytes, Stack size 0 bytes, memseta.o(.text), UNUSED)

<P><STRONG><a name="[27]"></a>_memset$wrapper</STRONG> (Thumb, 18 bytes, Stack size 8 bytes, memseta.o(.text), UNUSED)
<BR><BR>[Calls]<UL><LI><a href="#[26]">&gt;&gt;</a>&nbsp;&nbsp;&nbsp;__aeabi_memset
</UL>

<P><STRONG><a name="[83]"></a>memcmp</STRONG> (Thumb, 26 bytes, Stack size 12 bytes, memcmp.o(.text))
<BR><BR>[Stack]<UL><LI>Max Depth = 12<LI>Call Chain = memcmp
</UL>
<BR>[Called By]<UL><LI><a href="#[43]">&gt;&gt;</a>&nbsp;&nbsp;&nbsp;pal_store_data_set
</UL>

<P><STRONG><a name="[70]"></a>__aeabi_uidiv</STRONG> (Thumb, 0 bytes, Stack size 16 bytes, uidiv_div0.o(.text))
<BR><BR>[Stack]<UL><LI>Max Depth = 16<LI>Call Chain = __aeabi_uidiv
</UL>
<BR>[Called By]<UL><LI><a href="#[6e]">&gt;&gt;</a>&nbsp;&nbsp;&nbsp;ll_sci_baudrate_config
<LI><a href="#[39]">&gt;&gt;</a>&nbsp;&nbsp;&nbsp;sys_core_clock_update
</UL>

<P><STRONG><a name="[6b]"></a>__aeabi_uidivmod</STRONG> (Thumb, 62 bytes, Stack size 16 bytes, uidiv_div0.o(.text))
<BR><BR>[Stack]<UL><LI>Max Depth = 16<LI>Call Chain = __aeabi_uidivmod
</UL>
<BR>[Called By]<UL><LI><a href="#[46]">&gt;&gt;</a>&nbsp;&nbsp;&nbsp;ll_gpio_afio_config
</UL>

<P><STRONG><a name="[28]"></a>AES_128</STRONG> (Thumb, 256 bytes, Stack size 200 bytes, aes_cmac.o(.text.AES_128))
<BR><BR>[Stack]<UL><LI>Max Depth = 272<LI>Call Chain = AES_128 &rArr; extendKey &rArr; leftLoop4int
</UL>
<BR>[Calls]<UL><LI><a href="#[2c]">&gt;&gt;</a>&nbsp;&nbsp;&nbsp;subBytes
<LI><a href="#[2d]">&gt;&gt;</a>&nbsp;&nbsp;&nbsp;shiftRows
<LI><a href="#[29]">&gt;&gt;</a>&nbsp;&nbsp;&nbsp;extendKey
<LI><a href="#[2a]">&gt;&gt;</a>&nbsp;&nbsp;&nbsp;convertToIntArray
<LI><a href="#[2e]">&gt;&gt;</a>&nbsp;&nbsp;&nbsp;convertArrayToStr
<LI><a href="#[2b]">&gt;&gt;</a>&nbsp;&nbsp;&nbsp;addRoundKey
</UL>
<BR>[Called By]<UL><LI><a href="#[34]">&gt;&gt;</a>&nbsp;&nbsp;&nbsp;generate_subkey
<LI><a href="#[3e]">&gt;&gt;</a>&nbsp;&nbsp;&nbsp;aes_cmac
<LI><a href="#[33]">&gt;&gt;</a>&nbsp;&nbsp;&nbsp;Gen_CMACkey
</UL>

<P><STRONG><a name="[c]"></a>AON_IRQHandler</STRONG> (Thumb, 12 bytes, Stack size 0 bytes, tcpl03x_ll_sys.o(.text.AON_IRQHandler))
<BR>[Address Reference Count : 1]<UL><LI> startup_tcpl03x.o(RESET)
</UL>
<P><STRONG><a name="[6]"></a>FLASH_IRQHandler</STRONG> (Thumb, 20 bytes, Stack size 0 bytes, tcpl03x_ll_flash_cus.o(.text.FLASH_IRQHandler))
<BR>[Address Reference Count : 1]<UL><LI> startup_tcpl03x.o(RESET)
</UL>
<P><STRONG><a name="[d]"></a>GPIO_IRQHandler</STRONG> (Thumb, 40 bytes, Stack size 16 bytes, tcpl03x_ll_gpio.o(.text.GPIO_IRQHandler))
<BR><BR>[Stack]<UL><LI>Max Depth = 16<LI>Call Chain = GPIO_IRQHandler
</UL>
<BR>[Address Reference Count : 1]<UL><LI> startup_tcpl03x.o(RESET)
</UL>
<P><STRONG><a name="[33]"></a>Gen_CMACkey</STRONG> (Thumb, 76 bytes, Stack size 16 bytes, aes_cmac.o(.text.Gen_CMACkey))
<BR><BR>[Stack]<UL><LI>Max Depth = 352<LI>Call Chain = Gen_CMACkey &rArr; generate_subkey &rArr; AES_128 &rArr; extendKey &rArr; leftLoop4int
</UL>
<BR>[Calls]<UL><LI><a href="#[34]">&gt;&gt;</a>&nbsp;&nbsp;&nbsp;generate_subkey
<LI><a href="#[28]">&gt;&gt;</a>&nbsp;&nbsp;&nbsp;AES_128
</UL>
<BR>[Called By]<UL><LI><a href="#[3c]">&gt;&gt;</a>&nbsp;&nbsp;&nbsp;dfu_manager_init
</UL>

<P><STRONG><a name="[2]"></a>HardFault_Handler</STRONG> (Thumb, 4 bytes, Stack size 0 bytes, tcpl03x_ll_cortex.o(.text.HardFault_Handler))
<BR><BR>[Calls]<UL><LI><a href="#[35]">&gt;&gt;</a>&nbsp;&nbsp;&nbsp;__NVIC_SystemReset
</UL>
<BR>[Address Reference Count : 1]<UL><LI> startup_tcpl03x.o(RESET)
</UL>
<P><STRONG><a name="[a]"></a>IWDG_IRQHandler</STRONG> (Thumb, 48 bytes, Stack size 8 bytes, tcpl03x_ll_wdg.o(.text.IWDG_IRQHandler))
<BR><BR>[Stack]<UL><LI>Max Depth = 8<LI>Call Chain = IWDG_IRQHandler
</UL>
<BR>[Address Reference Count : 1]<UL><LI> startup_tcpl03x.o(RESET)
</UL>
<P><STRONG><a name="[1]"></a>NMI_Handler</STRONG> (Thumb, 4 bytes, Stack size 0 bytes, tcpl03x_ll_cortex.o(.text.NMI_Handler))
<BR><BR>[Calls]<UL><LI><a href="#[35]">&gt;&gt;</a>&nbsp;&nbsp;&nbsp;__NVIC_SystemReset
</UL>
<BR>[Address Reference Count : 1]<UL><LI> startup_tcpl03x.o(RESET)
</UL>
<P><STRONG><a name="[b]"></a>SCI_IRQHandler</STRONG> (Thumb, 52 bytes, Stack size 16 bytes, tcpl03x_ll_sci.o(.text.SCI_IRQHandler))
<BR><BR>[Stack]<UL><LI>Max Depth = 16<LI>Call Chain = SCI_IRQHandler
</UL>
<BR>[Address Reference Count : 1]<UL><LI> startup_tcpl03x.o(RESET)
</UL>
<P><STRONG><a name="[5]"></a>SysTick_Handler</STRONG> (Thumb, 16 bytes, Stack size 8 bytes, pal_systick.o(.text.SysTick_Handler))
<BR><BR>[Stack]<UL><LI>Max Depth = 96<LI>Call Chain = SysTick_Handler &rArr; os_task_update &rArr; dfu_do_notify_response &rArr; dfu_do_notify_cp &rArr; lin_uds_send
</UL>
<BR>[Calls]<UL><LI><a href="#[36]">&gt;&gt;</a>&nbsp;&nbsp;&nbsp;os_task_update
</UL>
<BR>[Address Reference Count : 1]<UL><LI> startup_tcpl03x.o(RESET)
</UL>
<P><STRONG><a name="[11]"></a>SystemInit</STRONG> (Thumb, 92 bytes, Stack size 16 bytes, system_tcpl03x.o(.text.SystemInit))
<BR><BR>[Stack]<UL><LI>Max Depth = 40<LI>Call Chain = SystemInit &rArr; sys_core_clock_update &rArr; __aeabi_uidiv
</UL>
<BR>[Calls]<UL><LI><a href="#[3b]">&gt;&gt;</a>&nbsp;&nbsp;&nbsp;sys_trimvalue_load
<LI><a href="#[3a]">&gt;&gt;</a>&nbsp;&nbsp;&nbsp;sys_pclk_config
<LI><a href="#[38]">&gt;&gt;</a>&nbsp;&nbsp;&nbsp;sys_hclk_config
<LI><a href="#[39]">&gt;&gt;</a>&nbsp;&nbsp;&nbsp;sys_core_clock_update
<LI><a href="#[37]">&gt;&gt;</a>&nbsp;&nbsp;&nbsp;data_rw_init
</UL>
<BR>[Address Reference Count : 1]<UL><LI> startup_tcpl03x.o(.text)
</UL>
<P><STRONG><a name="[12]"></a>TcMain</STRONG> (Thumb, 18 bytes, Stack size 0 bytes, app.o(.text.TcMain))
<BR><BR>[Stack]<UL><LI>Max Depth = 656<LI>Call Chain = TcMain &rArr; main_loops &rArr; lin_exception_handle &rArr; pal_store_data_set &rArr; ll_flash_smart_write &rArr; ll_flash_write_reg_drv
</UL>
<BR>[Calls]<UL><LI><a href="#[3d]">&gt;&gt;</a>&nbsp;&nbsp;&nbsp;main_loops
<LI><a href="#[3c]">&gt;&gt;</a>&nbsp;&nbsp;&nbsp;dfu_manager_init
</UL>
<BR>[Address Reference Count : 1]<UL><LI> startup_tcpl03x.o(.text)
</UL>
<P><STRONG><a name="[10]"></a>UART_IRQHandler</STRONG> (Thumb, 32 bytes, Stack size 16 bytes, tcpl03x_ll_sci.o(.text.UART_IRQHandler))
<BR><BR>[Stack]<UL><LI>Max Depth = 16<LI>Call Chain = UART_IRQHandler
</UL>
<BR>[Address Reference Count : 1]<UL><LI> startup_tcpl03x.o(RESET)
</UL>
<P><STRONG><a name="[3e]"></a>aes_cmac</STRONG> (Thumb, 178 bytes, Stack size 128 bytes, aes_cmac.o(.text.aes_cmac))
<BR><BR>[Stack]<UL><LI>Max Depth = 464<LI>Call Chain = aes_cmac &rArr; generate_subkey &rArr; AES_128 &rArr; extendKey &rArr; leftLoop4int
</UL>
<BR>[Calls]<UL><LI><a href="#[40]">&gt;&gt;</a>&nbsp;&nbsp;&nbsp;xor_128
<LI><a href="#[3f]">&gt;&gt;</a>&nbsp;&nbsp;&nbsp;padding
<LI><a href="#[34]">&gt;&gt;</a>&nbsp;&nbsp;&nbsp;generate_subkey
<LI><a href="#[28]">&gt;&gt;</a>&nbsp;&nbsp;&nbsp;AES_128
</UL>
<BR>[Called By]<UL><LI><a href="#[18]">&gt;&gt;</a>&nbsp;&nbsp;&nbsp;security_access_handle
<LI><a href="#[1a]">&gt;&gt;</a>&nbsp;&nbsp;&nbsp;routine_control_handle
</UL>

<P><STRONG><a name="[47]"></a>bit_invert_swap_func</STRONG> (Thumb, 88 bytes, Stack size 32 bytes, utilities.o(.text.bit_invert_swap_func))
<BR><BR>[Stack]<UL><LI>Max Depth = 32<LI>Call Chain = bit_invert_swap_func
</UL>
<BR>[Calls]<UL><LI><a href="#[48]">&gt;&gt;</a>&nbsp;&nbsp;&nbsp;__aeabi_memcpy
</UL>
<BR>[Called By]<UL><LI><a href="#[49]">&gt;&gt;</a>&nbsp;&nbsp;&nbsp;crc16_calculate_func
</UL>

<P><STRONG><a name="[7c]"></a>checksum_calculate_func</STRONG> (Thumb, 30 bytes, Stack size 0 bytes, utilities.o(.text.checksum_calculate_func))
<BR><BR>[Called By]<UL><LI><a href="#[63]">&gt;&gt;</a>&nbsp;&nbsp;&nbsp;pal_lin_checksum_calib
</UL>

<P><STRONG><a name="[22]"></a>communcation_control_handle</STRONG> (Thumb, 92 bytes, Stack size 8 bytes, dfu_uds_manager.o(.text.communcation_control_handle))
<BR><BR>[Stack]<UL><LI>Max Depth = 88<LI>Call Chain = communcation_control_handle &rArr; dfu_do_notify_response &rArr; dfu_do_notify_cp &rArr; lin_uds_send
</UL>
<BR>[Calls]<UL><LI><a href="#[42]">&gt;&gt;</a>&nbsp;&nbsp;&nbsp;dfu_do_notify_response
</UL>
<BR>[Address Reference Count : 1]<UL><LI> dfu_uds_manager.o(.rodata.dfu_process_ctx)
</UL>
<P><STRONG><a name="[49]"></a>crc16_calculate_func</STRONG> (Thumb, 68 bytes, Stack size 24 bytes, utilities.o(.text.crc16_calculate_func))
<BR><BR>[Stack]<UL><LI>Max Depth = 56<LI>Call Chain = crc16_calculate_func &rArr; bit_invert_swap_func
</UL>
<BR>[Calls]<UL><LI><a href="#[47]">&gt;&gt;</a>&nbsp;&nbsp;&nbsp;bit_invert_swap_func
</UL>
<BR>[Called By]<UL><LI><a href="#[43]">&gt;&gt;</a>&nbsp;&nbsp;&nbsp;pal_store_data_set
<LI><a href="#[44]">&gt;&gt;</a>&nbsp;&nbsp;&nbsp;pal_store_data_get
</UL>

<P><STRONG><a name="[37]"></a>data_rw_init</STRONG> (Thumb, 44 bytes, Stack size 8 bytes, system_tcpl03x.o(.text.data_rw_init))
<BR><BR>[Stack]<UL><LI>Max Depth = 8<LI>Call Chain = data_rw_init
</UL>
<BR>[Called By]<UL><LI><a href="#[11]">&gt;&gt;</a>&nbsp;&nbsp;&nbsp;SystemInit
</UL>

<P><STRONG><a name="[4a]"></a>delay_ms</STRONG> (Thumb, 28 bytes, Stack size 16 bytes, pal_systick.o(.text.delay_ms))
<BR><BR>[Stack]<UL><LI>Max Depth = 16<LI>Call Chain = delay_ms
</UL>
<BR>[Calls]<UL><LI><a href="#[4b]">&gt;&gt;</a>&nbsp;&nbsp;&nbsp;systick_diff
</UL>
<BR>[Called By]<UL><LI><a href="#[16]">&gt;&gt;</a>&nbsp;&nbsp;&nbsp;session_control_handle
<LI><a href="#[1a]">&gt;&gt;</a>&nbsp;&nbsp;&nbsp;routine_control_handle
<LI><a href="#[17]">&gt;&gt;</a>&nbsp;&nbsp;&nbsp;reset_handle
<LI><a href="#[3d]">&gt;&gt;</a>&nbsp;&nbsp;&nbsp;main_loops
</UL>

<P><STRONG><a name="[3c]"></a>dfu_manager_init</STRONG> (Thumb, 48 bytes, Stack size 8 bytes, dfu_uds_manager.o(.text.dfu_manager_init))
<BR><BR>[Stack]<UL><LI>Max Depth = 360<LI>Call Chain = dfu_manager_init &rArr; Gen_CMACkey &rArr; generate_subkey &rArr; AES_128 &rArr; extendKey &rArr; leftLoop4int
</UL>
<BR>[Calls]<UL><LI><a href="#[50]">&gt;&gt;</a>&nbsp;&nbsp;&nbsp;wdg_init
<LI><a href="#[54]">&gt;&gt;</a>&nbsp;&nbsp;&nbsp;pal_lin_init
<LI><a href="#[52]">&gt;&gt;</a>&nbsp;&nbsp;&nbsp;dfu_store_system_data_init
<LI><a href="#[51]">&gt;&gt;</a>&nbsp;&nbsp;&nbsp;logging_init
<LI><a href="#[33]">&gt;&gt;</a>&nbsp;&nbsp;&nbsp;Gen_CMACkey
<LI><a href="#[53]">&gt;&gt;</a>&nbsp;&nbsp;&nbsp;__aeabi_memclr4
</UL>
<BR>[Called By]<UL><LI><a href="#[12]">&gt;&gt;</a>&nbsp;&nbsp;&nbsp;TcMain
</UL>

<P><STRONG><a name="[55]"></a>dfu_session_parameter_resp</STRONG> (Thumb, 32 bytes, Stack size 16 bytes, dfu_uds_manager.o(.text.dfu_session_parameter_resp))
<BR><BR>[Stack]<UL><LI>Max Depth = 88<LI>Call Chain = dfu_session_parameter_resp &rArr; dfu_do_notify_cp &rArr; lin_uds_send
</UL>
<BR>[Calls]<UL><LI><a href="#[4c]">&gt;&gt;</a>&nbsp;&nbsp;&nbsp;dfu_do_notify_cp
</UL>
<BR>[Called By]<UL><LI><a href="#[16]">&gt;&gt;</a>&nbsp;&nbsp;&nbsp;session_control_handle
<LI><a href="#[3d]">&gt;&gt;</a>&nbsp;&nbsp;&nbsp;main_loops
</UL>

<P><STRONG><a name="[52]"></a>dfu_store_system_data_init</STRONG> (Thumb, 44 bytes, Stack size 16 bytes, dfu_uds_manager.o(.text.dfu_store_system_data_init))
<BR><BR>[Stack]<UL><LI>Max Depth = 64<LI>Call Chain = dfu_store_system_data_init &rArr; ll_flash_read
</UL>
<BR>[Calls]<UL><LI><a href="#[45]">&gt;&gt;</a>&nbsp;&nbsp;&nbsp;uds_diagnostic_configword_remap_nad
<LI><a href="#[56]">&gt;&gt;</a>&nbsp;&nbsp;&nbsp;ll_flash_read
</UL>
<BR>[Called By]<UL><LI><a href="#[3c]">&gt;&gt;</a>&nbsp;&nbsp;&nbsp;dfu_manager_init
</UL>

<P><STRONG><a name="[7b]"></a>dfu_timeout_handle</STRONG> (Thumb, 28 bytes, Stack size 0 bytes, dfu_uds_manager.o(.text.dfu_timeout_handle))
<BR><BR>[Called By]<UL><LI><a href="#[36]">&gt;&gt;</a>&nbsp;&nbsp;&nbsp;os_task_update
</UL>

<P><STRONG><a name="[24]"></a>diagnostic_session_handle</STRONG> (Thumb, 44 bytes, Stack size 8 bytes, dfu_uds_manager.o(.text.diagnostic_session_handle))
<BR><BR>[Stack]<UL><LI>Max Depth = 88<LI>Call Chain = diagnostic_session_handle &rArr; dfu_do_notify_response &rArr; dfu_do_notify_cp &rArr; lin_uds_send
</UL>
<BR>[Calls]<UL><LI><a href="#[42]">&gt;&gt;</a>&nbsp;&nbsp;&nbsp;dfu_do_notify_response
</UL>
<BR>[Address Reference Count : 1]<UL><LI> dfu_uds_manager.o(.rodata.dfu_process_ctx)
</UL>
<P><STRONG><a name="[23]"></a>dtc_control_handle</STRONG> (Thumb, 76 bytes, Stack size 8 bytes, dfu_uds_manager.o(.text.dtc_control_handle))
<BR><BR>[Stack]<UL><LI>Max Depth = 88<LI>Call Chain = dtc_control_handle &rArr; dfu_do_notify_response &rArr; dfu_do_notify_cp &rArr; lin_uds_send
</UL>
<BR>[Calls]<UL><LI><a href="#[42]">&gt;&gt;</a>&nbsp;&nbsp;&nbsp;dfu_do_notify_response
</UL>
<BR>[Address Reference Count : 1]<UL><LI> dfu_uds_manager.o(.rodata.dfu_process_ctx)
</UL>
<P><STRONG><a name="[34]"></a>generate_subkey</STRONG> (Thumb, 116 bytes, Stack size 64 bytes, aes_cmac.o(.text.generate_subkey))
<BR><BR>[Stack]<UL><LI>Max Depth = 336<LI>Call Chain = generate_subkey &rArr; AES_128 &rArr; extendKey &rArr; leftLoop4int
</UL>
<BR>[Calls]<UL><LI><a href="#[40]">&gt;&gt;</a>&nbsp;&nbsp;&nbsp;xor_128
<LI><a href="#[57]">&gt;&gt;</a>&nbsp;&nbsp;&nbsp;leftshift_onebit
<LI><a href="#[28]">&gt;&gt;</a>&nbsp;&nbsp;&nbsp;AES_128
</UL>
<BR>[Called By]<UL><LI><a href="#[3e]">&gt;&gt;</a>&nbsp;&nbsp;&nbsp;aes_cmac
<LI><a href="#[33]">&gt;&gt;</a>&nbsp;&nbsp;&nbsp;Gen_CMACkey
</UL>

<P><STRONG><a name="[57]"></a>leftshift_onebit</STRONG> (Thumb, 36 bytes, Stack size 8 bytes, aes_cmac.o(.text.leftshift_onebit))
<BR><BR>[Stack]<UL><LI>Max Depth = 8<LI>Call Chain = leftshift_onebit
</UL>
<BR>[Called By]<UL><LI><a href="#[34]">&gt;&gt;</a>&nbsp;&nbsp;&nbsp;generate_subkey
</UL>

<P><STRONG><a name="[58]"></a>lin_callback_handle</STRONG> (Thumb, 592 bytes, Stack size 32 bytes, pal_lin_tl_slv_cus.o(.text.lin_callback_handle))
<BR><BR>[Stack]<UL><LI>Max Depth = 80<LI>Call Chain = lin_callback_handle &rArr; pal_lin_tx_response &rArr; ll_lin_transmit &rArr; ll_sci_state_clear
</UL>
<BR>[Calls]<UL><LI><a href="#[5b]">&gt;&gt;</a>&nbsp;&nbsp;&nbsp;pal_lin_tx_response
<LI><a href="#[5a]">&gt;&gt;</a>&nbsp;&nbsp;&nbsp;pal_lin_rx_response
<LI><a href="#[25]">&gt;&gt;</a>&nbsp;&nbsp;&nbsp;__aeabi_memclr
<LI><a href="#[59]">&gt;&gt;</a>&nbsp;&nbsp;&nbsp;lin_sci_baudrate_update
</UL>
<BR>[Called By]<UL><LI><a href="#[14]">&gt;&gt;</a>&nbsp;&nbsp;&nbsp;lin_lld_isr_callback
</UL>

<P><STRONG><a name="[5c]"></a>lin_diag_service_handle</STRONG> (Thumb, 108 bytes, Stack size 24 bytes, dfu_uds_manager.o(.text.lin_diag_service_handle))
<BR><BR>[Stack]<UL><LI>Max Depth = 104<LI>Call Chain = lin_diag_service_handle &rArr; dfu_do_notify_response &rArr; dfu_do_notify_cp &rArr; lin_uds_send
</UL>
<BR>[Calls]<UL><LI><a href="#[5d]">&gt;&gt;</a>&nbsp;&nbsp;&nbsp;lin_uds_receive
<LI><a href="#[41]">&gt;&gt;</a>&nbsp;&nbsp;&nbsp;lin_get_uds_nad
<LI><a href="#[42]">&gt;&gt;</a>&nbsp;&nbsp;&nbsp;dfu_do_notify_response
</UL>
<BR>[Called By]<UL><LI><a href="#[3d]">&gt;&gt;</a>&nbsp;&nbsp;&nbsp;main_loops
</UL>

<P><STRONG><a name="[5e]"></a>lin_exception_handle</STRONG> (Thumb, 76 bytes, Stack size 8 bytes, dfu_uds_manager.o(.text.lin_exception_handle))
<BR><BR>[Stack]<UL><LI>Max Depth = 632<LI>Call Chain = lin_exception_handle &rArr; pal_store_data_set &rArr; ll_flash_smart_write &rArr; ll_flash_write_reg_drv
</UL>
<BR>[Calls]<UL><LI><a href="#[5f]">&gt;&gt;</a>&nbsp;&nbsp;&nbsp;pal_store_read
<LI><a href="#[43]">&gt;&gt;</a>&nbsp;&nbsp;&nbsp;pal_store_data_set
<LI><a href="#[60]">&gt;&gt;</a>&nbsp;&nbsp;&nbsp;__NVIC_SystemReset
</UL>
<BR>[Called By]<UL><LI><a href="#[3d]">&gt;&gt;</a>&nbsp;&nbsp;&nbsp;main_loops
</UL>

<P><STRONG><a name="[41]"></a>lin_get_uds_nad</STRONG> (Thumb, 8 bytes, Stack size 0 bytes, pal_lin_tl_slv_cus.o(.text.lin_get_uds_nad))
<BR><BR>[Called By]<UL><LI><a href="#[21]">&gt;&gt;</a>&nbsp;&nbsp;&nbsp;read_data_by_identify_handle
<LI><a href="#[5c]">&gt;&gt;</a>&nbsp;&nbsp;&nbsp;lin_diag_service_handle
<LI><a href="#[1c]">&gt;&gt;</a>&nbsp;&nbsp;&nbsp;transfer_data_handle
<LI><a href="#[18]">&gt;&gt;</a>&nbsp;&nbsp;&nbsp;security_access_handle
<LI><a href="#[1a]">&gt;&gt;</a>&nbsp;&nbsp;&nbsp;routine_control_handle
<LI><a href="#[1d]">&gt;&gt;</a>&nbsp;&nbsp;&nbsp;request_transfer_exit_handle
<LI><a href="#[1b]">&gt;&gt;</a>&nbsp;&nbsp;&nbsp;request_download_handle
<LI><a href="#[20]">&gt;&gt;</a>&nbsp;&nbsp;&nbsp;read_by_identify_handle
<LI><a href="#[19]">&gt;&gt;</a>&nbsp;&nbsp;&nbsp;firmware_info_sync_handle
<LI><a href="#[1f]">&gt;&gt;</a>&nbsp;&nbsp;&nbsp;assign_config_word_handle
</UL>

<P><STRONG><a name="[14]"></a>lin_lld_isr_callback</STRONG> (Thumb, 348 bytes, Stack size 32 bytes, pal_lin_tl_slv_cus.o(.text.lin_lld_isr_callback))
<BR><BR>[Stack]<UL><LI>Max Depth = 112<LI>Call Chain = lin_lld_isr_callback &rArr; lin_callback_handle &rArr; pal_lin_tx_response &rArr; ll_lin_transmit &rArr; ll_sci_state_clear
</UL>
<BR>[Calls]<UL><LI><a href="#[65]">&gt;&gt;</a>&nbsp;&nbsp;&nbsp;pal_lin_tx_4byte
<LI><a href="#[61]">&gt;&gt;</a>&nbsp;&nbsp;&nbsp;pal_lin_read_byte
<LI><a href="#[62]">&gt;&gt;</a>&nbsp;&nbsp;&nbsp;pal_lin_parity_calib
<LI><a href="#[63]">&gt;&gt;</a>&nbsp;&nbsp;&nbsp;pal_lin_checksum_calib
<LI><a href="#[64]">&gt;&gt;</a>&nbsp;&nbsp;&nbsp;pal_lin_abort_handle
<LI><a href="#[58]">&gt;&gt;</a>&nbsp;&nbsp;&nbsp;lin_callback_handle
</UL>
<BR>[Address Reference Count : 1]<UL><LI> dfu_uds_manager.o(.text.dfu_manager_init)
</UL>
<P><STRONG><a name="[59]"></a>lin_sci_baudrate_update</STRONG> (Thumb, 2 bytes, Stack size 0 bytes, pal_lin_tl_slv_cus.o(.text.lin_sci_baudrate_update))
<BR><BR>[Called By]<UL><LI><a href="#[58]">&gt;&gt;</a>&nbsp;&nbsp;&nbsp;lin_callback_handle
</UL>

<P><STRONG><a name="[4f]"></a>lin_uds_negative_response</STRONG> (Thumb, 96 bytes, Stack size 16 bytes, pal_lin_tl_slv_cus.o(.text.lin_uds_negative_response))
<BR><BR>[Stack]<UL><LI>Max Depth = 16<LI>Call Chain = lin_uds_negative_response
</UL>
<BR>[Called By]<UL><LI><a href="#[1a]">&gt;&gt;</a>&nbsp;&nbsp;&nbsp;routine_control_handle
<LI><a href="#[42]">&gt;&gt;</a>&nbsp;&nbsp;&nbsp;dfu_do_notify_response
</UL>

<P><STRONG><a name="[5d]"></a>lin_uds_receive</STRONG> (Thumb, 324 bytes, Stack size 48 bytes, pal_lin_tl_slv_cus.o(.text.lin_uds_receive))
<BR><BR>[Stack]<UL><LI>Max Depth = 48<LI>Call Chain = lin_uds_receive
</UL>
<BR>[Calls]<UL><LI><a href="#[48]">&gt;&gt;</a>&nbsp;&nbsp;&nbsp;__aeabi_memcpy
</UL>
<BR>[Called By]<UL><LI><a href="#[5c]">&gt;&gt;</a>&nbsp;&nbsp;&nbsp;lin_diag_service_handle
</UL>

<P><STRONG><a name="[4d]"></a>lin_uds_send</STRONG> (Thumb, 272 bytes, Stack size 40 bytes, pal_lin_tl_slv_cus.o(.text.lin_uds_send))
<BR><BR>[Stack]<UL><LI>Max Depth = 40<LI>Call Chain = lin_uds_send
</UL>
<BR>[Calls]<UL><LI><a href="#[48]">&gt;&gt;</a>&nbsp;&nbsp;&nbsp;__aeabi_memcpy
</UL>
<BR>[Called By]<UL><LI><a href="#[4e]">&gt;&gt;</a>&nbsp;&nbsp;&nbsp;dfu_do_notify_cp_ex
<LI><a href="#[4c]">&gt;&gt;</a>&nbsp;&nbsp;&nbsp;dfu_do_notify_cp
</UL>

<P><STRONG><a name="[78]"></a>lin_update_random_value</STRONG> (Thumb, 48 bytes, Stack size 8 bytes, dfu_uds_manager.o(.text.lin_update_random_value))
<BR><BR>[Stack]<UL><LI>Max Depth = 8<LI>Call Chain = lin_update_random_value
</UL>
<BR>[Called By]<UL><LI><a href="#[3d]">&gt;&gt;</a>&nbsp;&nbsp;&nbsp;main_loops
</UL>

<P><STRONG><a name="[66]"></a>ll_flash_erase_drv</STRONG> (Thumb, 56 bytes, Stack size 16 bytes, tcpl03x_ll_flash_cus.o(.text.ll_flash_erase_drv))
<BR><BR>[Stack]<UL><LI>Max Depth = 40<LI>Call Chain = ll_flash_erase_drv &rArr; ll_flash_erase_reg_drv
</UL>
<BR>[Calls]<UL><LI><a href="#[67]">&gt;&gt;</a>&nbsp;&nbsp;&nbsp;ll_flash_erase_reg_drv
</UL>
<BR>[Called By]<UL><LI><a href="#[1a]">&gt;&gt;</a>&nbsp;&nbsp;&nbsp;routine_control_handle
</UL>

<P><STRONG><a name="[56]"></a>ll_flash_read</STRONG> (Thumb, 194 bytes, Stack size 48 bytes, tcpl03x_ll_flash_cus.o(.text.ll_flash_read))
<BR><BR>[Stack]<UL><LI>Max Depth = 48<LI>Call Chain = ll_flash_read
</UL>
<BR>[Calls]<UL><LI><a href="#[48]">&gt;&gt;</a>&nbsp;&nbsp;&nbsp;__aeabi_memcpy
</UL>
<BR>[Called By]<UL><LI><a href="#[5f]">&gt;&gt;</a>&nbsp;&nbsp;&nbsp;pal_store_read
<LI><a href="#[43]">&gt;&gt;</a>&nbsp;&nbsp;&nbsp;pal_store_data_set
<LI><a href="#[44]">&gt;&gt;</a>&nbsp;&nbsp;&nbsp;pal_store_data_get
<LI><a href="#[52]">&gt;&gt;</a>&nbsp;&nbsp;&nbsp;dfu_store_system_data_init
<LI><a href="#[85]">&gt;&gt;</a>&nbsp;&nbsp;&nbsp;user_read_data_by_id
</UL>

<P><STRONG><a name="[68]"></a>ll_flash_smart_write</STRONG> (Thumb, 108 bytes, Stack size 24 bytes, tcpl03x_ll_flash_cus.o(.text.ll_flash_smart_write))
<BR><BR>[Stack]<UL><LI>Max Depth = 72<LI>Call Chain = ll_flash_smart_write &rArr; ll_flash_write_reg_drv
</UL>
<BR>[Calls]<UL><LI><a href="#[69]">&gt;&gt;</a>&nbsp;&nbsp;&nbsp;ll_flash_write_reg_drv
<LI><a href="#[67]">&gt;&gt;</a>&nbsp;&nbsp;&nbsp;ll_flash_erase_reg_drv
<LI><a href="#[25]">&gt;&gt;</a>&nbsp;&nbsp;&nbsp;__aeabi_memclr
</UL>
<BR>[Called By]<UL><LI><a href="#[43]">&gt;&gt;</a>&nbsp;&nbsp;&nbsp;pal_store_data_set
</UL>

<P><STRONG><a name="[6a]"></a>ll_flash_write_drv</STRONG> (Thumb, 68 bytes, Stack size 24 bytes, tcpl03x_ll_flash_cus.o(.text.ll_flash_write_drv))
<BR><BR>[Stack]<UL><LI>Max Depth = 72<LI>Call Chain = ll_flash_write_drv &rArr; ll_flash_write_reg_drv
</UL>
<BR>[Calls]<UL><LI><a href="#[69]">&gt;&gt;</a>&nbsp;&nbsp;&nbsp;ll_flash_write_reg_drv
</UL>
<BR>[Called By]<UL><LI><a href="#[1c]">&gt;&gt;</a>&nbsp;&nbsp;&nbsp;transfer_data_handle
<LI><a href="#[1a]">&gt;&gt;</a>&nbsp;&nbsp;&nbsp;routine_control_handle
</UL>

<P><STRONG><a name="[46]"></a>ll_gpio_afio_config</STRONG> (Thumb, 32 bytes, Stack size 16 bytes, tcpl03x_ll_gpio.o(.text.ll_gpio_afio_config))
<BR><BR>[Stack]<UL><LI>Max Depth = 32<LI>Call Chain = ll_gpio_afio_config &rArr; __aeabi_uidivmod
</UL>
<BR>[Calls]<UL><LI><a href="#[6b]">&gt;&gt;</a>&nbsp;&nbsp;&nbsp;__aeabi_uidivmod
</UL>
<BR>[Called By]<UL><LI><a href="#[73]">&gt;&gt;</a>&nbsp;&nbsp;&nbsp;ll_sci_init
<LI><a href="#[1f]">&gt;&gt;</a>&nbsp;&nbsp;&nbsp;assign_config_word_handle
</UL>

<P><STRONG><a name="[80]"></a>ll_lin_pid_read</STRONG> (Thumb, 36 bytes, Stack size 0 bytes, tcpl03x_ll_sci.o(.text.ll_lin_pid_read))
<BR><BR>[Called By]<UL><LI><a href="#[61]">&gt;&gt;</a>&nbsp;&nbsp;&nbsp;pal_lin_read_byte
</UL>

<P><STRONG><a name="[7f]"></a>ll_lin_read_byte</STRONG> (Thumb, 40 bytes, Stack size 0 bytes, tcpl03x_ll_sci.o(.text.ll_lin_read_byte))
<BR><BR>[Called By]<UL><LI><a href="#[61]">&gt;&gt;</a>&nbsp;&nbsp;&nbsp;pal_lin_read_byte
</UL>

<P><STRONG><a name="[81]"></a>ll_lin_receive</STRONG> (Thumb, 60 bytes, Stack size 0 bytes, tcpl03x_ll_sci.o(.text.ll_lin_receive))
<BR><BR>[Called By]<UL><LI><a href="#[5a]">&gt;&gt;</a>&nbsp;&nbsp;&nbsp;pal_lin_rx_response
</UL>

<P><STRONG><a name="[71]"></a>ll_lin_rx_delay_set</STRONG> (Thumb, 40 bytes, Stack size 0 bytes, tcpl03x_ll_sci.o(.text.ll_lin_rx_delay_set))
<BR><BR>[Called By]<UL><LI><a href="#[6e]">&gt;&gt;</a>&nbsp;&nbsp;&nbsp;ll_sci_baudrate_config
</UL>

<P><STRONG><a name="[6c]"></a>ll_lin_transmit</STRONG> (Thumb, 180 bytes, Stack size 24 bytes, tcpl03x_ll_sci.o(.text.ll_lin_transmit))
<BR><BR>[Stack]<UL><LI>Max Depth = 40<LI>Call Chain = ll_lin_transmit &rArr; ll_sci_state_clear
</UL>
<BR>[Calls]<UL><LI><a href="#[6d]">&gt;&gt;</a>&nbsp;&nbsp;&nbsp;ll_sci_state_clear
</UL>
<BR>[Called By]<UL><LI><a href="#[5b]">&gt;&gt;</a>&nbsp;&nbsp;&nbsp;pal_lin_tx_response
</UL>

<P><STRONG><a name="[6e]"></a>ll_sci_baudrate_config</STRONG> (Thumb, 212 bytes, Stack size 24 bytes, tcpl03x_ll_sci.o(.text.ll_sci_baudrate_config))
<BR><BR>[Stack]<UL><LI>Max Depth = 40<LI>Call Chain = ll_sci_baudrate_config &rArr; __aeabi_uidiv
</UL>
<BR>[Calls]<UL><LI><a href="#[71]">&gt;&gt;</a>&nbsp;&nbsp;&nbsp;ll_lin_rx_delay_set
<LI><a href="#[72]">&gt;&gt;</a>&nbsp;&nbsp;&nbsp;sys_pclk_freq_get
<LI><a href="#[6f]">&gt;&gt;</a>&nbsp;&nbsp;&nbsp;sys_hclk_freq_get
<LI><a href="#[70]">&gt;&gt;</a>&nbsp;&nbsp;&nbsp;__aeabi_uidiv
</UL>
<BR>[Called By]<UL><LI><a href="#[73]">&gt;&gt;</a>&nbsp;&nbsp;&nbsp;ll_sci_init
</UL>

<P><STRONG><a name="[7d]"></a>ll_sci_deinit</STRONG> (Thumb, 96 bytes, Stack size 8 bytes, tcpl03x_ll_sci.o(.text.ll_sci_deinit))
<BR><BR>[Stack]<UL><LI>Max Depth = 8<LI>Call Chain = ll_sci_deinit
</UL>
<BR>[Called By]<UL><LI><a href="#[79]">&gt;&gt;</a>&nbsp;&nbsp;&nbsp;pal_lin_deinit
</UL>

<P><STRONG><a name="[73]"></a>ll_sci_init</STRONG> (Thumb, 440 bytes, Stack size 24 bytes, tcpl03x_ll_sci.o(.text.ll_sci_init))
<BR><BR>[Stack]<UL><LI>Max Depth = 64<LI>Call Chain = ll_sci_init &rArr; ll_sci_baudrate_config &rArr; __aeabi_uidiv
</UL>
<BR>[Calls]<UL><LI><a href="#[6d]">&gt;&gt;</a>&nbsp;&nbsp;&nbsp;ll_sci_state_clear
<LI><a href="#[6e]">&gt;&gt;</a>&nbsp;&nbsp;&nbsp;ll_sci_baudrate_config
<LI><a href="#[74]">&gt;&gt;</a>&nbsp;&nbsp;&nbsp;__NVIC_SetPriority
<LI><a href="#[46]">&gt;&gt;</a>&nbsp;&nbsp;&nbsp;ll_gpio_afio_config
</UL>
<BR>[Called By]<UL><LI><a href="#[54]">&gt;&gt;</a>&nbsp;&nbsp;&nbsp;pal_lin_init
</UL>

<P><STRONG><a name="[7e]"></a>ll_sci_isr_enable</STRONG> (Thumb, 56 bytes, Stack size 0 bytes, tcpl03x_ll_sci.o(.text.ll_sci_isr_enable))
<BR><BR>[Called By]<UL><LI><a href="#[54]">&gt;&gt;</a>&nbsp;&nbsp;&nbsp;pal_lin_init
</UL>

<P><STRONG><a name="[6d]"></a>ll_sci_state_clear</STRONG> (Thumb, 104 bytes, Stack size 16 bytes, tcpl03x_ll_sci.o(.text.ll_sci_state_clear))
<BR><BR>[Stack]<UL><LI>Max Depth = 16<LI>Call Chain = ll_sci_state_clear
</UL>
<BR>[Called By]<UL><LI><a href="#[64]">&gt;&gt;</a>&nbsp;&nbsp;&nbsp;pal_lin_abort_handle
<LI><a href="#[73]">&gt;&gt;</a>&nbsp;&nbsp;&nbsp;ll_sci_init
<LI><a href="#[6c]">&gt;&gt;</a>&nbsp;&nbsp;&nbsp;ll_lin_transmit
</UL>

<P><STRONG><a name="[82]"></a>ll_sci_transmit</STRONG> (Thumb, 124 bytes, Stack size 32 bytes, tcpl03x_ll_sci.o(.text.ll_sci_transmit))
<BR><BR>[Stack]<UL><LI>Max Depth = 32<LI>Call Chain = ll_sci_transmit
</UL>
<BR>[Called By]<UL><LI><a href="#[65]">&gt;&gt;</a>&nbsp;&nbsp;&nbsp;pal_lin_tx_4byte
</UL>

<P><STRONG><a name="[76]"></a>ll_wdg_deinit</STRONG> (Thumb, 64 bytes, Stack size 8 bytes, tcpl03x_ll_wdg.o(.text.ll_wdg_deinit))
<BR><BR>[Stack]<UL><LI>Max Depth = 8<LI>Call Chain = ll_wdg_deinit
</UL>
<BR>[Called By]<UL><LI><a href="#[75]">&gt;&gt;</a>&nbsp;&nbsp;&nbsp;ll_wdg_init
</UL>

<P><STRONG><a name="[8a]"></a>ll_wdg_enable</STRONG> (Thumb, 24 bytes, Stack size 0 bytes, tcpl03x_ll_wdg.o(.text.ll_wdg_enable))
<BR><BR>[Called By]<UL><LI><a href="#[50]">&gt;&gt;</a>&nbsp;&nbsp;&nbsp;wdg_init
</UL>

<P><STRONG><a name="[75]"></a>ll_wdg_init</STRONG> (Thumb, 132 bytes, Stack size 24 bytes, tcpl03x_ll_wdg.o(.text.ll_wdg_init))
<BR><BR>[Stack]<UL><LI>Max Depth = 32<LI>Call Chain = ll_wdg_init &rArr; ll_wdg_deinit
</UL>
<BR>[Calls]<UL><LI><a href="#[76]">&gt;&gt;</a>&nbsp;&nbsp;&nbsp;ll_wdg_deinit
</UL>
<BR>[Called By]<UL><LI><a href="#[50]">&gt;&gt;</a>&nbsp;&nbsp;&nbsp;wdg_init
</UL>

<P><STRONG><a name="[8b]"></a>ll_wdg_reload</STRONG> (Thumb, 20 bytes, Stack size 0 bytes, tcpl03x_ll_wdg.o(.text.ll_wdg_reload))
<BR><BR>[Called By]<UL><LI><a href="#[77]">&gt;&gt;</a>&nbsp;&nbsp;&nbsp;wdg_reload
</UL>

<P><STRONG><a name="[7a]"></a>logging_deinit</STRONG> (Thumb, 2 bytes, Stack size 0 bytes, logging.o(.text.logging_deinit))
<BR><BR>[Called By]<UL><LI><a href="#[3d]">&gt;&gt;</a>&nbsp;&nbsp;&nbsp;main_loops
</UL>

<P><STRONG><a name="[51]"></a>logging_init</STRONG> (Thumb, 2 bytes, Stack size 0 bytes, logging.o(.text.logging_init))
<BR><BR>[Called By]<UL><LI><a href="#[3c]">&gt;&gt;</a>&nbsp;&nbsp;&nbsp;dfu_manager_init
</UL>

<P><STRONG><a name="[3d]"></a>main_loops</STRONG> (Thumb, 192 bytes, Stack size 24 bytes, dfu_uds_manager.o(.text.main_loops))
<BR><BR>[Stack]<UL><LI>Max Depth = 656<LI>Call Chain = main_loops &rArr; lin_exception_handle &rArr; pal_store_data_set &rArr; ll_flash_smart_write &rArr; ll_flash_write_reg_drv
</UL>
<BR>[Calls]<UL><LI><a href="#[77]">&gt;&gt;</a>&nbsp;&nbsp;&nbsp;wdg_reload
<LI><a href="#[5f]">&gt;&gt;</a>&nbsp;&nbsp;&nbsp;pal_store_read
<LI><a href="#[43]">&gt;&gt;</a>&nbsp;&nbsp;&nbsp;pal_store_data_set
<LI><a href="#[79]">&gt;&gt;</a>&nbsp;&nbsp;&nbsp;pal_lin_deinit
<LI><a href="#[78]">&gt;&gt;</a>&nbsp;&nbsp;&nbsp;lin_update_random_value
<LI><a href="#[5e]">&gt;&gt;</a>&nbsp;&nbsp;&nbsp;lin_exception_handle
<LI><a href="#[5c]">&gt;&gt;</a>&nbsp;&nbsp;&nbsp;lin_diag_service_handle
<LI><a href="#[55]">&gt;&gt;</a>&nbsp;&nbsp;&nbsp;dfu_session_parameter_resp
<LI><a href="#[4a]">&gt;&gt;</a>&nbsp;&nbsp;&nbsp;delay_ms
<LI><a href="#[7a]">&gt;&gt;</a>&nbsp;&nbsp;&nbsp;logging_deinit
</UL>
<BR>[Called By]<UL><LI><a href="#[12]">&gt;&gt;</a>&nbsp;&nbsp;&nbsp;TcMain
</UL>

<P><STRONG><a name="[36]"></a>os_task_update</STRONG> (Thumb, 96 bytes, Stack size 8 bytes, dfu_uds_manager.o(.text.os_task_update))
<BR><BR>[Stack]<UL><LI>Max Depth = 88<LI>Call Chain = os_task_update &rArr; dfu_do_notify_response &rArr; dfu_do_notify_cp &rArr; lin_uds_send
</UL>
<BR>[Calls]<UL><LI><a href="#[77]">&gt;&gt;</a>&nbsp;&nbsp;&nbsp;wdg_reload
<LI><a href="#[7b]">&gt;&gt;</a>&nbsp;&nbsp;&nbsp;dfu_timeout_handle
<LI><a href="#[42]">&gt;&gt;</a>&nbsp;&nbsp;&nbsp;dfu_do_notify_response
</UL>
<BR>[Called By]<UL><LI><a href="#[5]">&gt;&gt;</a>&nbsp;&nbsp;&nbsp;SysTick_Handler
</UL>

<P><STRONG><a name="[3f]"></a>padding</STRONG> (Thumb, 36 bytes, Stack size 8 bytes, aes_cmac.o(.text.padding))
<BR><BR>[Stack]<UL><LI>Max Depth = 8<LI>Call Chain = padding
</UL>
<BR>[Called By]<UL><LI><a href="#[3e]">&gt;&gt;</a>&nbsp;&nbsp;&nbsp;aes_cmac
</UL>

<P><STRONG><a name="[64]"></a>pal_lin_abort_handle</STRONG> (Thumb, 26 bytes, Stack size 8 bytes, pal_lin_comm.o(.text.pal_lin_abort_handle))
<BR><BR>[Stack]<UL><LI>Max Depth = 24<LI>Call Chain = pal_lin_abort_handle &rArr; ll_sci_state_clear
</UL>
<BR>[Calls]<UL><LI><a href="#[6d]">&gt;&gt;</a>&nbsp;&nbsp;&nbsp;ll_sci_state_clear
</UL>
<BR>[Called By]<UL><LI><a href="#[14]">&gt;&gt;</a>&nbsp;&nbsp;&nbsp;lin_lld_isr_callback
</UL>

<P><STRONG><a name="[63]"></a>pal_lin_checksum_calib</STRONG> (Thumb, 24 bytes, Stack size 8 bytes, pal_lin_comm.o(.text.pal_lin_checksum_calib))
<BR><BR>[Stack]<UL><LI>Max Depth = 8<LI>Call Chain = pal_lin_checksum_calib
</UL>
<BR>[Calls]<UL><LI><a href="#[7c]">&gt;&gt;</a>&nbsp;&nbsp;&nbsp;checksum_calculate_func
</UL>
<BR>[Called By]<UL><LI><a href="#[14]">&gt;&gt;</a>&nbsp;&nbsp;&nbsp;lin_lld_isr_callback
</UL>

<P><STRONG><a name="[79]"></a>pal_lin_deinit</STRONG> (Thumb, 8 bytes, Stack size 8 bytes, pal_lin_comm.o(.text.pal_lin_deinit))
<BR><BR>[Stack]<UL><LI>Max Depth = 16<LI>Call Chain = pal_lin_deinit &rArr; ll_sci_deinit
</UL>
<BR>[Calls]<UL><LI><a href="#[7d]">&gt;&gt;</a>&nbsp;&nbsp;&nbsp;ll_sci_deinit
</UL>
<BR>[Called By]<UL><LI><a href="#[3d]">&gt;&gt;</a>&nbsp;&nbsp;&nbsp;main_loops
</UL>

<P><STRONG><a name="[54]"></a>pal_lin_init</STRONG> (Thumb, 52 bytes, Stack size 40 bytes, pal_lin_comm.o(.text.pal_lin_init))
<BR><BR>[Stack]<UL><LI>Max Depth = 104<LI>Call Chain = pal_lin_init &rArr; ll_sci_init &rArr; ll_sci_baudrate_config &rArr; __aeabi_uidiv
</UL>
<BR>[Calls]<UL><LI><a href="#[7e]">&gt;&gt;</a>&nbsp;&nbsp;&nbsp;ll_sci_isr_enable
<LI><a href="#[73]">&gt;&gt;</a>&nbsp;&nbsp;&nbsp;ll_sci_init
</UL>
<BR>[Called By]<UL><LI><a href="#[3c]">&gt;&gt;</a>&nbsp;&nbsp;&nbsp;dfu_manager_init
</UL>

<P><STRONG><a name="[62]"></a>pal_lin_parity_calib</STRONG> (Thumb, 76 bytes, Stack size 16 bytes, pal_lin_comm.o(.text.pal_lin_parity_calib))
<BR><BR>[Stack]<UL><LI>Max Depth = 16<LI>Call Chain = pal_lin_parity_calib
</UL>
<BR>[Called By]<UL><LI><a href="#[14]">&gt;&gt;</a>&nbsp;&nbsp;&nbsp;lin_lld_isr_callback
</UL>

<P><STRONG><a name="[61]"></a>pal_lin_read_byte</STRONG> (Thumb, 22 bytes, Stack size 8 bytes, pal_lin_comm.o(.text.pal_lin_read_byte))
<BR><BR>[Stack]<UL><LI>Max Depth = 8<LI>Call Chain = pal_lin_read_byte
</UL>
<BR>[Calls]<UL><LI><a href="#[7f]">&gt;&gt;</a>&nbsp;&nbsp;&nbsp;ll_lin_read_byte
<LI><a href="#[80]">&gt;&gt;</a>&nbsp;&nbsp;&nbsp;ll_lin_pid_read
</UL>
<BR>[Called By]<UL><LI><a href="#[14]">&gt;&gt;</a>&nbsp;&nbsp;&nbsp;lin_lld_isr_callback
</UL>

<P><STRONG><a name="[5a]"></a>pal_lin_rx_response</STRONG> (Thumb, 8 bytes, Stack size 8 bytes, pal_lin_comm.o(.text.pal_lin_rx_response))
<BR><BR>[Stack]<UL><LI>Max Depth = 8<LI>Call Chain = pal_lin_rx_response
</UL>
<BR>[Calls]<UL><LI><a href="#[81]">&gt;&gt;</a>&nbsp;&nbsp;&nbsp;ll_lin_receive
</UL>
<BR>[Called By]<UL><LI><a href="#[58]">&gt;&gt;</a>&nbsp;&nbsp;&nbsp;lin_callback_handle
</UL>

<P><STRONG><a name="[65]"></a>pal_lin_tx_4byte</STRONG> (Thumb, 8 bytes, Stack size 8 bytes, pal_lin_comm.o(.text.pal_lin_tx_4byte))
<BR><BR>[Stack]<UL><LI>Max Depth = 40<LI>Call Chain = pal_lin_tx_4byte &rArr; ll_sci_transmit
</UL>
<BR>[Calls]<UL><LI><a href="#[82]">&gt;&gt;</a>&nbsp;&nbsp;&nbsp;ll_sci_transmit
</UL>
<BR>[Called By]<UL><LI><a href="#[14]">&gt;&gt;</a>&nbsp;&nbsp;&nbsp;lin_lld_isr_callback
</UL>

<P><STRONG><a name="[5b]"></a>pal_lin_tx_response</STRONG> (Thumb, 12 bytes, Stack size 8 bytes, pal_lin_comm.o(.text.pal_lin_tx_response))
<BR><BR>[Stack]<UL><LI>Max Depth = 48<LI>Call Chain = pal_lin_tx_response &rArr; ll_lin_transmit &rArr; ll_sci_state_clear
</UL>
<BR>[Calls]<UL><LI><a href="#[6c]">&gt;&gt;</a>&nbsp;&nbsp;&nbsp;ll_lin_transmit
</UL>
<BR>[Called By]<UL><LI><a href="#[58]">&gt;&gt;</a>&nbsp;&nbsp;&nbsp;lin_callback_handle
</UL>

<P><STRONG><a name="[44]"></a>pal_store_data_get</STRONG> (Thumb, 96 bytes, Stack size 536 bytes, pal_store.o(.text.pal_store_data_get))
<BR><BR>[Stack]<UL><LI>Max Depth = 592<LI>Call Chain = pal_store_data_get &rArr; crc16_calculate_func &rArr; bit_invert_swap_func
</UL>
<BR>[Calls]<UL><LI><a href="#[49]">&gt;&gt;</a>&nbsp;&nbsp;&nbsp;crc16_calculate_func
<LI><a href="#[56]">&gt;&gt;</a>&nbsp;&nbsp;&nbsp;ll_flash_read
<LI><a href="#[48]">&gt;&gt;</a>&nbsp;&nbsp;&nbsp;__aeabi_memcpy
</UL>
<BR>[Called By]<UL><LI><a href="#[16]">&gt;&gt;</a>&nbsp;&nbsp;&nbsp;session_control_handle
<LI><a href="#[18]">&gt;&gt;</a>&nbsp;&nbsp;&nbsp;security_access_handle
<LI><a href="#[20]">&gt;&gt;</a>&nbsp;&nbsp;&nbsp;read_by_identify_handle
<LI><a href="#[1f]">&gt;&gt;</a>&nbsp;&nbsp;&nbsp;assign_config_word_handle
</UL>

<P><STRONG><a name="[43]"></a>pal_store_data_set</STRONG> (Thumb, 116 bytes, Stack size 552 bytes, pal_store.o(.text.pal_store_data_set))
<BR><BR>[Stack]<UL><LI>Max Depth = 624<LI>Call Chain = pal_store_data_set &rArr; ll_flash_smart_write &rArr; ll_flash_write_reg_drv
</UL>
<BR>[Calls]<UL><LI><a href="#[49]">&gt;&gt;</a>&nbsp;&nbsp;&nbsp;crc16_calculate_func
<LI><a href="#[68]">&gt;&gt;</a>&nbsp;&nbsp;&nbsp;ll_flash_smart_write
<LI><a href="#[56]">&gt;&gt;</a>&nbsp;&nbsp;&nbsp;ll_flash_read
<LI><a href="#[83]">&gt;&gt;</a>&nbsp;&nbsp;&nbsp;memcmp
<LI><a href="#[48]">&gt;&gt;</a>&nbsp;&nbsp;&nbsp;__aeabi_memcpy
</UL>
<BR>[Called By]<UL><LI><a href="#[5e]">&gt;&gt;</a>&nbsp;&nbsp;&nbsp;lin_exception_handle
<LI><a href="#[16]">&gt;&gt;</a>&nbsp;&nbsp;&nbsp;session_control_handle
<LI><a href="#[18]">&gt;&gt;</a>&nbsp;&nbsp;&nbsp;security_access_handle
<LI><a href="#[1f]">&gt;&gt;</a>&nbsp;&nbsp;&nbsp;assign_config_word_handle
<LI><a href="#[3d]">&gt;&gt;</a>&nbsp;&nbsp;&nbsp;main_loops
</UL>

<P><STRONG><a name="[5f]"></a>pal_store_read</STRONG> (Thumb, 12 bytes, Stack size 8 bytes, pal_store.o(.text.pal_store_read))
<BR><BR>[Stack]<UL><LI>Max Depth = 56<LI>Call Chain = pal_store_read &rArr; ll_flash_read
</UL>
<BR>[Calls]<UL><LI><a href="#[56]">&gt;&gt;</a>&nbsp;&nbsp;&nbsp;ll_flash_read
</UL>
<BR>[Called By]<UL><LI><a href="#[5e]">&gt;&gt;</a>&nbsp;&nbsp;&nbsp;lin_exception_handle
<LI><a href="#[85]">&gt;&gt;</a>&nbsp;&nbsp;&nbsp;user_read_data_by_id
<LI><a href="#[84]">&gt;&gt;</a>&nbsp;&nbsp;&nbsp;uds_diag_DID_chk
<LI><a href="#[16]">&gt;&gt;</a>&nbsp;&nbsp;&nbsp;session_control_handle
<LI><a href="#[3d]">&gt;&gt;</a>&nbsp;&nbsp;&nbsp;main_loops
</UL>

<P><STRONG><a name="[21]"></a>read_data_by_identify_handle</STRONG> (Thumb, 284 bytes, Stack size 56 bytes, dfu_uds_manager.o(.text.read_data_by_identify_handle))
<BR><BR>[Stack]<UL><LI>Max Depth = 192<LI>Call Chain = read_data_by_identify_handle &rArr; user_read_data_by_id &rArr; pal_store_read &rArr; ll_flash_read
</UL>
<BR>[Calls]<UL><LI><a href="#[41]">&gt;&gt;</a>&nbsp;&nbsp;&nbsp;lin_get_uds_nad
<LI><a href="#[85]">&gt;&gt;</a>&nbsp;&nbsp;&nbsp;user_read_data_by_id
<LI><a href="#[84]">&gt;&gt;</a>&nbsp;&nbsp;&nbsp;uds_diag_DID_chk
<LI><a href="#[42]">&gt;&gt;</a>&nbsp;&nbsp;&nbsp;dfu_do_notify_response
<LI><a href="#[4e]">&gt;&gt;</a>&nbsp;&nbsp;&nbsp;dfu_do_notify_cp_ex
</UL>
<BR>[Address Reference Count : 1]<UL><LI> dfu_uds_manager.o(.rodata.dfu_process_ctx)
</UL>
<P><STRONG><a name="[86]"></a>sha256</STRONG> (Thumb, 604 bytes, Stack size 440 bytes, aes_cmac.o(.text.sha256))
<BR><BR>[Stack]<UL><LI>Max Depth = 448<LI>Call Chain = sha256 &rArr; __aeabi_llsr
</UL>
<BR>[Calls]<UL><LI><a href="#[53]">&gt;&gt;</a>&nbsp;&nbsp;&nbsp;__aeabi_memclr4
<LI><a href="#[48]">&gt;&gt;</a>&nbsp;&nbsp;&nbsp;__aeabi_memcpy
<LI><a href="#[88]">&gt;&gt;</a>&nbsp;&nbsp;&nbsp;__aeabi_llsr
</UL>
<BR>[Called By]<UL><LI><a href="#[1a]">&gt;&gt;</a>&nbsp;&nbsp;&nbsp;routine_control_handle
</UL>

<P><STRONG><a name="[39]"></a>sys_core_clock_update</STRONG> (Thumb, 56 bytes, Stack size 8 bytes, system_tcpl03x.o(.text.sys_core_clock_update))
<BR><BR>[Stack]<UL><LI>Max Depth = 24<LI>Call Chain = sys_core_clock_update &rArr; __aeabi_uidiv
</UL>
<BR>[Calls]<UL><LI><a href="#[6f]">&gt;&gt;</a>&nbsp;&nbsp;&nbsp;sys_hclk_freq_get
<LI><a href="#[70]">&gt;&gt;</a>&nbsp;&nbsp;&nbsp;__aeabi_uidiv
</UL>
<BR>[Called By]<UL><LI><a href="#[11]">&gt;&gt;</a>&nbsp;&nbsp;&nbsp;SystemInit
</UL>

<P><STRONG><a name="[38]"></a>sys_hclk_config</STRONG> (Thumb, 64 bytes, Stack size 8 bytes, system_tcpl03x.o(.text.sys_hclk_config))
<BR><BR>[Stack]<UL><LI>Max Depth = 8<LI>Call Chain = sys_hclk_config
</UL>
<BR>[Called By]<UL><LI><a href="#[11]">&gt;&gt;</a>&nbsp;&nbsp;&nbsp;SystemInit
</UL>

<P><STRONG><a name="[6f]"></a>sys_hclk_freq_get</STRONG> (Thumb, 28 bytes, Stack size 0 bytes, system_tcpl03x.o(.text.sys_hclk_freq_get))
<BR><BR>[Called By]<UL><LI><a href="#[6e]">&gt;&gt;</a>&nbsp;&nbsp;&nbsp;ll_sci_baudrate_config
<LI><a href="#[72]">&gt;&gt;</a>&nbsp;&nbsp;&nbsp;sys_pclk_freq_get
<LI><a href="#[39]">&gt;&gt;</a>&nbsp;&nbsp;&nbsp;sys_core_clock_update
</UL>

<P><STRONG><a name="[3a]"></a>sys_pclk_config</STRONG> (Thumb, 96 bytes, Stack size 8 bytes, system_tcpl03x.o(.text.sys_pclk_config))
<BR><BR>[Stack]<UL><LI>Max Depth = 8<LI>Call Chain = sys_pclk_config
</UL>
<BR>[Called By]<UL><LI><a href="#[11]">&gt;&gt;</a>&nbsp;&nbsp;&nbsp;SystemInit
</UL>

<P><STRONG><a name="[72]"></a>sys_pclk_freq_get</STRONG> (Thumb, 20 bytes, Stack size 8 bytes, system_tcpl03x.o(.text.sys_pclk_freq_get))
<BR><BR>[Stack]<UL><LI>Max Depth = 8<LI>Call Chain = sys_pclk_freq_get
</UL>
<BR>[Calls]<UL><LI><a href="#[6f]">&gt;&gt;</a>&nbsp;&nbsp;&nbsp;sys_hclk_freq_get
</UL>
<BR>[Called By]<UL><LI><a href="#[6e]">&gt;&gt;</a>&nbsp;&nbsp;&nbsp;ll_sci_baudrate_config
</UL>

<P><STRONG><a name="[3b]"></a>sys_trimvalue_load</STRONG> (Thumb, 156 bytes, Stack size 20 bytes, system_tcpl03x.o(.text.sys_trimvalue_load))
<BR><BR>[Stack]<UL><LI>Max Depth = 20<LI>Call Chain = sys_trimvalue_load
</UL>
<BR>[Called By]<UL><LI><a href="#[11]">&gt;&gt;</a>&nbsp;&nbsp;&nbsp;SystemInit
</UL>

<P><STRONG><a name="[4b]"></a>systick_diff</STRONG> (Thumb, 24 bytes, Stack size 0 bytes, pal_systick.o(.text.systick_diff))
<BR><BR>[Called By]<UL><LI><a href="#[4a]">&gt;&gt;</a>&nbsp;&nbsp;&nbsp;delay_ms
</UL>

<P><STRONG><a name="[45]"></a>uds_diagnostic_configword_remap_nad</STRONG> (Thumb, 32 bytes, Stack size 0 bytes, dfu_uds_manager.o(.text.uds_diagnostic_configword_remap_nad))
<BR><BR>[Called By]<UL><LI><a href="#[52]">&gt;&gt;</a>&nbsp;&nbsp;&nbsp;dfu_store_system_data_init
<LI><a href="#[1f]">&gt;&gt;</a>&nbsp;&nbsp;&nbsp;assign_config_word_handle
</UL>

<P><STRONG><a name="[50]"></a>wdg_init</STRONG> (Thumb, 40 bytes, Stack size 32 bytes, pal_wdg.o(.text.wdg_init))
<BR><BR>[Stack]<UL><LI>Max Depth = 64<LI>Call Chain = wdg_init &rArr; ll_wdg_init &rArr; ll_wdg_deinit
</UL>
<BR>[Calls]<UL><LI><a href="#[75]">&gt;&gt;</a>&nbsp;&nbsp;&nbsp;ll_wdg_init
<LI><a href="#[8a]">&gt;&gt;</a>&nbsp;&nbsp;&nbsp;ll_wdg_enable
</UL>
<BR>[Called By]<UL><LI><a href="#[3c]">&gt;&gt;</a>&nbsp;&nbsp;&nbsp;dfu_manager_init
</UL>

<P><STRONG><a name="[77]"></a>wdg_reload</STRONG> (Thumb, 8 bytes, Stack size 8 bytes, pal_wdg.o(.text.wdg_reload))
<BR><BR>[Stack]<UL><LI>Max Depth = 8<LI>Call Chain = wdg_reload
</UL>
<BR>[Calls]<UL><LI><a href="#[8b]">&gt;&gt;</a>&nbsp;&nbsp;&nbsp;ll_wdg_reload
</UL>
<BR>[Called By]<UL><LI><a href="#[36]">&gt;&gt;</a>&nbsp;&nbsp;&nbsp;os_task_update
<LI><a href="#[3d]">&gt;&gt;</a>&nbsp;&nbsp;&nbsp;main_loops
</UL>

<P><STRONG><a name="[40]"></a>xor_128</STRONG> (Thumb, 22 bytes, Stack size 16 bytes, aes_cmac.o(.text.xor_128))
<BR><BR>[Stack]<UL><LI>Max Depth = 16<LI>Call Chain = xor_128
</UL>
<BR>[Called By]<UL><LI><a href="#[34]">&gt;&gt;</a>&nbsp;&nbsp;&nbsp;generate_subkey
<LI><a href="#[3e]">&gt;&gt;</a>&nbsp;&nbsp;&nbsp;aes_cmac
</UL>
<P>
<H3>
Local Symbols
</H3>
<P><STRONG><a name="[13]"></a>GFMul</STRONG> (Thumb, 126 bytes, Stack size 16 bytes, aes_cmac.o(.text.GFMul))
<BR><BR>[Stack]<UL><LI>Max Depth = 40<LI>Call Chain = GFMul &rArr; GFMul12 &rArr; GFMul8
</UL>
<BR>[Calls]<UL><LI><a href="#[2f]">&gt;&gt;</a>&nbsp;&nbsp;&nbsp;GFMul9
<LI><a href="#[30]">&gt;&gt;</a>&nbsp;&nbsp;&nbsp;GFMul12
</UL>
<BR>[Address Reference Count : 1]<UL><LI> aes_cmac.o(.text.AES_128)
</UL>
<P><STRONG><a name="[30]"></a>GFMul12</STRONG> (Thumb, 20 bytes, Stack size 16 bytes, aes_cmac.o(.text.GFMul12))
<BR><BR>[Stack]<UL><LI>Max Depth = 24<LI>Call Chain = GFMul12 &rArr; GFMul8
</UL>
<BR>[Calls]<UL><LI><a href="#[31]">&gt;&gt;</a>&nbsp;&nbsp;&nbsp;GFMul8
<LI><a href="#[32]">&gt;&gt;</a>&nbsp;&nbsp;&nbsp;GFMul4
</UL>
<BR>[Called By]<UL><LI><a href="#[13]">&gt;&gt;</a>&nbsp;&nbsp;&nbsp;GFMul
</UL>

<P><STRONG><a name="[32]"></a>GFMul4</STRONG> (Thumb, 24 bytes, Stack size 0 bytes, aes_cmac.o(.text.GFMul4))
<BR><BR>[Called By]<UL><LI><a href="#[31]">&gt;&gt;</a>&nbsp;&nbsp;&nbsp;GFMul8
<LI><a href="#[30]">&gt;&gt;</a>&nbsp;&nbsp;&nbsp;GFMul12
</UL>

<P><STRONG><a name="[31]"></a>GFMul8</STRONG> (Thumb, 22 bytes, Stack size 8 bytes, aes_cmac.o(.text.GFMul8))
<BR><BR>[Stack]<UL><LI>Max Depth = 8<LI>Call Chain = GFMul8
</UL>
<BR>[Calls]<UL><LI><a href="#[32]">&gt;&gt;</a>&nbsp;&nbsp;&nbsp;GFMul4
</UL>
<BR>[Called By]<UL><LI><a href="#[2f]">&gt;&gt;</a>&nbsp;&nbsp;&nbsp;GFMul9
<LI><a href="#[30]">&gt;&gt;</a>&nbsp;&nbsp;&nbsp;GFMul12
</UL>

<P><STRONG><a name="[2f]"></a>GFMul9</STRONG> (Thumb, 12 bytes, Stack size 8 bytes, aes_cmac.o(.text.GFMul9))
<BR><BR>[Stack]<UL><LI>Max Depth = 16<LI>Call Chain = GFMul9 &rArr; GFMul8
</UL>
<BR>[Calls]<UL><LI><a href="#[31]">&gt;&gt;</a>&nbsp;&nbsp;&nbsp;GFMul8
</UL>
<BR>[Called By]<UL><LI><a href="#[13]">&gt;&gt;</a>&nbsp;&nbsp;&nbsp;GFMul
</UL>

<P><STRONG><a name="[2b]"></a>addRoundKey</STRONG> (Thumb, 72 bytes, Stack size 36 bytes, aes_cmac.o(.text.addRoundKey))
<BR><BR>[Stack]<UL><LI>Max Depth = 36<LI>Call Chain = addRoundKey
</UL>
<BR>[Called By]<UL><LI><a href="#[28]">&gt;&gt;</a>&nbsp;&nbsp;&nbsp;AES_128
</UL>

<P><STRONG><a name="[2e]"></a>convertArrayToStr</STRONG> (Thumb, 32 bytes, Stack size 8 bytes, aes_cmac.o(.text.convertArrayToStr))
<BR><BR>[Stack]<UL><LI>Max Depth = 8<LI>Call Chain = convertArrayToStr
</UL>
<BR>[Called By]<UL><LI><a href="#[28]">&gt;&gt;</a>&nbsp;&nbsp;&nbsp;AES_128
</UL>

<P><STRONG><a name="[2a]"></a>convertToIntArray</STRONG> (Thumb, 34 bytes, Stack size 16 bytes, aes_cmac.o(.text.convertToIntArray))
<BR><BR>[Stack]<UL><LI>Max Depth = 16<LI>Call Chain = convertToIntArray
</UL>
<BR>[Called By]<UL><LI><a href="#[28]">&gt;&gt;</a>&nbsp;&nbsp;&nbsp;AES_128
</UL>

<P><STRONG><a name="[29]"></a>extendKey</STRONG> (Thumb, 192 bytes, Stack size 48 bytes, aes_cmac.o(.text.extendKey))
<BR><BR>[Stack]<UL><LI>Max Depth = 72<LI>Call Chain = extendKey &rArr; leftLoop4int
</UL>
<BR>[Calls]<UL><LI><a href="#[15]">&gt;&gt;</a>&nbsp;&nbsp;&nbsp;leftLoop4int
</UL>
<BR>[Called By]<UL><LI><a href="#[28]">&gt;&gt;</a>&nbsp;&nbsp;&nbsp;AES_128
</UL>

<P><STRONG><a name="[15]"></a>leftLoop4int</STRONG> (Thumb, 44 bytes, Stack size 24 bytes, aes_cmac.o(.text.leftLoop4int))
<BR><BR>[Stack]<UL><LI>Max Depth = 24<LI>Call Chain = leftLoop4int
</UL>
<BR>[Called By]<UL><LI><a href="#[29]">&gt;&gt;</a>&nbsp;&nbsp;&nbsp;extendKey
</UL>
<BR>[Address Reference Count : 1]<UL><LI> aes_cmac.o(.text.shiftRows)
</UL>
<P><STRONG><a name="[2d]"></a>shiftRows</STRONG> (Thumb, 104 bytes, Stack size 64 bytes, aes_cmac.o(.text.shiftRows))
<BR><BR>[Stack]<UL><LI>Max Depth = 64<LI>Call Chain = shiftRows
</UL>
<BR>[Called By]<UL><LI><a href="#[28]">&gt;&gt;</a>&nbsp;&nbsp;&nbsp;AES_128
</UL>

<P><STRONG><a name="[2c]"></a>subBytes</STRONG> (Thumb, 48 bytes, Stack size 16 bytes, aes_cmac.o(.text.subBytes))
<BR><BR>[Stack]<UL><LI>Max Depth = 16<LI>Call Chain = subBytes
</UL>
<BR>[Called By]<UL><LI><a href="#[28]">&gt;&gt;</a>&nbsp;&nbsp;&nbsp;AES_128
</UL>

<P><STRONG><a name="[60]"></a>__NVIC_SystemReset</STRONG> (Thumb, 20 bytes, Stack size 0 bytes, dfu_uds_manager.o(.text.__NVIC_SystemReset))
<BR><BR>[Called By]<UL><LI><a href="#[5e]">&gt;&gt;</a>&nbsp;&nbsp;&nbsp;lin_exception_handle
<LI><a href="#[16]">&gt;&gt;</a>&nbsp;&nbsp;&nbsp;session_control_handle
<LI><a href="#[17]">&gt;&gt;</a>&nbsp;&nbsp;&nbsp;reset_handle
</UL>

<P><STRONG><a name="[1f]"></a>assign_config_word_handle</STRONG> (Thumb, 220 bytes, Stack size 24 bytes, dfu_uds_manager.o(.text.assign_config_word_handle))
<BR><BR>[Stack]<UL><LI>Max Depth = 648<LI>Call Chain = assign_config_word_handle &rArr; pal_store_data_set &rArr; ll_flash_smart_write &rArr; ll_flash_write_reg_drv
</UL>
<BR>[Calls]<UL><LI><a href="#[45]">&gt;&gt;</a>&nbsp;&nbsp;&nbsp;uds_diagnostic_configword_remap_nad
<LI><a href="#[43]">&gt;&gt;</a>&nbsp;&nbsp;&nbsp;pal_store_data_set
<LI><a href="#[44]">&gt;&gt;</a>&nbsp;&nbsp;&nbsp;pal_store_data_get
<LI><a href="#[46]">&gt;&gt;</a>&nbsp;&nbsp;&nbsp;ll_gpio_afio_config
<LI><a href="#[41]">&gt;&gt;</a>&nbsp;&nbsp;&nbsp;lin_get_uds_nad
<LI><a href="#[42]">&gt;&gt;</a>&nbsp;&nbsp;&nbsp;dfu_do_notify_response
</UL>
<BR>[Address Reference Count : 1]<UL><LI> dfu_uds_manager.o(.rodata.dfu_process_ctx)
</UL>
<P><STRONG><a name="[1e]"></a>clear_dtc_info_handle</STRONG> (Thumb, 14 bytes, Stack size 8 bytes, dfu_uds_manager.o(.text.clear_dtc_info_handle))
<BR><BR>[Stack]<UL><LI>Max Depth = 88<LI>Call Chain = clear_dtc_info_handle &rArr; dfu_do_notify_response &rArr; dfu_do_notify_cp &rArr; lin_uds_send
</UL>
<BR>[Calls]<UL><LI><a href="#[42]">&gt;&gt;</a>&nbsp;&nbsp;&nbsp;dfu_do_notify_response
</UL>
<BR>[Address Reference Count : 1]<UL><LI> dfu_uds_manager.o(.rodata.dfu_process_ctx)
</UL>
<P><STRONG><a name="[87]"></a>cpmpare_key</STRONG> (Thumb, 32 bytes, Stack size 16 bytes, dfu_uds_manager.o(.text.cpmpare_key))
<BR><BR>[Stack]<UL><LI>Max Depth = 16<LI>Call Chain = cpmpare_key
</UL>
<BR>[Called By]<UL><LI><a href="#[18]">&gt;&gt;</a>&nbsp;&nbsp;&nbsp;security_access_handle
<LI><a href="#[1a]">&gt;&gt;</a>&nbsp;&nbsp;&nbsp;routine_control_handle
</UL>

<P><STRONG><a name="[4c]"></a>dfu_do_notify_cp</STRONG> (Thumb, 52 bytes, Stack size 32 bytes, dfu_uds_manager.o(.text.dfu_do_notify_cp))
<BR><BR>[Stack]<UL><LI>Max Depth = 72<LI>Call Chain = dfu_do_notify_cp &rArr; lin_uds_send
</UL>
<BR>[Calls]<UL><LI><a href="#[4d]">&gt;&gt;</a>&nbsp;&nbsp;&nbsp;lin_uds_send
</UL>
<BR>[Called By]<UL><LI><a href="#[55]">&gt;&gt;</a>&nbsp;&nbsp;&nbsp;dfu_session_parameter_resp
<LI><a href="#[18]">&gt;&gt;</a>&nbsp;&nbsp;&nbsp;security_access_handle
<LI><a href="#[1a]">&gt;&gt;</a>&nbsp;&nbsp;&nbsp;routine_control_handle
<LI><a href="#[1b]">&gt;&gt;</a>&nbsp;&nbsp;&nbsp;request_download_handle
<LI><a href="#[19]">&gt;&gt;</a>&nbsp;&nbsp;&nbsp;firmware_info_sync_handle
<LI><a href="#[42]">&gt;&gt;</a>&nbsp;&nbsp;&nbsp;dfu_do_notify_response
</UL>

<P><STRONG><a name="[4e]"></a>dfu_do_notify_cp_ex</STRONG> (Thumb, 48 bytes, Stack size 48 bytes, dfu_uds_manager.o(.text.dfu_do_notify_cp_ex))
<BR><BR>[Stack]<UL><LI>Max Depth = 88<LI>Call Chain = dfu_do_notify_cp_ex &rArr; lin_uds_send
</UL>
<BR>[Calls]<UL><LI><a href="#[4d]">&gt;&gt;</a>&nbsp;&nbsp;&nbsp;lin_uds_send
</UL>
<BR>[Called By]<UL><LI><a href="#[21]">&gt;&gt;</a>&nbsp;&nbsp;&nbsp;read_data_by_identify_handle
<LI><a href="#[1d]">&gt;&gt;</a>&nbsp;&nbsp;&nbsp;request_transfer_exit_handle
<LI><a href="#[20]">&gt;&gt;</a>&nbsp;&nbsp;&nbsp;read_by_identify_handle
</UL>

<P><STRONG><a name="[42]"></a>dfu_do_notify_response</STRONG> (Thumb, 32 bytes, Stack size 8 bytes, dfu_uds_manager.o(.text.dfu_do_notify_response))
<BR><BR>[Stack]<UL><LI>Max Depth = 80<LI>Call Chain = dfu_do_notify_response &rArr; dfu_do_notify_cp &rArr; lin_uds_send
</UL>
<BR>[Calls]<UL><LI><a href="#[4f]">&gt;&gt;</a>&nbsp;&nbsp;&nbsp;lin_uds_negative_response
<LI><a href="#[4c]">&gt;&gt;</a>&nbsp;&nbsp;&nbsp;dfu_do_notify_cp
</UL>
<BR>[Called By]<UL><LI><a href="#[21]">&gt;&gt;</a>&nbsp;&nbsp;&nbsp;read_data_by_identify_handle
<LI><a href="#[36]">&gt;&gt;</a>&nbsp;&nbsp;&nbsp;os_task_update
<LI><a href="#[5c]">&gt;&gt;</a>&nbsp;&nbsp;&nbsp;lin_diag_service_handle
<LI><a href="#[23]">&gt;&gt;</a>&nbsp;&nbsp;&nbsp;dtc_control_handle
<LI><a href="#[24]">&gt;&gt;</a>&nbsp;&nbsp;&nbsp;diagnostic_session_handle
<LI><a href="#[22]">&gt;&gt;</a>&nbsp;&nbsp;&nbsp;communcation_control_handle
<LI><a href="#[1c]">&gt;&gt;</a>&nbsp;&nbsp;&nbsp;transfer_data_handle
<LI><a href="#[16]">&gt;&gt;</a>&nbsp;&nbsp;&nbsp;session_control_handle
<LI><a href="#[18]">&gt;&gt;</a>&nbsp;&nbsp;&nbsp;security_access_handle
<LI><a href="#[1a]">&gt;&gt;</a>&nbsp;&nbsp;&nbsp;routine_control_handle
<LI><a href="#[17]">&gt;&gt;</a>&nbsp;&nbsp;&nbsp;reset_handle
<LI><a href="#[1d]">&gt;&gt;</a>&nbsp;&nbsp;&nbsp;request_transfer_exit_handle
<LI><a href="#[1b]">&gt;&gt;</a>&nbsp;&nbsp;&nbsp;request_download_handle
<LI><a href="#[20]">&gt;&gt;</a>&nbsp;&nbsp;&nbsp;read_by_identify_handle
<LI><a href="#[19]">&gt;&gt;</a>&nbsp;&nbsp;&nbsp;firmware_info_sync_handle
<LI><a href="#[1e]">&gt;&gt;</a>&nbsp;&nbsp;&nbsp;clear_dtc_info_handle
<LI><a href="#[1f]">&gt;&gt;</a>&nbsp;&nbsp;&nbsp;assign_config_word_handle
</UL>

<P><STRONG><a name="[19]"></a>firmware_info_sync_handle</STRONG> (Thumb, 132 bytes, Stack size 16 bytes, dfu_uds_manager.o(.text.firmware_info_sync_handle))
<BR><BR>[Stack]<UL><LI>Max Depth = 96<LI>Call Chain = firmware_info_sync_handle &rArr; dfu_do_notify_response &rArr; dfu_do_notify_cp &rArr; lin_uds_send
</UL>
<BR>[Calls]<UL><LI><a href="#[41]">&gt;&gt;</a>&nbsp;&nbsp;&nbsp;lin_get_uds_nad
<LI><a href="#[42]">&gt;&gt;</a>&nbsp;&nbsp;&nbsp;dfu_do_notify_response
<LI><a href="#[4c]">&gt;&gt;</a>&nbsp;&nbsp;&nbsp;dfu_do_notify_cp
<LI><a href="#[48]">&gt;&gt;</a>&nbsp;&nbsp;&nbsp;__aeabi_memcpy
</UL>
<BR>[Address Reference Count : 1]<UL><LI> dfu_uds_manager.o(.rodata.dfu_process_ctx)
</UL>
<P><STRONG><a name="[20]"></a>read_by_identify_handle</STRONG> (Thumb, 136 bytes, Stack size 24 bytes, dfu_uds_manager.o(.text.read_by_identify_handle))
<BR><BR>[Stack]<UL><LI>Max Depth = 616<LI>Call Chain = read_by_identify_handle &rArr; pal_store_data_get &rArr; crc16_calculate_func &rArr; bit_invert_swap_func
</UL>
<BR>[Calls]<UL><LI><a href="#[44]">&gt;&gt;</a>&nbsp;&nbsp;&nbsp;pal_store_data_get
<LI><a href="#[41]">&gt;&gt;</a>&nbsp;&nbsp;&nbsp;lin_get_uds_nad
<LI><a href="#[42]">&gt;&gt;</a>&nbsp;&nbsp;&nbsp;dfu_do_notify_response
<LI><a href="#[4e]">&gt;&gt;</a>&nbsp;&nbsp;&nbsp;dfu_do_notify_cp_ex
</UL>
<BR>[Address Reference Count : 1]<UL><LI> dfu_uds_manager.o(.rodata.dfu_process_ctx)
</UL>
<P><STRONG><a name="[1b]"></a>request_download_handle</STRONG> (Thumb, 264 bytes, Stack size 24 bytes, dfu_uds_manager.o(.text.request_download_handle))
<BR><BR>[Stack]<UL><LI>Max Depth = 104<LI>Call Chain = request_download_handle &rArr; dfu_do_notify_response &rArr; dfu_do_notify_cp &rArr; lin_uds_send
</UL>
<BR>[Calls]<UL><LI><a href="#[41]">&gt;&gt;</a>&nbsp;&nbsp;&nbsp;lin_get_uds_nad
<LI><a href="#[42]">&gt;&gt;</a>&nbsp;&nbsp;&nbsp;dfu_do_notify_response
<LI><a href="#[4c]">&gt;&gt;</a>&nbsp;&nbsp;&nbsp;dfu_do_notify_cp
</UL>
<BR>[Address Reference Count : 1]<UL><LI> dfu_uds_manager.o(.rodata.dfu_process_ctx)
</UL>
<P><STRONG><a name="[1d]"></a>request_transfer_exit_handle</STRONG> (Thumb, 96 bytes, Stack size 16 bytes, dfu_uds_manager.o(.text.request_transfer_exit_handle))
<BR><BR>[Stack]<UL><LI>Max Depth = 104<LI>Call Chain = request_transfer_exit_handle &rArr; dfu_do_notify_cp_ex &rArr; lin_uds_send
</UL>
<BR>[Calls]<UL><LI><a href="#[41]">&gt;&gt;</a>&nbsp;&nbsp;&nbsp;lin_get_uds_nad
<LI><a href="#[42]">&gt;&gt;</a>&nbsp;&nbsp;&nbsp;dfu_do_notify_response
<LI><a href="#[4e]">&gt;&gt;</a>&nbsp;&nbsp;&nbsp;dfu_do_notify_cp_ex
</UL>
<BR>[Address Reference Count : 1]<UL><LI> dfu_uds_manager.o(.rodata.dfu_process_ctx)
</UL>
<P><STRONG><a name="[17]"></a>reset_handle</STRONG> (Thumb, 78 bytes, Stack size 8 bytes, dfu_uds_manager.o(.text.reset_handle))
<BR><BR>[Stack]<UL><LI>Max Depth = 88<LI>Call Chain = reset_handle &rArr; dfu_do_notify_response &rArr; dfu_do_notify_cp &rArr; lin_uds_send
</UL>
<BR>[Calls]<UL><LI><a href="#[4a]">&gt;&gt;</a>&nbsp;&nbsp;&nbsp;delay_ms
<LI><a href="#[42]">&gt;&gt;</a>&nbsp;&nbsp;&nbsp;dfu_do_notify_response
<LI><a href="#[60]">&gt;&gt;</a>&nbsp;&nbsp;&nbsp;__NVIC_SystemReset
</UL>
<BR>[Address Reference Count : 1]<UL><LI> dfu_uds_manager.o(.rodata.dfu_process_ctx)
</UL>
<P><STRONG><a name="[1a]"></a>routine_control_handle</STRONG> (Thumb, 564 bytes, Stack size 64 bytes, dfu_uds_manager.o(.text.routine_control_handle))
<BR><BR>[Stack]<UL><LI>Max Depth = 528<LI>Call Chain = routine_control_handle &rArr; aes_cmac &rArr; generate_subkey &rArr; AES_128 &rArr; extendKey &rArr; leftLoop4int
</UL>
<BR>[Calls]<UL><LI><a href="#[6a]">&gt;&gt;</a>&nbsp;&nbsp;&nbsp;ll_flash_write_drv
<LI><a href="#[66]">&gt;&gt;</a>&nbsp;&nbsp;&nbsp;ll_flash_erase_drv
<LI><a href="#[4f]">&gt;&gt;</a>&nbsp;&nbsp;&nbsp;lin_uds_negative_response
<LI><a href="#[41]">&gt;&gt;</a>&nbsp;&nbsp;&nbsp;lin_get_uds_nad
<LI><a href="#[4a]">&gt;&gt;</a>&nbsp;&nbsp;&nbsp;delay_ms
<LI><a href="#[42]">&gt;&gt;</a>&nbsp;&nbsp;&nbsp;dfu_do_notify_response
<LI><a href="#[4c]">&gt;&gt;</a>&nbsp;&nbsp;&nbsp;dfu_do_notify_cp
<LI><a href="#[87]">&gt;&gt;</a>&nbsp;&nbsp;&nbsp;cpmpare_key
<LI><a href="#[86]">&gt;&gt;</a>&nbsp;&nbsp;&nbsp;sha256
<LI><a href="#[3e]">&gt;&gt;</a>&nbsp;&nbsp;&nbsp;aes_cmac
<LI><a href="#[53]">&gt;&gt;</a>&nbsp;&nbsp;&nbsp;__aeabi_memclr4
</UL>
<BR>[Address Reference Count : 1]<UL><LI> dfu_uds_manager.o(.rodata.dfu_process_ctx)
</UL>
<P><STRONG><a name="[18]"></a>security_access_handle</STRONG> (Thumb, 508 bytes, Stack size 40 bytes, dfu_uds_manager.o(.text.security_access_handle))
<BR><BR>[Stack]<UL><LI>Max Depth = 664<LI>Call Chain = security_access_handle &rArr; pal_store_data_set &rArr; ll_flash_smart_write &rArr; ll_flash_write_reg_drv
</UL>
<BR>[Calls]<UL><LI><a href="#[43]">&gt;&gt;</a>&nbsp;&nbsp;&nbsp;pal_store_data_set
<LI><a href="#[44]">&gt;&gt;</a>&nbsp;&nbsp;&nbsp;pal_store_data_get
<LI><a href="#[41]">&gt;&gt;</a>&nbsp;&nbsp;&nbsp;lin_get_uds_nad
<LI><a href="#[42]">&gt;&gt;</a>&nbsp;&nbsp;&nbsp;dfu_do_notify_response
<LI><a href="#[4c]">&gt;&gt;</a>&nbsp;&nbsp;&nbsp;dfu_do_notify_cp
<LI><a href="#[87]">&gt;&gt;</a>&nbsp;&nbsp;&nbsp;cpmpare_key
<LI><a href="#[3e]">&gt;&gt;</a>&nbsp;&nbsp;&nbsp;aes_cmac
<LI><a href="#[48]">&gt;&gt;</a>&nbsp;&nbsp;&nbsp;__aeabi_memcpy
</UL>
<BR>[Address Reference Count : 1]<UL><LI> dfu_uds_manager.o(.rodata.dfu_process_ctx)
</UL>
<P><STRONG><a name="[16]"></a>session_control_handle</STRONG> (Thumb, 256 bytes, Stack size 16 bytes, dfu_uds_manager.o(.text.session_control_handle))
<BR><BR>[Stack]<UL><LI>Max Depth = 640<LI>Call Chain = session_control_handle &rArr; pal_store_data_set &rArr; ll_flash_smart_write &rArr; ll_flash_write_reg_drv
</UL>
<BR>[Calls]<UL><LI><a href="#[5f]">&gt;&gt;</a>&nbsp;&nbsp;&nbsp;pal_store_read
<LI><a href="#[43]">&gt;&gt;</a>&nbsp;&nbsp;&nbsp;pal_store_data_set
<LI><a href="#[44]">&gt;&gt;</a>&nbsp;&nbsp;&nbsp;pal_store_data_get
<LI><a href="#[55]">&gt;&gt;</a>&nbsp;&nbsp;&nbsp;dfu_session_parameter_resp
<LI><a href="#[4a]">&gt;&gt;</a>&nbsp;&nbsp;&nbsp;delay_ms
<LI><a href="#[42]">&gt;&gt;</a>&nbsp;&nbsp;&nbsp;dfu_do_notify_response
<LI><a href="#[60]">&gt;&gt;</a>&nbsp;&nbsp;&nbsp;__NVIC_SystemReset
</UL>
<BR>[Address Reference Count : 1]<UL><LI> dfu_uds_manager.o(.rodata.dfu_process_ctx)
</UL>
<P><STRONG><a name="[1c]"></a>transfer_data_handle</STRONG> (Thumb, 304 bytes, Stack size 24 bytes, dfu_uds_manager.o(.text.transfer_data_handle))
<BR><BR>[Stack]<UL><LI>Max Depth = 104<LI>Call Chain = transfer_data_handle &rArr; dfu_do_notify_response &rArr; dfu_do_notify_cp &rArr; lin_uds_send
</UL>
<BR>[Calls]<UL><LI><a href="#[6a]">&gt;&gt;</a>&nbsp;&nbsp;&nbsp;ll_flash_write_drv
<LI><a href="#[41]">&gt;&gt;</a>&nbsp;&nbsp;&nbsp;lin_get_uds_nad
<LI><a href="#[42]">&gt;&gt;</a>&nbsp;&nbsp;&nbsp;dfu_do_notify_response
<LI><a href="#[48]">&gt;&gt;</a>&nbsp;&nbsp;&nbsp;__aeabi_memcpy
</UL>
<BR>[Address Reference Count : 1]<UL><LI> dfu_uds_manager.o(.rodata.dfu_process_ctx)
</UL>
<P><STRONG><a name="[84]"></a>uds_diag_DID_chk</STRONG> (Thumb, 72 bytes, Stack size 16 bytes, dfu_uds_manager.o(.text.uds_diag_DID_chk))
<BR><BR>[Stack]<UL><LI>Max Depth = 72<LI>Call Chain = uds_diag_DID_chk &rArr; pal_store_read &rArr; ll_flash_read
</UL>
<BR>[Calls]<UL><LI><a href="#[5f]">&gt;&gt;</a>&nbsp;&nbsp;&nbsp;pal_store_read
</UL>
<BR>[Called By]<UL><LI><a href="#[21]">&gt;&gt;</a>&nbsp;&nbsp;&nbsp;read_data_by_identify_handle
</UL>

<P><STRONG><a name="[85]"></a>user_read_data_by_id</STRONG> (Thumb, 476 bytes, Stack size 80 bytes, dfu_uds_manager.o(.text.user_read_data_by_id))
<BR><BR>[Stack]<UL><LI>Max Depth = 136<LI>Call Chain = user_read_data_by_id &rArr; pal_store_read &rArr; ll_flash_read
</UL>
<BR>[Calls]<UL><LI><a href="#[5f]">&gt;&gt;</a>&nbsp;&nbsp;&nbsp;pal_store_read
<LI><a href="#[56]">&gt;&gt;</a>&nbsp;&nbsp;&nbsp;ll_flash_read
<LI><a href="#[89]">&gt;&gt;</a>&nbsp;&nbsp;&nbsp;__aeabi_memset4
</UL>
<BR>[Called By]<UL><LI><a href="#[21]">&gt;&gt;</a>&nbsp;&nbsp;&nbsp;read_data_by_identify_handle
</UL>

<P><STRONG><a name="[35]"></a>__NVIC_SystemReset</STRONG> (Thumb, 20 bytes, Stack size 0 bytes, tcpl03x_ll_cortex.o(.text.__NVIC_SystemReset))
<BR><BR>[Called By]<UL><LI><a href="#[1]">&gt;&gt;</a>&nbsp;&nbsp;&nbsp;NMI_Handler
<LI><a href="#[2]">&gt;&gt;</a>&nbsp;&nbsp;&nbsp;HardFault_Handler
</UL>

<P><STRONG><a name="[74]"></a>__NVIC_SetPriority</STRONG> (Thumb, 36 bytes, Stack size 8 bytes, tcpl03x_ll_sci.o(.text.__NVIC_SetPriority))
<BR><BR>[Stack]<UL><LI>Max Depth = 8<LI>Call Chain = __NVIC_SetPriority
</UL>
<BR>[Called By]<UL><LI><a href="#[73]">&gt;&gt;</a>&nbsp;&nbsp;&nbsp;ll_sci_init
</UL>

<P><STRONG><a name="[67]"></a>ll_flash_erase_reg_drv</STRONG> (Thumb, 76 bytes, Stack size 24 bytes, tcpl03x_ll_flash_cus.o(.text.ll_flash_erase_reg_drv))
<BR><BR>[Stack]<UL><LI>Max Depth = 24<LI>Call Chain = ll_flash_erase_reg_drv
</UL>
<BR>[Called By]<UL><LI><a href="#[68]">&gt;&gt;</a>&nbsp;&nbsp;&nbsp;ll_flash_smart_write
<LI><a href="#[66]">&gt;&gt;</a>&nbsp;&nbsp;&nbsp;ll_flash_erase_drv
</UL>

<P><STRONG><a name="[69]"></a>ll_flash_write_reg_drv</STRONG> (Thumb, 184 bytes, Stack size 48 bytes, tcpl03x_ll_flash_cus.o(.text.ll_flash_write_reg_drv))
<BR><BR>[Stack]<UL><LI>Max Depth = 48<LI>Call Chain = ll_flash_write_reg_drv
</UL>
<BR>[Calls]<UL><LI><a href="#[48]">&gt;&gt;</a>&nbsp;&nbsp;&nbsp;__aeabi_memcpy
</UL>
<BR>[Called By]<UL><LI><a href="#[68]">&gt;&gt;</a>&nbsp;&nbsp;&nbsp;ll_flash_smart_write
<LI><a href="#[6a]">&gt;&gt;</a>&nbsp;&nbsp;&nbsp;ll_flash_write_drv
</UL>
<P>
<H3>
Undefined Global Symbols
</H3><HR></body></html>
