<!doctype html public "-//w3c//dtd html 4.0 transitional//en">
<html><head>
<title>Static Call Graph - [.\Objects\doorctrl_lin.axf]</title></head>
<body><HR>
<H1>Static Call Graph for image .\Objects\doorctrl_lin.axf</H1><HR>
<BR><P>#&#060CALLGRAPH&#062# ARM Linker, 6130100: Last Updated: Tue Feb 24 19:40:32 2026
<BR><P>
<H3>Maximum Stack Usage =        408 bytes + Unknown(Cycles, Untraceable Function Pointers)</H3><H3>
Call chain for Maximum Stack Depth:</H3>
LinTask &rArr; lin_diag_service_handle &rArr; lin_diag_save_configuration &rArr; store_system_data_set &rArr; pal_store_data_set &rArr; store_slow_write &rArr; pal_store_write &rArr; ll_flash_write &rArr; ll_flash_write_reg_drv
<P>
<H3>
Mutually Recursive functions
</H3> <LI><a href="#[3]">SVC_Handler</a>&nbsp;&nbsp;&nbsp;&rArr;&nbsp;&nbsp;&nbsp;<a href="#[3]">SVC_Handler</a><BR>
 <LI><a href="#[4]">PendSV_Handler</a>&nbsp;&nbsp;&nbsp;&rArr;&nbsp;&nbsp;&nbsp;<a href="#[4]">PendSV_Handler</a><BR>
 <LI><a href="#[d]">GPIO_IRQHandler</a>&nbsp;&nbsp;&nbsp;&rArr;&nbsp;&nbsp;&nbsp;<a href="#[d]">GPIO_IRQHandler</a><BR>
</UL>
<P>
<H3>
Function Pointers
</H3><UL>
 <LI><a href="#[7]">ADC_IRQHandler</a> from tcae10_ll_adc.o(.text.ADC_IRQHandler) referenced from startup_tcae10.o(RESET)
 <LI><a href="#[c]">AON_IRQHandler</a> from lin_task.o(.text.AON_IRQHandler) referenced from startup_tcae10.o(RESET)
 <LI><a href="#[2b]">AppTask</a> from app.o(.text.AppTask) referenced from app.o(.text.TcMain)
 <LI><a href="#[57]">DoorCtrlNoiseDetectVarianceStatusChanged</a> from touch_config.o(.text.DoorCtrlNoiseDetectVarianceStatusChanged) referenced from touch_config.o(.data.doorctrlNoiseDetectVariance)
 <LI><a href="#[6]">FLASH_IRQHandler</a> from tcae10_ll_flash.o(.text.FLASH_IRQHandler) referenced from startup_tcae10.o(RESET)
 <LI><a href="#[d]">GPIO_IRQHandler</a> from startup_tcae10.o(.text) referenced from startup_tcae10.o(RESET)
 <LI><a href="#[2]">HardFault_Handler</a> from tcae10_ll_cortex.o(.text.HardFault_Handler) referenced from startup_tcae10.o(RESET)
 <LI><a href="#[2f]">IOtouchKeyArbiterHook1</a> from touch_config.o(.text.IOtouchKeyArbiterHook1) referenced from touch_config.o(.text.TouchConfig)
 <LI><a href="#[31]">IOtouchKeyArbiterHook2</a> from touch_config.o(.text.IOtouchKeyArbiterHook2) referenced from touch_config.o(.text.TouchConfig)
 <LI><a href="#[2e]">IOtouchKeyValueChanged1</a> from touch_config.o(.text.IOtouchKeyValueChanged1) referenced from touch_config.o(.text.TouchConfig)
 <LI><a href="#[30]">IOtouchKeyValueChanged2</a> from touch_config.o(.text.IOtouchKeyValueChanged2) referenced from touch_config.o(.text.TouchConfig)
 <LI><a href="#[11]">IRQ011_Handler</a> from startup_tcae10.o(.text) referenced from startup_tcae10.o(RESET)
 <LI><a href="#[12]">IRQ012_Handler</a> from startup_tcae10.o(.text) referenced from startup_tcae10.o(RESET)
 <LI><a href="#[13]">IRQ013_Handler</a> from startup_tcae10.o(.text) referenced from startup_tcae10.o(RESET)
 <LI><a href="#[14]">IRQ014_Handler</a> from startup_tcae10.o(.text) referenced from startup_tcae10.o(RESET)
 <LI><a href="#[15]">IRQ015_Handler</a> from startup_tcae10.o(.text) referenced from startup_tcae10.o(RESET)
 <LI><a href="#[16]">IRQ016_Handler</a> from startup_tcae10.o(.text) referenced from startup_tcae10.o(RESET)
 <LI><a href="#[17]">IRQ017_Handler</a> from startup_tcae10.o(.text) referenced from startup_tcae10.o(RESET)
 <LI><a href="#[18]">IRQ018_Handler</a> from startup_tcae10.o(.text) referenced from startup_tcae10.o(RESET)
 <LI><a href="#[19]">IRQ019_Handler</a> from startup_tcae10.o(.text) referenced from startup_tcae10.o(RESET)
 <LI><a href="#[1a]">IRQ020_Handler</a> from startup_tcae10.o(.text) referenced from startup_tcae10.o(RESET)
 <LI><a href="#[1b]">IRQ021_Handler</a> from startup_tcae10.o(.text) referenced from startup_tcae10.o(RESET)
 <LI><a href="#[1c]">IRQ022_Handler</a> from startup_tcae10.o(.text) referenced from startup_tcae10.o(RESET)
 <LI><a href="#[1d]">IRQ023_Handler</a> from startup_tcae10.o(.text) referenced from startup_tcae10.o(RESET)
 <LI><a href="#[1e]">IRQ024_Handler</a> from startup_tcae10.o(.text) referenced from startup_tcae10.o(RESET)
 <LI><a href="#[1f]">IRQ025_Handler</a> from startup_tcae10.o(.text) referenced from startup_tcae10.o(RESET)
 <LI><a href="#[20]">IRQ026_Handler</a> from startup_tcae10.o(.text) referenced from startup_tcae10.o(RESET)
 <LI><a href="#[21]">IRQ027_Handler</a> from startup_tcae10.o(.text) referenced from startup_tcae10.o(RESET)
 <LI><a href="#[22]">IRQ028_Handler</a> from startup_tcae10.o(.text) referenced from startup_tcae10.o(RESET)
 <LI><a href="#[23]">IRQ029_Handler</a> from startup_tcae10.o(.text) referenced from startup_tcae10.o(RESET)
 <LI><a href="#[24]">IRQ030_Handler</a> from startup_tcae10.o(.text) referenced from startup_tcae10.o(RESET)
 <LI><a href="#[25]">IRQ031_Handler</a> from startup_tcae10.o(.text) referenced from startup_tcae10.o(RESET)
 <LI><a href="#[a]">IWDG_IRQHandler</a> from startup_tcae10.o(.text) referenced from startup_tcae10.o(RESET)
 <LI><a href="#[29]">LinHaltFilterWakeupCallback</a> from lin_task.o(.text.LinHaltFilterWakeupCallback) referenced from lin_task.o(.text.LinTask)
 <LI><a href="#[2a]">LinHaltMonitorCallback</a> from lin_task.o(.text.LinHaltMonitorCallback) referenced from lin_task.o(.text.LinTask)
 <LI><a href="#[28]">LinTask</a> from lin_task.o(.text.LinTask) referenced from lin_task.o(.text.LinInit)
 <LI><a href="#[1]">NMI_Handler</a> from tcae10_ll_cortex.o(.text.NMI_Handler) referenced from startup_tcae10.o(RESET)
 <LI><a href="#[2d]">NoiseDetectVarianceHook</a> from touch_config.o(.text.NoiseDetectVarianceHook) referenced from touch_config.o(.text.TouchConfig)
 <LI><a href="#[8]">PWM_IRQHandler</a> from startup_tcae10.o(.text) referenced from startup_tcae10.o(RESET)
 <LI><a href="#[4]">PendSV_Handler</a> from startup_tcae10.o(.text) referenced from startup_tcae10.o(RESET)
 <LI><a href="#[0]">Reset_Handler</a> from startup_tcae10.o(.text) referenced from startup_tcae10.o(RESET)
 <LI><a href="#[b]">SCI_IRQHandler</a> from tcae10_ll_sci.o(.text.SCI_IRQHandler) referenced from startup_tcae10.o(RESET)
 <LI><a href="#[e]">SPI_IRQHandler</a> from startup_tcae10.o(.text) referenced from startup_tcae10.o(RESET)
 <LI><a href="#[3]">SVC_Handler</a> from startup_tcae10.o(.text) referenced from startup_tcae10.o(RESET)
 <LI><a href="#[54]">SchedulerBalance</a> from si_scheduler.o(i.SchedulerBalance) referenced from si_scheduler.o(.constdata)
 <LI><a href="#[55]">SchedulerLowpower</a> from si_scheduler.o(i.SchedulerLowpower) referenced from si_scheduler.o(.constdata)
 <LI><a href="#[56]">SchedulerSlice</a> from si_scheduler.o(i.SchedulerSlice) referenced from si_scheduler.o(.constdata)
 <LI><a href="#[44]">SiArbiterFreq10DoorctrlBaselineLocked</a> from si_arbiter_freq10doorctrl.o(i.SiArbiterFreq10DoorctrlBaselineLocked) referenced from si_arbiter_freq10doorctrl.o(i.SiArbiterFreq10DoorctrlNodeInit)
 <LI><a href="#[45]">SiArbiterFreq10DoorctrlCanEnterHalt</a> from si_arbiter_freq10doorctrl.o(i.SiArbiterFreq10DoorctrlCanEnterHalt) referenced from si_arbiter_freq10doorctrl.o(i.SiArbiterFreq10DoorctrlNodeInit)
 <LI><a href="#[42]">SiArbiterFreq10DoorctrlInit</a> from si_arbiter_freq10doorctrl.o(i.SiArbiterFreq10DoorctrlInit) referenced from si_arbiter_freq10doorctrl.o(i.SiArbiterFreq10DoorctrlNodeInit)
 <LI><a href="#[43]">SiArbiterFreq10DoorctrlReset</a> from si_arbiter_freq10doorctrl.o(i.SiArbiterFreq10DoorctrlReset) referenced from si_arbiter_freq10doorctrl.o(i.SiArbiterFreq10DoorctrlNodeInit)
 <LI><a href="#[46]">SiArbiterFreq10DoorctrlRun</a> from si_arbiter_freq10doorctrl.o(i.SiArbiterFreq10DoorctrlRun) referenced from si_arbiter_freq10doorctrl.o(i.SiArbiterFreq10DoorctrlNodeInit)
 <LI><a href="#[47]">SiBaselineDoorctrl2MtStrongAvgInit</a> from si_baseline_doorctrl2_strongavg_mt.o(i.SiBaselineDoorctrl2MtStrongAvgInit) referenced from si_baseline_doorctrl2_strongavg_mt.o(i.SiBaselineDoorctrl2MtStrongAvgNodeInit)
 <LI><a href="#[49]">SiBaselineDoorctrl2MtStrongAvgReset</a> from si_baseline_doorctrl2_strongavg_mt.o(i.SiBaselineDoorctrl2MtStrongAvgReset) referenced from si_baseline_doorctrl2_strongavg_mt.o(i.SiBaselineDoorctrl2MtStrongAvgNodeInit)
 <LI><a href="#[4a]">SiBaselineDoorctrl2MtStrongAvgRun</a> from si_baseline_doorctrl2_strongavg_mt.o(i.SiBaselineDoorctrl2MtStrongAvgRun) referenced from si_baseline_doorctrl2_strongavg_mt.o(i.SiBaselineDoorctrl2MtStrongAvgNodeInit)
 <LI><a href="#[48]">SiBaselineDoorctrl2MtStrongAvgSet</a> from si_baseline_doorctrl2_strongavg_mt.o(i.SiBaselineDoorctrl2MtStrongAvgSet) referenced from si_baseline_doorctrl2_strongavg_mt.o(i.SiBaselineDoorctrl2MtStrongAvgNodeInit)
 <LI><a href="#[4c]">SiFilterDoorctrlExit</a> from si_filter_doorctrl.o(i.SiFilterDoorctrlExit) referenced from si_filter_doorctrl.o(i.SiFilterDoorctrlNodeInit)
 <LI><a href="#[4b]">SiFilterDoorctrlInit</a> from si_filter_doorctrl.o(i.SiFilterDoorctrlInit) referenced from si_filter_doorctrl.o(i.SiFilterDoorctrlNodeInit)
 <LI><a href="#[4d]">SiFilterDoorctrlReset</a> from si_filter_doorctrl.o(i.SiFilterDoorctrlReset) referenced from si_filter_doorctrl.o(i.SiFilterDoorctrlNodeInit)
 <LI><a href="#[4e]">SiFilterDoorctrlRun</a> from si_filter_doorctrl.o(i.SiFilterDoorctrlRun) referenced from si_filter_doorctrl.o(i.SiFilterDoorctrlNodeInit)
 <LI><a href="#[4f]">SiNoiseExitConditionFastVarianceReset</a> from si_noise_exit_fast_variance.o(i.SiNoiseExitConditionFastVarianceReset) referenced from si_noise_exit_fast_variance.o(i.SiNoiseExitConditionFastVarianceInit)
 <LI><a href="#[50]">SiNoiseExitConditionFastVarianceRun</a> from si_noise_exit_fast_variance.o(i.SiNoiseExitConditionFastVarianceRun) referenced from si_noise_exit_fast_variance.o(i.SiNoiseExitConditionFastVarianceInit)
 <LI><a href="#[51]">SiNoiseFastVarianceInit</a> from si_noise_fast_variance.o(i.SiNoiseFastVarianceInit) referenced from si_noise_fast_variance.o(i.SiNoiseFastVarianceNodeInit)
 <LI><a href="#[52]">SiNoiseFastVarianceReset</a> from si_noise_fast_variance.o(i.SiNoiseFastVarianceReset) referenced from si_noise_fast_variance.o(i.SiNoiseFastVarianceNodeInit)
 <LI><a href="#[53]">SiNoiseFastVarianceRun</a> from si_noise_fast_variance.o(i.SiNoiseFastVarianceRun) referenced from si_noise_fast_variance.o(i.SiNoiseFastVarianceNodeInit)
 <LI><a href="#[5]">SysTick_Handler</a> from tc_port.o(RAMCODE) referenced from startup_tcae10.o(RESET)
 <LI><a href="#[26]">SystemInit</a> from system_tcae10.o(.text.SystemInit) referenced from startup_tcae10.o(.text)
 <LI><a href="#[9]">TIMER_IRQHandler</a> from tc_halt.o(.text.TIMER_IRQHandler) referenced from startup_tcae10.o(RESET)
 <LI><a href="#[f]">TOUCH_IRQHandler</a> from si_touch_port.o(.text.TOUCH_IRQHandler) referenced from startup_tcae10.o(RESET)
 <LI><a href="#[27]">TcMain</a> from app.o(.text.TcMain) referenced from startup_tcae10.o(.text)
 <LI><a href="#[2c]">TcTimerTickHandler</a> from tc_port.o(.text.TcTimerTickHandler) referenced from tc_port.o(.text.TcPortInit)
 <LI><a href="#[32]">TouchGetTime</a> from touch_tool.o(.text.TouchGetTime) referenced from si_touch_port.o(.text.TouchInit)
 <LI><a href="#[34]">TouchHaltFilterWakeupCallback</a> from si_touch_port.o(.text.TouchHaltFilterWakeupCallback) referenced from si_touch_port.o(.text.TouchTask)
 <LI><a href="#[35]">TouchHaltMonitorCallback</a> from si_touch_port.o(.text.TouchHaltMonitorCallback) referenced from si_touch_port.o(.text.TouchTask)
 <LI><a href="#[33]">TouchTask</a> from si_touch_port.o(.text.TouchTask) referenced from si_touch_port.o(.text.TouchInit)
 <LI><a href="#[10]">UART_IRQHandler</a> from tcae10_ll_sci.o(.text.UART_IRQHandler) referenced from startup_tcae10.o(RESET)
 <LI><a href="#[41]">lin_lld_isr_callback</a> from lin_process.o(.text.lin_lld_isr_callback) referenced from lin_process.o(.text.lin_init_sci)
 <LI><a href="#[3b]">touch_charge_get_data</a> from touch_halnode.o(.text.touch_charge_get_data) referenced from touch_halnode.o(.text.Touch_HalChargeCreate)
 <LI><a href="#[36]">touch_charge_low_init</a> from touch_halnode.o(.text.touch_charge_low_init) referenced from touch_halnode.o(.text.Touch_HalChargeCreate)
 <LI><a href="#[37]">touch_charge_set_channel</a> from touch_halnode.o(.text.touch_charge_set_channel) referenced from touch_halnode.o(.text.Touch_HalChargeCreate)
 <LI><a href="#[38]">touch_charge_set_gainer</a> from touch_halnode.o(.text.touch_charge_set_gainer) referenced from touch_halnode.o(.text.Touch_HalChargeCreate)
 <LI><a href="#[39]">touch_charge_set_ioenable</a> from touch_halnode.o(.text.touch_charge_set_ioenable) referenced from touch_halnode.o(.text.Touch_HalChargeCreate)
 <LI><a href="#[3a]">touch_charge_trig</a> from touch_halnode.o(.text.touch_charge_trig) referenced from touch_halnode.o(.text.Touch_HalChargeCreate)
 <LI><a href="#[3c]">touch_haldispatchonlytouch_get_scaner</a> from touch_haldispatch.o(.text.touch_haldispatchonlytouch_get_scaner) referenced from touch_haldispatch.o(.text.Touch_HalDispatchOnlyTouchCreate)
 <LI><a href="#[3d]">touch_haldispatchonlytouch_reset</a> from touch_haldispatch.o(.text.touch_haldispatchonlytouch_reset) referenced from touch_haldispatch.o(.text.Touch_HalDispatchOnlyTouchCreate)
 <LI><a href="#[40]">touch_haldispatchonlytouch_run</a> from touch_haldispatch.o(.text.touch_haldispatchonlytouch_run) referenced from touch_haldispatch.o(.text.Touch_HalDispatchOnlyTouchCreate)
 <LI><a href="#[3f]">touch_haldispatchonlytouch_run_scanmany</a> from touch_haldispatch.o(.text.touch_haldispatchonlytouch_run_scanmany) referenced from touch_haldispatch.o(.text.Touch_HalDispatchOnlyTouchCreate)
 <LI><a href="#[3e]">touch_haldispatchonlytouch_sleep_run</a> from touch_haldispatch.o(.text.touch_haldispatchonlytouch_sleep_run) referenced from touch_haldispatch.o(.text.Touch_HalDispatchOnlyTouchCreate)
</UL>
<P>
<H3>
Global Symbols
</H3>
<P><STRONG><a name="[0]"></a>Reset_Handler</STRONG> (Thumb, 36 bytes, Stack size 0 bytes, startup_tcae10.o(.text))
<BR>[Address Reference Count : 1]<UL><LI> startup_tcae10.o(RESET)
</UL>
<P><STRONG><a name="[3]"></a>SVC_Handler</STRONG> (Thumb, 2 bytes, Stack size 0 bytes, startup_tcae10.o(.text))
<BR><BR>[Calls]<UL><LI><a href="#[3]">&gt;&gt;</a>&nbsp;&nbsp;&nbsp;SVC_Handler
</UL>
<BR>[Called By]<UL><LI><a href="#[3]">&gt;&gt;</a>&nbsp;&nbsp;&nbsp;SVC_Handler
</UL>
<BR>[Address Reference Count : 1]<UL><LI> startup_tcae10.o(RESET)
</UL>
<P><STRONG><a name="[4]"></a>PendSV_Handler</STRONG> (Thumb, 2 bytes, Stack size 0 bytes, startup_tcae10.o(.text))
<BR><BR>[Calls]<UL><LI><a href="#[4]">&gt;&gt;</a>&nbsp;&nbsp;&nbsp;PendSV_Handler
</UL>
<BR>[Called By]<UL><LI><a href="#[4]">&gt;&gt;</a>&nbsp;&nbsp;&nbsp;PendSV_Handler
</UL>
<BR>[Address Reference Count : 1]<UL><LI> startup_tcae10.o(RESET)
</UL>
<P><STRONG><a name="[d]"></a>GPIO_IRQHandler</STRONG> (Thumb, 0 bytes, Stack size 0 bytes, startup_tcae10.o(.text))
<BR><BR>[Calls]<UL><LI><a href="#[d]">&gt;&gt;</a>&nbsp;&nbsp;&nbsp;GPIO_IRQHandler
</UL>
<BR>[Called By]<UL><LI><a href="#[d]">&gt;&gt;</a>&nbsp;&nbsp;&nbsp;GPIO_IRQHandler
</UL>
<BR>[Address Reference Count : 1]<UL><LI> startup_tcae10.o(RESET)
</UL>
<P><STRONG><a name="[11]"></a>IRQ011_Handler</STRONG> (Thumb, 0 bytes, Stack size 0 bytes, startup_tcae10.o(.text))
<BR>[Address Reference Count : 1]<UL><LI> startup_tcae10.o(RESET)
</UL>
<P><STRONG><a name="[12]"></a>IRQ012_Handler</STRONG> (Thumb, 0 bytes, Stack size 0 bytes, startup_tcae10.o(.text))
<BR>[Address Reference Count : 1]<UL><LI> startup_tcae10.o(RESET)
</UL>
<P><STRONG><a name="[13]"></a>IRQ013_Handler</STRONG> (Thumb, 0 bytes, Stack size 0 bytes, startup_tcae10.o(.text))
<BR>[Address Reference Count : 1]<UL><LI> startup_tcae10.o(RESET)
</UL>
<P><STRONG><a name="[14]"></a>IRQ014_Handler</STRONG> (Thumb, 0 bytes, Stack size 0 bytes, startup_tcae10.o(.text))
<BR>[Address Reference Count : 1]<UL><LI> startup_tcae10.o(RESET)
</UL>
<P><STRONG><a name="[15]"></a>IRQ015_Handler</STRONG> (Thumb, 0 bytes, Stack size 0 bytes, startup_tcae10.o(.text))
<BR>[Address Reference Count : 1]<UL><LI> startup_tcae10.o(RESET)
</UL>
<P><STRONG><a name="[16]"></a>IRQ016_Handler</STRONG> (Thumb, 0 bytes, Stack size 0 bytes, startup_tcae10.o(.text))
<BR>[Address Reference Count : 1]<UL><LI> startup_tcae10.o(RESET)
</UL>
<P><STRONG><a name="[17]"></a>IRQ017_Handler</STRONG> (Thumb, 0 bytes, Stack size 0 bytes, startup_tcae10.o(.text))
<BR>[Address Reference Count : 1]<UL><LI> startup_tcae10.o(RESET)
</UL>
<P><STRONG><a name="[18]"></a>IRQ018_Handler</STRONG> (Thumb, 0 bytes, Stack size 0 bytes, startup_tcae10.o(.text))
<BR>[Address Reference Count : 1]<UL><LI> startup_tcae10.o(RESET)
</UL>
<P><STRONG><a name="[19]"></a>IRQ019_Handler</STRONG> (Thumb, 0 bytes, Stack size 0 bytes, startup_tcae10.o(.text))
<BR>[Address Reference Count : 1]<UL><LI> startup_tcae10.o(RESET)
</UL>
<P><STRONG><a name="[1a]"></a>IRQ020_Handler</STRONG> (Thumb, 0 bytes, Stack size 0 bytes, startup_tcae10.o(.text))
<BR>[Address Reference Count : 1]<UL><LI> startup_tcae10.o(RESET)
</UL>
<P><STRONG><a name="[1b]"></a>IRQ021_Handler</STRONG> (Thumb, 0 bytes, Stack size 0 bytes, startup_tcae10.o(.text))
<BR>[Address Reference Count : 1]<UL><LI> startup_tcae10.o(RESET)
</UL>
<P><STRONG><a name="[1c]"></a>IRQ022_Handler</STRONG> (Thumb, 0 bytes, Stack size 0 bytes, startup_tcae10.o(.text))
<BR>[Address Reference Count : 1]<UL><LI> startup_tcae10.o(RESET)
</UL>
<P><STRONG><a name="[1d]"></a>IRQ023_Handler</STRONG> (Thumb, 0 bytes, Stack size 0 bytes, startup_tcae10.o(.text))
<BR>[Address Reference Count : 1]<UL><LI> startup_tcae10.o(RESET)
</UL>
<P><STRONG><a name="[1e]"></a>IRQ024_Handler</STRONG> (Thumb, 0 bytes, Stack size 0 bytes, startup_tcae10.o(.text))
<BR>[Address Reference Count : 1]<UL><LI> startup_tcae10.o(RESET)
</UL>
<P><STRONG><a name="[1f]"></a>IRQ025_Handler</STRONG> (Thumb, 0 bytes, Stack size 0 bytes, startup_tcae10.o(.text))
<BR>[Address Reference Count : 1]<UL><LI> startup_tcae10.o(RESET)
</UL>
<P><STRONG><a name="[20]"></a>IRQ026_Handler</STRONG> (Thumb, 0 bytes, Stack size 0 bytes, startup_tcae10.o(.text))
<BR>[Address Reference Count : 1]<UL><LI> startup_tcae10.o(RESET)
</UL>
<P><STRONG><a name="[21]"></a>IRQ027_Handler</STRONG> (Thumb, 0 bytes, Stack size 0 bytes, startup_tcae10.o(.text))
<BR>[Address Reference Count : 1]<UL><LI> startup_tcae10.o(RESET)
</UL>
<P><STRONG><a name="[22]"></a>IRQ028_Handler</STRONG> (Thumb, 0 bytes, Stack size 0 bytes, startup_tcae10.o(.text))
<BR>[Address Reference Count : 1]<UL><LI> startup_tcae10.o(RESET)
</UL>
<P><STRONG><a name="[23]"></a>IRQ029_Handler</STRONG> (Thumb, 0 bytes, Stack size 0 bytes, startup_tcae10.o(.text))
<BR>[Address Reference Count : 1]<UL><LI> startup_tcae10.o(RESET)
</UL>
<P><STRONG><a name="[24]"></a>IRQ030_Handler</STRONG> (Thumb, 0 bytes, Stack size 0 bytes, startup_tcae10.o(.text))
<BR>[Address Reference Count : 1]<UL><LI> startup_tcae10.o(RESET)
</UL>
<P><STRONG><a name="[25]"></a>IRQ031_Handler</STRONG> (Thumb, 0 bytes, Stack size 0 bytes, startup_tcae10.o(.text))
<BR>[Address Reference Count : 1]<UL><LI> startup_tcae10.o(RESET)
</UL>
<P><STRONG><a name="[a]"></a>IWDG_IRQHandler</STRONG> (Thumb, 0 bytes, Stack size 0 bytes, startup_tcae10.o(.text))
<BR>[Address Reference Count : 1]<UL><LI> startup_tcae10.o(RESET)
</UL>
<P><STRONG><a name="[8]"></a>PWM_IRQHandler</STRONG> (Thumb, 0 bytes, Stack size 0 bytes, startup_tcae10.o(.text))
<BR>[Address Reference Count : 1]<UL><LI> startup_tcae10.o(RESET)
</UL>
<P><STRONG><a name="[e]"></a>SPI_IRQHandler</STRONG> (Thumb, 0 bytes, Stack size 0 bytes, startup_tcae10.o(.text))
<BR>[Address Reference Count : 1]<UL><LI> startup_tcae10.o(RESET)
</UL>
<P><STRONG><a name="[a6]"></a>__aeabi_uidiv</STRONG> (Thumb, 0 bytes, Stack size 12 bytes, uidiv.o(.text))
<BR><BR>[Stack]<UL><LI>Max Depth = 12<LI>Call Chain = __aeabi_uidiv
</UL>
<BR>[Called By]<UL><LI><a href="#[134]">&gt;&gt;</a>&nbsp;&nbsp;&nbsp;sys_pclk_freq_get
<LI><a href="#[96]">&gt;&gt;</a>&nbsp;&nbsp;&nbsp;sys_hclk_freq_get
<LI><a href="#[cd]">&gt;&gt;</a>&nbsp;&nbsp;&nbsp;delay1ms
<LI><a href="#[133]">&gt;&gt;</a>&nbsp;&nbsp;&nbsp;ll_sci_baudrate_config
<LI><a href="#[3f]">&gt;&gt;</a>&nbsp;&nbsp;&nbsp;touch_haldispatchonlytouch_run_scanmany
<LI><a href="#[40]">&gt;&gt;</a>&nbsp;&nbsp;&nbsp;touch_haldispatchonlytouch_run
<LI><a href="#[bc]">&gt;&gt;</a>&nbsp;&nbsp;&nbsp;TouchRtcTrigConfig
<LI><a href="#[10a]">&gt;&gt;</a>&nbsp;&nbsp;&nbsp;pal_lin_autobaudrate_check
<LI><a href="#[a2]">&gt;&gt;</a>&nbsp;&nbsp;&nbsp;TcTimerTickInit
<LI><a href="#[a5]">&gt;&gt;</a>&nbsp;&nbsp;&nbsp;TcTimerExec
<LI><a href="#[123]">&gt;&gt;</a>&nbsp;&nbsp;&nbsp;lin_tl_handler
</UL>

<P><STRONG><a name="[59]"></a>__aeabi_uidivmod</STRONG> (Thumb, 44 bytes, Stack size 12 bytes, uidiv.o(.text))
<BR><BR>[Stack]<UL><LI>Max Depth = 12<LI>Call Chain = __aeabi_uidivmod
</UL>
<BR>[Called By]<UL><LI><a href="#[75]">&gt;&gt;</a>&nbsp;&nbsp;&nbsp;ll_gpio_init
<LI><a href="#[c7]">&gt;&gt;</a>&nbsp;&nbsp;&nbsp;ll_gpio_afio_config
<LI><a href="#[de]">&gt;&gt;</a>&nbsp;&nbsp;&nbsp;ld_send_message
<LI><a href="#[58]">&gt;&gt;</a>&nbsp;&nbsp;&nbsp;__aeabi_idivmod
</UL>

<P><STRONG><a name="[181]"></a>__aeabi_idiv</STRONG> (Thumb, 0 bytes, Stack size 16 bytes, idiv.o(.text), UNUSED)

<P><STRONG><a name="[58]"></a>__aeabi_idivmod</STRONG> (Thumb, 40 bytes, Stack size 16 bytes, idiv.o(.text))
<BR><BR>[Stack]<UL><LI>Max Depth = 28<LI>Call Chain = __aeabi_idivmod &rArr; __aeabi_uidivmod
</UL>
<BR>[Calls]<UL><LI><a href="#[59]">&gt;&gt;</a>&nbsp;&nbsp;&nbsp;__aeabi_uidivmod
</UL>
<BR>[Called By]<UL><LI><a href="#[150]">&gt;&gt;</a>&nbsp;&nbsp;&nbsp;calc_low_pass
<LI><a href="#[cb]">&gt;&gt;</a>&nbsp;&nbsp;&nbsp;CalcMinMaxAvg
<LI><a href="#[46]">&gt;&gt;</a>&nbsp;&nbsp;&nbsp;SiArbiterFreq10DoorctrlRun
<LI><a href="#[4a]">&gt;&gt;</a>&nbsp;&nbsp;&nbsp;SiBaselineDoorctrl2MtStrongAvgRun
<LI><a href="#[4e]">&gt;&gt;</a>&nbsp;&nbsp;&nbsp;SiFilterDoorctrlRun
</UL>

<P><STRONG><a name="[c4]"></a>__aeabi_memcpy</STRONG> (Thumb, 36 bytes, Stack size 0 bytes, memcpya.o(.text))
<BR><BR>[Called By]<UL><LI><a href="#[12d]">&gt;&gt;</a>&nbsp;&nbsp;&nbsp;ll_flash_write_reg_drv
<LI><a href="#[12b]">&gt;&gt;</a>&nbsp;&nbsp;&nbsp;ll_flash_read_reg
<LI><a href="#[aa]">&gt;&gt;</a>&nbsp;&nbsp;&nbsp;Touch_HalDispatchOnlyTouchCreate
<LI><a href="#[ac]">&gt;&gt;</a>&nbsp;&nbsp;&nbsp;SiNoiseFastVarianceNodeInit
<LI><a href="#[ab]">&gt;&gt;</a>&nbsp;&nbsp;&nbsp;SiNoiseExitConditionFastVarianceInit
<LI><a href="#[af]">&gt;&gt;</a>&nbsp;&nbsp;&nbsp;SiFilterDoorctrlNodeInit
<LI><a href="#[b0]">&gt;&gt;</a>&nbsp;&nbsp;&nbsp;SiBaselineDoorctrl2MtStrongAvgNodeInit
<LI><a href="#[14c]">&gt;&gt;</a>&nbsp;&nbsp;&nbsp;store_slow_smart_read
<LI><a href="#[e7]">&gt;&gt;</a>&nbsp;&nbsp;&nbsp;lin_diag_positive_notify
<LI><a href="#[e2]">&gt;&gt;</a>&nbsp;&nbsp;&nbsp;lin_custom_diag_service_handle
<LI><a href="#[16c]">&gt;&gt;</a>&nbsp;&nbsp;&nbsp;user_read_data_by_id
<LI><a href="#[c9]">&gt;&gt;</a>&nbsp;&nbsp;&nbsp;bit_invert_swap_func
<LI><a href="#[14e]">&gt;&gt;</a>&nbsp;&nbsp;&nbsp;store_slow_write
<LI><a href="#[cb]">&gt;&gt;</a>&nbsp;&nbsp;&nbsp;CalcMinMaxAvg
</UL>

<P><STRONG><a name="[73]"></a>__aeabi_memcpy4</STRONG> (Thumb, 0 bytes, Stack size 0 bytes, memcpya.o(.text))
<BR><BR>[Called By]<UL><LI><a href="#[72]">&gt;&gt;</a>&nbsp;&nbsp;&nbsp;CopyDataRWtoImage
<LI><a href="#[aa]">&gt;&gt;</a>&nbsp;&nbsp;&nbsp;Touch_HalDispatchOnlyTouchCreate
<LI><a href="#[b1]">&gt;&gt;</a>&nbsp;&nbsp;&nbsp;SiArbiterFreq10DoorctrlNodeInit
</UL>

<P><STRONG><a name="[182]"></a>__aeabi_memcpy8</STRONG> (Thumb, 0 bytes, Stack size 0 bytes, memcpya.o(.text), UNUSED)

<P><STRONG><a name="[5b]"></a>__aeabi_memset</STRONG> (Thumb, 14 bytes, Stack size 0 bytes, memseta.o(.text))
<BR><BR>[Called By]<UL><LI><a href="#[5c]">&gt;&gt;</a>&nbsp;&nbsp;&nbsp;_memset$wrapper
<LI><a href="#[5a]">&gt;&gt;</a>&nbsp;&nbsp;&nbsp;__aeabi_memclr
</UL>

<P><STRONG><a name="[183]"></a>__aeabi_memset4</STRONG> (Thumb, 0 bytes, Stack size 0 bytes, memseta.o(.text), UNUSED)

<P><STRONG><a name="[184]"></a>__aeabi_memset8</STRONG> (Thumb, 0 bytes, Stack size 0 bytes, memseta.o(.text), UNUSED)

<P><STRONG><a name="[5a]"></a>__aeabi_memclr</STRONG> (Thumb, 4 bytes, Stack size 0 bytes, memseta.o(.text))
<BR><BR>[Calls]<UL><LI><a href="#[5b]">&gt;&gt;</a>&nbsp;&nbsp;&nbsp;__aeabi_memset
</UL>
<BR>[Called By]<UL><LI><a href="#[12c]">&gt;&gt;</a>&nbsp;&nbsp;&nbsp;ll_flash_write
<LI><a href="#[126]">&gt;&gt;</a>&nbsp;&nbsp;&nbsp;ll_flash_erase
<LI><a href="#[51]">&gt;&gt;</a>&nbsp;&nbsp;&nbsp;SiNoiseFastVarianceInit
<LI><a href="#[47]">&gt;&gt;</a>&nbsp;&nbsp;&nbsp;SiBaselineDoorctrl2MtStrongAvgInit
<LI><a href="#[4b]">&gt;&gt;</a>&nbsp;&nbsp;&nbsp;SiFilterDoorctrlInit
</UL>

<P><STRONG><a name="[a8]"></a>__aeabi_memclr4</STRONG> (Thumb, 0 bytes, Stack size 0 bytes, memseta.o(.text))
<BR><BR>[Called By]<UL><LI><a href="#[a7]">&gt;&gt;</a>&nbsp;&nbsp;&nbsp;TouchConfig
<LI><a href="#[ac]">&gt;&gt;</a>&nbsp;&nbsp;&nbsp;SiNoiseFastVarianceNodeInit
<LI><a href="#[af]">&gt;&gt;</a>&nbsp;&nbsp;&nbsp;SiFilterDoorctrlNodeInit
<LI><a href="#[b0]">&gt;&gt;</a>&nbsp;&nbsp;&nbsp;SiBaselineDoorctrl2MtStrongAvgNodeInit
<LI><a href="#[b1]">&gt;&gt;</a>&nbsp;&nbsp;&nbsp;SiArbiterFreq10DoorctrlNodeInit
<LI><a href="#[cb]">&gt;&gt;</a>&nbsp;&nbsp;&nbsp;CalcMinMaxAvg
<LI><a href="#[bb]">&gt;&gt;</a>&nbsp;&nbsp;&nbsp;SiAlgoInit
<LI><a href="#[42]">&gt;&gt;</a>&nbsp;&nbsp;&nbsp;SiArbiterFreq10DoorctrlInit
<LI><a href="#[51]">&gt;&gt;</a>&nbsp;&nbsp;&nbsp;SiNoiseFastVarianceInit
<LI><a href="#[47]">&gt;&gt;</a>&nbsp;&nbsp;&nbsp;SiBaselineDoorctrl2MtStrongAvgInit
<LI><a href="#[4b]">&gt;&gt;</a>&nbsp;&nbsp;&nbsp;SiFilterDoorctrlInit
</UL>

<P><STRONG><a name="[185]"></a>__aeabi_memclr8</STRONG> (Thumb, 0 bytes, Stack size 0 bytes, memseta.o(.text), UNUSED)

<P><STRONG><a name="[5c]"></a>_memset$wrapper</STRONG> (Thumb, 18 bytes, Stack size 8 bytes, memseta.o(.text), UNUSED)
<BR><BR>[Calls]<UL><LI><a href="#[5b]">&gt;&gt;</a>&nbsp;&nbsp;&nbsp;__aeabi_memset
</UL>

<P><STRONG><a name="[5d]"></a>__aeabi_fadd</STRONG> (Thumb, 162 bytes, Stack size 24 bytes, fadd.o(.text))
<BR><BR>[Stack]<UL><LI>Max Depth = 36<LI>Call Chain = __aeabi_fadd &rArr; _float_epilogue
</UL>
<BR>[Calls]<UL><LI><a href="#[5f]">&gt;&gt;</a>&nbsp;&nbsp;&nbsp;_float_round
<LI><a href="#[5e]">&gt;&gt;</a>&nbsp;&nbsp;&nbsp;_float_epilogue
</UL>
<BR>[Called By]<UL><LI><a href="#[175]">&gt;&gt;</a>&nbsp;&nbsp;&nbsp;SiCalcFastNoise
<LI><a href="#[61]">&gt;&gt;</a>&nbsp;&nbsp;&nbsp;__aeabi_frsub
<LI><a href="#[60]">&gt;&gt;</a>&nbsp;&nbsp;&nbsp;__aeabi_fsub
</UL>

<P><STRONG><a name="[60]"></a>__aeabi_fsub</STRONG> (Thumb, 8 bytes, Stack size 0 bytes, fadd.o(.text))
<BR><BR>[Stack]<UL><LI>Max Depth = 36<LI>Call Chain = __aeabi_fsub &rArr; __aeabi_fadd &rArr; _float_epilogue
</UL>
<BR>[Calls]<UL><LI><a href="#[5d]">&gt;&gt;</a>&nbsp;&nbsp;&nbsp;__aeabi_fadd
</UL>
<BR>[Called By]<UL><LI><a href="#[175]">&gt;&gt;</a>&nbsp;&nbsp;&nbsp;SiCalcFastNoise
</UL>

<P><STRONG><a name="[61]"></a>__aeabi_frsub</STRONG> (Thumb, 8 bytes, Stack size 0 bytes, fadd.o(.text), UNUSED)
<BR><BR>[Calls]<UL><LI><a href="#[5d]">&gt;&gt;</a>&nbsp;&nbsp;&nbsp;__aeabi_fadd
</UL>

<P><STRONG><a name="[17b]"></a>__aeabi_fmul</STRONG> (Thumb, 122 bytes, Stack size 16 bytes, fmul.o(.text))
<BR><BR>[Stack]<UL><LI>Max Depth = 16<LI>Call Chain = __aeabi_fmul
</UL>
<BR>[Called By]<UL><LI><a href="#[175]">&gt;&gt;</a>&nbsp;&nbsp;&nbsp;SiCalcFastNoise
</UL>

<P><STRONG><a name="[62]"></a>__aeabi_fdiv</STRONG> (Thumb, 124 bytes, Stack size 16 bytes, fdiv.o(.text))
<BR><BR>[Stack]<UL><LI>Max Depth = 16<LI>Call Chain = __aeabi_fdiv
</UL>
<BR>[Calls]<UL><LI><a href="#[5f]">&gt;&gt;</a>&nbsp;&nbsp;&nbsp;_float_round
</UL>
<BR>[Called By]<UL><LI><a href="#[176]">&gt;&gt;</a>&nbsp;&nbsp;&nbsp;SiGetFastNoise
<LI><a href="#[175]">&gt;&gt;</a>&nbsp;&nbsp;&nbsp;SiCalcFastNoise
</UL>

<P><STRONG><a name="[63]"></a>__aeabi_i2f</STRONG> (Thumb, 22 bytes, Stack size 8 bytes, fflti.o(.text))
<BR><BR>[Stack]<UL><LI>Max Depth = 20<LI>Call Chain = __aeabi_i2f &rArr; _float_epilogue
</UL>
<BR>[Calls]<UL><LI><a href="#[5e]">&gt;&gt;</a>&nbsp;&nbsp;&nbsp;_float_epilogue
</UL>
<BR>[Called By]<UL><LI><a href="#[179]">&gt;&gt;</a>&nbsp;&nbsp;&nbsp;SiRunQuickUnlockBaseline
<LI><a href="#[46]">&gt;&gt;</a>&nbsp;&nbsp;&nbsp;SiArbiterFreq10DoorctrlRun
<LI><a href="#[50]">&gt;&gt;</a>&nbsp;&nbsp;&nbsp;SiNoiseExitConditionFastVarianceRun
<LI><a href="#[53]">&gt;&gt;</a>&nbsp;&nbsp;&nbsp;SiNoiseFastVarianceRun
</UL>

<P><STRONG><a name="[64]"></a>__aeabi_ui2f</STRONG> (Thumb, 14 bytes, Stack size 8 bytes, ffltui.o(.text))
<BR><BR>[Stack]<UL><LI>Max Depth = 20<LI>Call Chain = __aeabi_ui2f &rArr; _float_epilogue
</UL>
<BR>[Calls]<UL><LI><a href="#[5e]">&gt;&gt;</a>&nbsp;&nbsp;&nbsp;_float_epilogue
</UL>
<BR>[Called By]<UL><LI><a href="#[176]">&gt;&gt;</a>&nbsp;&nbsp;&nbsp;SiGetFastNoise
<LI><a href="#[175]">&gt;&gt;</a>&nbsp;&nbsp;&nbsp;SiCalcFastNoise
</UL>

<P><STRONG><a name="[17c]"></a>__aeabi_f2iz</STRONG> (Thumb, 50 bytes, Stack size 0 bytes, ffixi.o(.text))
<BR><BR>[Called By]<UL><LI><a href="#[179]">&gt;&gt;</a>&nbsp;&nbsp;&nbsp;SiRunQuickUnlockBaseline
<LI><a href="#[50]">&gt;&gt;</a>&nbsp;&nbsp;&nbsp;SiNoiseExitConditionFastVarianceRun
<LI><a href="#[53]">&gt;&gt;</a>&nbsp;&nbsp;&nbsp;SiNoiseFastVarianceRun
</UL>

<P><STRONG><a name="[178]"></a>__aeabi_cfrcmple</STRONG> (Thumb, 20 bytes, Stack size 0 bytes, cfrcmple.o(.text))
<BR><BR>[Called By]<UL><LI><a href="#[46]">&gt;&gt;</a>&nbsp;&nbsp;&nbsp;SiArbiterFreq10DoorctrlRun
</UL>

<P><STRONG><a name="[186]"></a>__I$use$fp</STRONG> (Thumb, 0 bytes, Stack size 0 bytes, iusefp.o(.text), UNUSED)

<P><STRONG><a name="[5f]"></a>_float_round</STRONG> (Thumb, 16 bytes, Stack size 0 bytes, fepilogue.o(.text))
<BR><BR>[Called By]<UL><LI><a href="#[62]">&gt;&gt;</a>&nbsp;&nbsp;&nbsp;__aeabi_fdiv
<LI><a href="#[5d]">&gt;&gt;</a>&nbsp;&nbsp;&nbsp;__aeabi_fadd
</UL>

<P><STRONG><a name="[5e]"></a>_float_epilogue</STRONG> (Thumb, 114 bytes, Stack size 12 bytes, fepilogue.o(.text))
<BR><BR>[Stack]<UL><LI>Max Depth = 12<LI>Call Chain = _float_epilogue
</UL>
<BR>[Called By]<UL><LI><a href="#[64]">&gt;&gt;</a>&nbsp;&nbsp;&nbsp;__aeabi_ui2f
<LI><a href="#[63]">&gt;&gt;</a>&nbsp;&nbsp;&nbsp;__aeabi_i2f
<LI><a href="#[5d]">&gt;&gt;</a>&nbsp;&nbsp;&nbsp;__aeabi_fadd
</UL>

<P><STRONG><a name="[7]"></a>ADC_IRQHandler</STRONG> (Thumb, 40 bytes, Stack size 16 bytes, tcae10_ll_adc.o(.text.ADC_IRQHandler))
<BR><BR>[Stack]<UL><LI>Max Depth = 16<LI>Call Chain = ADC_IRQHandler
</UL>
<BR>[Address Reference Count : 1]<UL><LI> startup_tcae10.o(RESET)
</UL>
<P><STRONG><a name="[c]"></a>AON_IRQHandler</STRONG> (Thumb, 52 bytes, Stack size 16 bytes, lin_task.o(.text.AON_IRQHandler))
<BR><BR>[Stack]<UL><LI>Max Depth = 16<LI>Call Chain = AON_IRQHandler
</UL>
<BR>[Calls]<UL><LI><a href="#[65]">&gt;&gt;</a>&nbsp;&nbsp;&nbsp;ll_syscfg_isr_get
<LI><a href="#[66]">&gt;&gt;</a>&nbsp;&nbsp;&nbsp;LvdIRQHandler
</UL>
<BR>[Address Reference Count : 1]<UL><LI> startup_tcae10.o(RESET)
</UL>
<P><STRONG><a name="[6c]"></a>App_LinControlMsg</STRONG> (Thumb, 12 bytes, Stack size 8 bytes, lin_frame.o(.text.App_LinControlMsg))
<BR><BR>[Stack]<UL><LI>Max Depth = 176<LI>Call Chain = App_LinControlMsg &rArr; App_LinSendDoorState &rArr; uds_diagnostic_configword_remap_nad &rArr; guserinfo_save &rArr; pal_store_write &rArr; ll_flash_write &rArr; ll_flash_write_reg_drv
</UL>
<BR>[Calls]<UL><LI><a href="#[6f]">&gt;&gt;</a>&nbsp;&nbsp;&nbsp;App_LinSendDoorState
<LI><a href="#[70]">&gt;&gt;</a>&nbsp;&nbsp;&nbsp;App_LinReceiveDoorState
</UL>
<BR>[Called By]<UL><LI><a href="#[2b]">&gt;&gt;</a>&nbsp;&nbsp;&nbsp;AppTask
</UL>

<P><STRONG><a name="[70]"></a>App_LinReceiveDoorState</STRONG> (Thumb, 188 bytes, Stack size 16 bytes, lin_frame.o(.text.App_LinReceiveDoorState))
<BR><BR>[Stack]<UL><LI>Max Depth = 16<LI>Call Chain = App_LinReceiveDoorState
</UL>
<BR>[Called By]<UL><LI><a href="#[6c]">&gt;&gt;</a>&nbsp;&nbsp;&nbsp;App_LinControlMsg
</UL>

<P><STRONG><a name="[6f]"></a>App_LinSendDoorState</STRONG> (Thumb, 772 bytes, Stack size 32 bytes, lin_frame.o(.text.App_LinSendDoorState))
<BR><BR>[Stack]<UL><LI>Max Depth = 168<LI>Call Chain = App_LinSendDoorState &rArr; uds_diagnostic_configword_remap_nad &rArr; guserinfo_save &rArr; pal_store_write &rArr; ll_flash_write &rArr; ll_flash_write_reg_drv
</UL>
<BR>[Calls]<UL><LI><a href="#[71]">&gt;&gt;</a>&nbsp;&nbsp;&nbsp;uds_diagnostic_configword_remap_nad
</UL>
<BR>[Called By]<UL><LI><a href="#[6c]">&gt;&gt;</a>&nbsp;&nbsp;&nbsp;App_LinControlMsg
</UL>

<P><STRONG><a name="[15d]"></a>CapTouch_Enable</STRONG> (Thumb, 24 bytes, Stack size 0 bytes, tcae10_ll_captouch.o(.text.CapTouch_Enable))
<BR><BR>[Called By]<UL><LI><a href="#[36]">&gt;&gt;</a>&nbsp;&nbsp;&nbsp;touch_charge_low_init
</UL>

<P><STRONG><a name="[15c]"></a>CapTouch_Hopping</STRONG> (Thumb, 92 bytes, Stack size 24 bytes, tcae10_ll_captouch.o(.text.CapTouch_Hopping))
<BR><BR>[Stack]<UL><LI>Max Depth = 24<LI>Call Chain = CapTouch_Hopping
</UL>
<BR>[Called By]<UL><LI><a href="#[36]">&gt;&gt;</a>&nbsp;&nbsp;&nbsp;touch_charge_low_init
</UL>

<P><STRONG><a name="[15f]"></a>CapTouch_InterruptEnable</STRONG> (Thumb, 16 bytes, Stack size 0 bytes, tcae10_ll_captouch.o(.text.CapTouch_InterruptEnable))
<BR><BR>[Called By]<UL><LI><a href="#[36]">&gt;&gt;</a>&nbsp;&nbsp;&nbsp;touch_charge_low_init
</UL>

<P><STRONG><a name="[93]"></a>CopyAnalogTrimValue</STRONG> (Thumb, 228 bytes, Stack size 0 bytes, system_tcae10.o(.text.CopyAnalogTrimValue))
<BR><BR>[Called By]<UL><LI><a href="#[92]">&gt;&gt;</a>&nbsp;&nbsp;&nbsp;SystemAnlogTrim
</UL>

<P><STRONG><a name="[72]"></a>CopyDataRWtoImage</STRONG> (Thumb, 36 bytes, Stack size 8 bytes, system_tcae10.o(.text.CopyDataRWtoImage))
<BR><BR>[Stack]<UL><LI>Max Depth = 8<LI>Call Chain = CopyDataRWtoImage
</UL>
<BR>[Calls]<UL><LI><a href="#[73]">&gt;&gt;</a>&nbsp;&nbsp;&nbsp;__aeabi_memcpy4
</UL>
<BR>[Called By]<UL><LI><a href="#[26]">&gt;&gt;</a>&nbsp;&nbsp;&nbsp;SystemInit
</UL>

<P><STRONG><a name="[76]"></a>EnableNvic</STRONG> (Thumb, 40 bytes, Stack size 16 bytes, tcae10_ll_cortex.o(.text.EnableNvic))
<BR><BR>[Stack]<UL><LI>Max Depth = 16<LI>Call Chain = EnableNvic
</UL>
<BR>[Calls]<UL><LI><a href="#[79]">&gt;&gt;</a>&nbsp;&nbsp;&nbsp;__NVIC_SetPriority
<LI><a href="#[7a]">&gt;&gt;</a>&nbsp;&nbsp;&nbsp;__NVIC_EnableIRQ
<LI><a href="#[77]">&gt;&gt;</a>&nbsp;&nbsp;&nbsp;__NVIC_DisableIRQ
<LI><a href="#[78]">&gt;&gt;</a>&nbsp;&nbsp;&nbsp;__NVIC_ClearPendingIRQ
</UL>
<BR>[Called By]<UL><LI><a href="#[9f]">&gt;&gt;</a>&nbsp;&nbsp;&nbsp;TouchInit
<LI><a href="#[28]">&gt;&gt;</a>&nbsp;&nbsp;&nbsp;LinTask
<LI><a href="#[bc]">&gt;&gt;</a>&nbsp;&nbsp;&nbsp;TouchRtcTrigConfig
</UL>

<P><STRONG><a name="[6]"></a>FLASH_IRQHandler</STRONG> (Thumb, 36 bytes, Stack size 0 bytes, tcae10_ll_flash.o(.text.FLASH_IRQHandler))
<BR>[Address Reference Count : 1]<UL><LI> startup_tcae10.o(RESET)
</UL>
<P><STRONG><a name="[85]"></a>HaltFilterWakeupRegister</STRONG> (Thumb, 32 bytes, Stack size 0 bytes, tc_halt.o(.text.HaltFilterWakeupRegister))
<BR><BR>[Called By]<UL><LI><a href="#[28]">&gt;&gt;</a>&nbsp;&nbsp;&nbsp;LinTask
<LI><a href="#[33]">&gt;&gt;</a>&nbsp;&nbsp;&nbsp;TouchTask
</UL>

<P><STRONG><a name="[86]"></a>HaltMonitorRegister</STRONG> (Thumb, 32 bytes, Stack size 0 bytes, tc_halt.o(.text.HaltMonitorRegister))
<BR><BR>[Called By]<UL><LI><a href="#[28]">&gt;&gt;</a>&nbsp;&nbsp;&nbsp;LinTask
<LI><a href="#[33]">&gt;&gt;</a>&nbsp;&nbsp;&nbsp;TouchTask
</UL>

<P><STRONG><a name="[7b]"></a>HaltTimeoutReset</STRONG> (Thumb, 20 bytes, Stack size 8 bytes, tc_halt.o(.text.HaltTimeoutReset))
<BR><BR>[Stack]<UL><LI>Max Depth = 8<LI>Call Chain = HaltTimeoutReset
</UL>
<BR>[Calls]<UL><LI><a href="#[7c]">&gt;&gt;</a>&nbsp;&nbsp;&nbsp;TcTimerCntReset
</UL>
<BR>[Called By]<UL><LI><a href="#[33]">&gt;&gt;</a>&nbsp;&nbsp;&nbsp;TouchTask
</UL>

<P><STRONG><a name="[2]"></a>HardFault_Handler</STRONG> (Thumb, 4 bytes, Stack size 0 bytes, tcae10_ll_cortex.o(.text.HardFault_Handler))
<BR><BR>[Calls]<UL><LI><a href="#[7d]">&gt;&gt;</a>&nbsp;&nbsp;&nbsp;__NVIC_SystemReset
</UL>
<BR>[Address Reference Count : 1]<UL><LI> startup_tcae10.o(RESET)
</UL>
<P><STRONG><a name="[6d]"></a>LinDiagnosticSessionCheck</STRONG> (Thumb, 112 bytes, Stack size 8 bytes, custom_diagnosticiii.o(.text.LinDiagnosticSessionCheck))
<BR><BR>[Stack]<UL><LI>Max Depth = 8<LI>Call Chain = LinDiagnosticSessionCheck
</UL>
<BR>[Called By]<UL><LI><a href="#[2b]">&gt;&gt;</a>&nbsp;&nbsp;&nbsp;AppTask
</UL>

<P><STRONG><a name="[81]"></a>LinInit</STRONG> (Thumb, 32 bytes, Stack size 8 bytes, lin_task.o(.text.LinInit))
<BR><BR>[Stack]<UL><LI>Max Depth = 40<LI>Call Chain = LinInit &rArr; TcTaskCreate &rArr; TcTaskSendMsg
</UL>
<BR>[Calls]<UL><LI><a href="#[82]">&gt;&gt;</a>&nbsp;&nbsp;&nbsp;TcTaskCreate
</UL>
<BR>[Called By]<UL><LI><a href="#[27]">&gt;&gt;</a>&nbsp;&nbsp;&nbsp;TcMain
</UL>

<P><STRONG><a name="[66]"></a>LvdIRQHandler</STRONG> (Thumb, 2 bytes, Stack size 0 bytes, lin_task.o(.text.LvdIRQHandler))
<BR><BR>[Called By]<UL><LI><a href="#[c]">&gt;&gt;</a>&nbsp;&nbsp;&nbsp;AON_IRQHandler
</UL>

<P><STRONG><a name="[1]"></a>NMI_Handler</STRONG> (Thumb, 4 bytes, Stack size 0 bytes, tcae10_ll_cortex.o(.text.NMI_Handler))
<BR><BR>[Calls]<UL><LI><a href="#[7d]">&gt;&gt;</a>&nbsp;&nbsp;&nbsp;__NVIC_SystemReset
</UL>
<BR>[Address Reference Count : 1]<UL><LI> startup_tcae10.o(RESET)
</UL>
<P><STRONG><a name="[b]"></a>SCI_IRQHandler</STRONG> (Thumb, 44 bytes, Stack size 16 bytes, tcae10_ll_sci.o(.text.SCI_IRQHandler))
<BR><BR>[Stack]<UL><LI>Max Depth = 16<LI>Call Chain = SCI_IRQHandler
</UL>
<BR>[Address Reference Count : 1]<UL><LI> startup_tcae10.o(RESET)
</UL>
<P><STRONG><a name="[69]"></a>SetHwSwVersion</STRONG> (Thumb, 28 bytes, Stack size 0 bytes, app.o(.text.SetHwSwVersion))
<BR><BR>[Called By]<UL><LI><a href="#[2b]">&gt;&gt;</a>&nbsp;&nbsp;&nbsp;AppTask
</UL>

<P><STRONG><a name="[6e]"></a>SysDoFlashRoutine27Service</STRONG> (Thumb, 24 bytes, Stack size 8 bytes, custom_diagnosticiii.o(.text.SysDoFlashRoutine27Service))
<BR><BR>[Stack]<UL><LI>Max Depth = 128<LI>Call Chain = SysDoFlashRoutine27Service &rArr; gsysinfo_save &rArr; pal_store_write &rArr; ll_flash_write &rArr; ll_flash_write_reg_drv
</UL>
<BR>[Calls]<UL><LI><a href="#[8f]">&gt;&gt;</a>&nbsp;&nbsp;&nbsp;gsysinfo_save
</UL>
<BR>[Called By]<UL><LI><a href="#[2b]">&gt;&gt;</a>&nbsp;&nbsp;&nbsp;AppTask
</UL>

<P><STRONG><a name="[92]"></a>SystemAnlogTrim</STRONG> (Thumb, 44 bytes, Stack size 8 bytes, system_tcae10.o(.text.SystemAnlogTrim))
<BR><BR>[Stack]<UL><LI>Max Depth = 8<LI>Call Chain = SystemAnlogTrim
</UL>
<BR>[Calls]<UL><LI><a href="#[93]">&gt;&gt;</a>&nbsp;&nbsp;&nbsp;CopyAnalogTrimValue
</UL>
<BR>[Called By]<UL><LI><a href="#[26]">&gt;&gt;</a>&nbsp;&nbsp;&nbsp;SystemInit
</UL>

<P><STRONG><a name="[94]"></a>SystemCoreClockUpdate</STRONG> (Thumb, 16 bytes, Stack size 8 bytes, system_tcae10.o(.text.SystemCoreClockUpdate))
<BR><BR>[Stack]<UL><LI>Max Depth = 36<LI>Call Chain = SystemCoreClockUpdate &rArr; SystemGetHClkFreq &rArr; sys_hclk_freq_get &rArr; __aeabi_uidiv
</UL>
<BR>[Calls]<UL><LI><a href="#[95]">&gt;&gt;</a>&nbsp;&nbsp;&nbsp;SystemGetHClkFreq
</UL>
<BR>[Called By]<UL><LI><a href="#[26]">&gt;&gt;</a>&nbsp;&nbsp;&nbsp;SystemInit
</UL>

<P><STRONG><a name="[95]"></a>SystemGetHClkFreq</STRONG> (Thumb, 8 bytes, Stack size 8 bytes, system_tcae10.o(.text.SystemGetHClkFreq))
<BR><BR>[Stack]<UL><LI>Max Depth = 28<LI>Call Chain = SystemGetHClkFreq &rArr; sys_hclk_freq_get &rArr; __aeabi_uidiv
</UL>
<BR>[Calls]<UL><LI><a href="#[96]">&gt;&gt;</a>&nbsp;&nbsp;&nbsp;sys_hclk_freq_get
</UL>
<BR>[Called By]<UL><LI><a href="#[94]">&gt;&gt;</a>&nbsp;&nbsp;&nbsp;SystemCoreClockUpdate
</UL>

<P><STRONG><a name="[26]"></a>SystemInit</STRONG> (Thumb, 72 bytes, Stack size 8 bytes, system_tcae10.o(.text.SystemInit))
<BR><BR>[Stack]<UL><LI>Max Depth = 44<LI>Call Chain = SystemInit &rArr; SystemCoreClockUpdate &rArr; SystemGetHClkFreq &rArr; sys_hclk_freq_get &rArr; __aeabi_uidiv
</UL>
<BR>[Calls]<UL><LI><a href="#[97]">&gt;&gt;</a>&nbsp;&nbsp;&nbsp;System_HclkConfig
<LI><a href="#[94]">&gt;&gt;</a>&nbsp;&nbsp;&nbsp;SystemCoreClockUpdate
<LI><a href="#[92]">&gt;&gt;</a>&nbsp;&nbsp;&nbsp;SystemAnlogTrim
<LI><a href="#[72]">&gt;&gt;</a>&nbsp;&nbsp;&nbsp;CopyDataRWtoImage
<LI><a href="#[9a]">&gt;&gt;</a>&nbsp;&nbsp;&nbsp;wdg_disable
<LI><a href="#[98]">&gt;&gt;</a>&nbsp;&nbsp;&nbsp;sys_pclk_config
<LI><a href="#[99]">&gt;&gt;</a>&nbsp;&nbsp;&nbsp;sys_dummy_load_enable
</UL>
<BR>[Address Reference Count : 1]<UL><LI> startup_tcae10.o(.text)
</UL>
<P><STRONG><a name="[97]"></a>System_HclkConfig</STRONG> (Thumb, 88 bytes, Stack size 8 bytes, system_tcae10.o(.text.System_HclkConfig))
<BR><BR>[Stack]<UL><LI>Max Depth = 8<LI>Call Chain = System_HclkConfig
</UL>
<BR>[Called By]<UL><LI><a href="#[26]">&gt;&gt;</a>&nbsp;&nbsp;&nbsp;SystemInit
</UL>

<P><STRONG><a name="[9]"></a>TIMER_IRQHandler</STRONG> (Thumb, 100 bytes, Stack size 8 bytes, tc_halt.o(.text.TIMER_IRQHandler))
<BR><BR>[Stack]<UL><LI>Max Depth = 8<LI>Call Chain = TIMER_IRQHandler
</UL>
<BR>[Address Reference Count : 1]<UL><LI> startup_tcae10.o(RESET)
</UL>
<P><STRONG><a name="[f]"></a>TOUCH_IRQHandler</STRONG> (Thumb, 100 bytes, Stack size 8 bytes, si_touch_port.o(.text.TOUCH_IRQHandler))
<BR><BR>[Stack]<UL><LI>Max Depth = 8<LI>Call Chain = TOUCH_IRQHandler
</UL>
<BR>[Calls]<UL><LI><a href="#[9b]">&gt;&gt;</a>&nbsp;&nbsp;&nbsp;Touch_HalInterface_SetReady
</UL>
<BR>[Address Reference Count : 1]<UL><LI> startup_tcae10.o(RESET)
</UL>
<P><STRONG><a name="[27]"></a>TcMain</STRONG> (Thumb, 64 bytes, Stack size 0 bytes, app.o(.text.TcMain))
<BR><BR>[Stack]<UL><LI>Max Depth = 228<LI>Call Chain = TcMain &rArr; TouchInit &rArr; TouchConfig &rArr; Touch_HalDispatchOnlyTouchCreate &rArr; touch_haldispatchonlytouch_ctor &rArr; Touch_IOConfig &rArr; ll_gpio_afio_config &rArr; __aeabi_uidivmod
</UL>
<BR>[Calls]<UL><LI><a href="#[9c]">&gt;&gt;</a>&nbsp;&nbsp;&nbsp;ll_syscfg_remap_config
<LI><a href="#[a0]">&gt;&gt;</a>&nbsp;&nbsp;&nbsp;store_manager_init
<LI><a href="#[9d]">&gt;&gt;</a>&nbsp;&nbsp;&nbsp;WdgInit
<LI><a href="#[9f]">&gt;&gt;</a>&nbsp;&nbsp;&nbsp;TouchInit
<LI><a href="#[a1]">&gt;&gt;</a>&nbsp;&nbsp;&nbsp;TcTaskExec
<LI><a href="#[82]">&gt;&gt;</a>&nbsp;&nbsp;&nbsp;TcTaskCreate
<LI><a href="#[9e]">&gt;&gt;</a>&nbsp;&nbsp;&nbsp;TcPortInit
<LI><a href="#[81]">&gt;&gt;</a>&nbsp;&nbsp;&nbsp;LinInit
<LI><a href="#[6a]">&gt;&gt;</a>&nbsp;&nbsp;&nbsp;DoorGpioInit
</UL>
<BR>[Address Reference Count : 1]<UL><LI> startup_tcae10.o(.text)
</UL>
<P><STRONG><a name="[9e]"></a>TcPortInit</STRONG> (Thumb, 28 bytes, Stack size 8 bytes, tc_port.o(.text.TcPortInit))
<BR><BR>[Stack]<UL><LI>Max Depth = 28<LI>Call Chain = TcPortInit &rArr; TcTimerTickInit &rArr; __aeabi_uidiv
</UL>
<BR>[Calls]<UL><LI><a href="#[a3]">&gt;&gt;</a>&nbsp;&nbsp;&nbsp;TcSystickCallbackRegister
<LI><a href="#[a2]">&gt;&gt;</a>&nbsp;&nbsp;&nbsp;TcTimerTickInit
</UL>
<BR>[Called By]<UL><LI><a href="#[27]">&gt;&gt;</a>&nbsp;&nbsp;&nbsp;TcMain
</UL>

<P><STRONG><a name="[a3]"></a>TcSystickCallbackRegister</STRONG> (Thumb, 40 bytes, Stack size 16 bytes, tc_port.o(.text.TcSystickCallbackRegister))
<BR><BR>[Stack]<UL><LI>Max Depth = 16<LI>Call Chain = TcSystickCallbackRegister
</UL>
<BR>[Called By]<UL><LI><a href="#[9e]">&gt;&gt;</a>&nbsp;&nbsp;&nbsp;TcPortInit
</UL>

<P><STRONG><a name="[be]"></a>TcTaskClrMsg</STRONG> (Thumb, 8 bytes, Stack size 0 bytes, tc.o(.text.TcTaskClrMsg))
<BR><BR>[Called By]<UL><LI><a href="#[33]">&gt;&gt;</a>&nbsp;&nbsp;&nbsp;TouchTask
</UL>

<P><STRONG><a name="[82]"></a>TcTaskCreate</STRONG> (Thumb, 68 bytes, Stack size 24 bytes, tc.o(.text.TcTaskCreate))
<BR><BR>[Stack]<UL><LI>Max Depth = 32<LI>Call Chain = TcTaskCreate &rArr; TcTaskSendMsg
</UL>
<BR>[Calls]<UL><LI><a href="#[a4]">&gt;&gt;</a>&nbsp;&nbsp;&nbsp;TcTaskSendMsg
</UL>
<BR>[Called By]<UL><LI><a href="#[27]">&gt;&gt;</a>&nbsp;&nbsp;&nbsp;TcMain
<LI><a href="#[9f]">&gt;&gt;</a>&nbsp;&nbsp;&nbsp;TouchInit
<LI><a href="#[81]">&gt;&gt;</a>&nbsp;&nbsp;&nbsp;LinInit
</UL>

<P><STRONG><a name="[a1]"></a>TcTaskExec</STRONG> (Thumb, 160 bytes, Stack size 32 bytes, tc.o(.text.TcTaskExec))
<BR><BR>[Stack]<UL><LI>Max Depth = 68<LI>Call Chain = TcTaskExec &rArr; TcTimerExec &rArr; __aeabi_uidiv
</UL>
<BR>[Calls]<UL><LI><a href="#[a5]">&gt;&gt;</a>&nbsp;&nbsp;&nbsp;TcTimerExec
</UL>
<BR>[Called By]<UL><LI><a href="#[27]">&gt;&gt;</a>&nbsp;&nbsp;&nbsp;TcMain
</UL>

<P><STRONG><a name="[a4]"></a>TcTaskSendMsg</STRONG> (Thumb, 30 bytes, Stack size 8 bytes, tc.o(.text.TcTaskSendMsg))
<BR><BR>[Stack]<UL><LI>Max Depth = 8<LI>Call Chain = TcTaskSendMsg
</UL>
<BR>[Called By]<UL><LI><a href="#[82]">&gt;&gt;</a>&nbsp;&nbsp;&nbsp;TcTaskCreate
</UL>

<P><STRONG><a name="[7c]"></a>TcTimerCntReset</STRONG> (Thumb, 8 bytes, Stack size 0 bytes, tc.o(.text.TcTimerCntReset))
<BR><BR>[Called By]<UL><LI><a href="#[7b]">&gt;&gt;</a>&nbsp;&nbsp;&nbsp;HaltTimeoutReset
</UL>

<P><STRONG><a name="[67]"></a>TcTimerCreate</STRONG> (Thumb, 44 bytes, Stack size 16 bytes, tc.o(.text.TcTimerCreate))
<BR><BR>[Stack]<UL><LI>Max Depth = 16<LI>Call Chain = TcTimerCreate
</UL>
<BR>[Called By]<UL><LI><a href="#[2b]">&gt;&gt;</a>&nbsp;&nbsp;&nbsp;AppTask
<LI><a href="#[28]">&gt;&gt;</a>&nbsp;&nbsp;&nbsp;LinTask
<LI><a href="#[33]">&gt;&gt;</a>&nbsp;&nbsp;&nbsp;TouchTask
</UL>

<P><STRONG><a name="[68]"></a>TcTimerStart</STRONG> (Thumb, 12 bytes, Stack size 0 bytes, tc.o(.text.TcTimerStart))
<BR><BR>[Called By]<UL><LI><a href="#[2b]">&gt;&gt;</a>&nbsp;&nbsp;&nbsp;AppTask
<LI><a href="#[28]">&gt;&gt;</a>&nbsp;&nbsp;&nbsp;LinTask
<LI><a href="#[33]">&gt;&gt;</a>&nbsp;&nbsp;&nbsp;TouchTask
</UL>

<P><STRONG><a name="[a7]"></a>TouchConfig</STRONG> (Thumb, 528 bytes, Stack size 120 bytes, touch_config.o(.text.TouchConfig))
<BR><BR>[Stack]<UL><LI>Max Depth = 220<LI>Call Chain = TouchConfig &rArr; Touch_HalDispatchOnlyTouchCreate &rArr; touch_haldispatchonlytouch_ctor &rArr; Touch_IOConfig &rArr; ll_gpio_afio_config &rArr; __aeabi_uidivmod
</UL>
<BR>[Calls]<UL><LI><a href="#[aa]">&gt;&gt;</a>&nbsp;&nbsp;&nbsp;Touch_HalDispatchOnlyTouchCreate
<LI><a href="#[a9]">&gt;&gt;</a>&nbsp;&nbsp;&nbsp;Touch_HalChargeCreate
<LI><a href="#[b3]">&gt;&gt;</a>&nbsp;&nbsp;&nbsp;SiObjectRegister
<LI><a href="#[b2]">&gt;&gt;</a>&nbsp;&nbsp;&nbsp;SiObjectNodeInit
<LI><a href="#[ae]">&gt;&gt;</a>&nbsp;&nbsp;&nbsp;SiNoiseObjectRegister
<LI><a href="#[ad]">&gt;&gt;</a>&nbsp;&nbsp;&nbsp;SiNoiseObjectNodeInit
<LI><a href="#[ac]">&gt;&gt;</a>&nbsp;&nbsp;&nbsp;SiNoiseFastVarianceNodeInit
<LI><a href="#[ab]">&gt;&gt;</a>&nbsp;&nbsp;&nbsp;SiNoiseExitConditionFastVarianceInit
<LI><a href="#[b4]">&gt;&gt;</a>&nbsp;&nbsp;&nbsp;SiNoiseDetectRegister
<LI><a href="#[af]">&gt;&gt;</a>&nbsp;&nbsp;&nbsp;SiFilterDoorctrlNodeInit
<LI><a href="#[b0]">&gt;&gt;</a>&nbsp;&nbsp;&nbsp;SiBaselineDoorctrl2MtStrongAvgNodeInit
<LI><a href="#[b1]">&gt;&gt;</a>&nbsp;&nbsp;&nbsp;SiArbiterFreq10DoorctrlNodeInit
<LI><a href="#[a8]">&gt;&gt;</a>&nbsp;&nbsp;&nbsp;__aeabi_memclr4
</UL>
<BR>[Called By]<UL><LI><a href="#[9f]">&gt;&gt;</a>&nbsp;&nbsp;&nbsp;TouchInit
</UL>

<P><STRONG><a name="[cf]"></a>TouchEnableSamp</STRONG> (Thumb, 8 bytes, Stack size 0 bytes, si_touch_port.o(.text.TouchEnableSamp))
<BR><BR>[Called By]<UL><LI><a href="#[ce]">&gt;&gt;</a>&nbsp;&nbsp;&nbsp;enable_swd
</UL>

<P><STRONG><a name="[b5]"></a>TouchEnterHaltHook</STRONG> (Thumb, 40 bytes, Stack size 8 bytes, touch_config.o(.text.TouchEnterHaltHook))
<BR><BR>[Stack]<UL><LI>Max Depth = 8<LI>Call Chain = TouchEnterHaltHook
</UL>
<BR>[Calls]<UL><LI><a href="#[b8]">&gt;&gt;</a>&nbsp;&nbsp;&nbsp;SiSetScheduler
<LI><a href="#[b7]">&gt;&gt;</a>&nbsp;&nbsp;&nbsp;SiObjectSetStatus
<LI><a href="#[b6]">&gt;&gt;</a>&nbsp;&nbsp;&nbsp;SiNoiseObjectSetStatus
</UL>
<BR>[Called By]<UL><LI><a href="#[33]">&gt;&gt;</a>&nbsp;&nbsp;&nbsp;TouchTask
</UL>

<P><STRONG><a name="[32]"></a>TouchGetTime</STRONG> (Thumb, 12 bytes, Stack size 0 bytes, touch_tool.o(.text.TouchGetTime))
<BR><BR>[Called By]<UL><LI><a href="#[aa]">&gt;&gt;</a>&nbsp;&nbsp;&nbsp;Touch_HalDispatchOnlyTouchCreate
<LI><a href="#[3f]">&gt;&gt;</a>&nbsp;&nbsp;&nbsp;touch_haldispatchonlytouch_run_scanmany
<LI><a href="#[40]">&gt;&gt;</a>&nbsp;&nbsp;&nbsp;touch_haldispatchonlytouch_run
</UL>
<BR>[Address Reference Count : 1]<UL><LI> si_touch_port.o(.text.TouchInit)
</UL>
<P><STRONG><a name="[34]"></a>TouchHaltFilterWakeupCallback</STRONG> (Thumb, 48 bytes, Stack size 8 bytes, si_touch_port.o(.text.TouchHaltFilterWakeupCallback))
<BR><BR>[Stack]<UL><LI>Max Depth = 8<LI>Call Chain = TouchHaltFilterWakeupCallback
</UL>
<BR>[Address Reference Count : 1]<UL><LI> si_touch_port.o(.text.TouchTask)
</UL>
<P><STRONG><a name="[169]"></a>TouchHaltLockLpSiObject</STRONG> (Thumb, 2 bytes, Stack size 0 bytes, touch_config.o(.text.TouchHaltLockLpSiObject))
<BR><BR>[Called By]<UL><LI><a href="#[3e]">&gt;&gt;</a>&nbsp;&nbsp;&nbsp;touch_haldispatchonlytouch_sleep_run
</UL>

<P><STRONG><a name="[b9]"></a>TouchHaltLockSiObject</STRONG> (Thumb, 32 bytes, Stack size 8 bytes, touch_config.o(.text.TouchHaltLockSiObject))
<BR><BR>[Stack]<UL><LI>Max Depth = 8<LI>Call Chain = TouchHaltLockSiObject
</UL>
<BR>[Calls]<UL><LI><a href="#[b7]">&gt;&gt;</a>&nbsp;&nbsp;&nbsp;SiObjectSetStatus
<LI><a href="#[b6]">&gt;&gt;</a>&nbsp;&nbsp;&nbsp;SiNoiseObjectSetStatus
</UL>
<BR>[Called By]<UL><LI><a href="#[3e]">&gt;&gt;</a>&nbsp;&nbsp;&nbsp;touch_haldispatchonlytouch_sleep_run
</UL>

<P><STRONG><a name="[16a]"></a>TouchHaltUnlockLpSiObject</STRONG> (Thumb, 2 bytes, Stack size 0 bytes, touch_config.o(.text.TouchHaltUnlockLpSiObject))
<BR><BR>[Called By]<UL><LI><a href="#[3e]">&gt;&gt;</a>&nbsp;&nbsp;&nbsp;touch_haldispatchonlytouch_sleep_run
</UL>

<P><STRONG><a name="[ba]"></a>TouchHaltUnlockSiObject</STRONG> (Thumb, 44 bytes, Stack size 8 bytes, touch_config.o(.text.TouchHaltUnlockSiObject))
<BR><BR>[Stack]<UL><LI>Max Depth = 8<LI>Call Chain = TouchHaltUnlockSiObject
</UL>
<BR>[Calls]<UL><LI><a href="#[b7]">&gt;&gt;</a>&nbsp;&nbsp;&nbsp;SiObjectSetStatus
<LI><a href="#[b6]">&gt;&gt;</a>&nbsp;&nbsp;&nbsp;SiNoiseObjectSetStatus
</UL>
<BR>[Called By]<UL><LI><a href="#[3e]">&gt;&gt;</a>&nbsp;&nbsp;&nbsp;touch_haldispatchonlytouch_sleep_run
</UL>

<P><STRONG><a name="[9f]"></a>TouchInit</STRONG> (Thumb, 76 bytes, Stack size 8 bytes, si_touch_port.o(.text.TouchInit))
<BR><BR>[Stack]<UL><LI>Max Depth = 228<LI>Call Chain = TouchInit &rArr; TouchConfig &rArr; Touch_HalDispatchOnlyTouchCreate &rArr; touch_haldispatchonlytouch_ctor &rArr; Touch_IOConfig &rArr; ll_gpio_afio_config &rArr; __aeabi_uidivmod
</UL>
<BR>[Calls]<UL><LI><a href="#[76]">&gt;&gt;</a>&nbsp;&nbsp;&nbsp;EnableNvic
<LI><a href="#[82]">&gt;&gt;</a>&nbsp;&nbsp;&nbsp;TcTaskCreate
<LI><a href="#[a7]">&gt;&gt;</a>&nbsp;&nbsp;&nbsp;TouchConfig
<LI><a href="#[bb]">&gt;&gt;</a>&nbsp;&nbsp;&nbsp;SiAlgoInit
</UL>
<BR>[Called By]<UL><LI><a href="#[27]">&gt;&gt;</a>&nbsp;&nbsp;&nbsp;TcMain
</UL>

<P><STRONG><a name="[7f]"></a>TouchKeyCallback</STRONG> (Thumb, 40 bytes, Stack size 8 bytes, app.o(.text.TouchKeyCallback))
<BR><BR>[Stack]<UL><LI>Max Depth = 16<LI>Call Chain = TouchKeyCallback &rArr; ll_gpio_output
</UL>
<BR>[Calls]<UL><LI><a href="#[74]">&gt;&gt;</a>&nbsp;&nbsp;&nbsp;ll_gpio_output
</UL>
<BR>[Called By]<UL><LI><a href="#[7e]">&gt;&gt;</a>&nbsp;&nbsp;&nbsp;IOtouchKeyValueChanged
</UL>

<P><STRONG><a name="[bc]"></a>TouchRtcTrigConfig</STRONG> (Thumb, 168 bytes, Stack size 24 bytes, touch_tool.o(.text.TouchRtcTrigConfig))
<BR><BR>[Stack]<UL><LI>Max Depth = 40<LI>Call Chain = TouchRtcTrigConfig &rArr; EnableNvic
</UL>
<BR>[Calls]<UL><LI><a href="#[bd]">&gt;&gt;</a>&nbsp;&nbsp;&nbsp;ll_timer_deinit
<LI><a href="#[76]">&gt;&gt;</a>&nbsp;&nbsp;&nbsp;EnableNvic
<LI><a href="#[a6]">&gt;&gt;</a>&nbsp;&nbsp;&nbsp;__aeabi_uidiv
</UL>
<BR>[Called By]<UL><LI><a href="#[33]">&gt;&gt;</a>&nbsp;&nbsp;&nbsp;TouchTask
</UL>

<P><STRONG><a name="[bf]"></a>TouchWakeupHook</STRONG> (Thumb, 56 bytes, Stack size 8 bytes, touch_config.o(.text.TouchWakeupHook))
<BR><BR>[Stack]<UL><LI>Max Depth = 8<LI>Call Chain = TouchWakeupHook
</UL>
<BR>[Calls]<UL><LI><a href="#[b8]">&gt;&gt;</a>&nbsp;&nbsp;&nbsp;SiSetScheduler
<LI><a href="#[b7]">&gt;&gt;</a>&nbsp;&nbsp;&nbsp;SiObjectSetStatus
<LI><a href="#[b6]">&gt;&gt;</a>&nbsp;&nbsp;&nbsp;SiNoiseObjectSetStatus
</UL>
<BR>[Called By]<UL><LI><a href="#[33]">&gt;&gt;</a>&nbsp;&nbsp;&nbsp;TouchTask
</UL>

<P><STRONG><a name="[a9]"></a>Touch_HalChargeCreate</STRONG> (Thumb, 88 bytes, Stack size 16 bytes, touch_halnode.o(.text.Touch_HalChargeCreate))
<BR><BR>[Stack]<UL><LI>Max Depth = 16<LI>Call Chain = Touch_HalChargeCreate
</UL>
<BR>[Called By]<UL><LI><a href="#[a7]">&gt;&gt;</a>&nbsp;&nbsp;&nbsp;TouchConfig
</UL>

<P><STRONG><a name="[aa]"></a>Touch_HalDispatchOnlyTouchCreate</STRONG> (Thumb, 144 bytes, Stack size 24 bytes, touch_haldispatch.o(.text.Touch_HalDispatchOnlyTouchCreate))
<BR><BR>[Stack]<UL><LI>Max Depth = 100<LI>Call Chain = Touch_HalDispatchOnlyTouchCreate &rArr; touch_haldispatchonlytouch_ctor &rArr; Touch_IOConfig &rArr; ll_gpio_afio_config &rArr; __aeabi_uidivmod
</UL>
<BR>[Calls]<UL><LI><a href="#[c5]">&gt;&gt;</a>&nbsp;&nbsp;&nbsp;touch_haldispatchonlytouch_ctor
<LI><a href="#[c1]">&gt;&gt;</a>&nbsp;&nbsp;&nbsp;noise_avoid_reset
<LI><a href="#[c3]">&gt;&gt;</a>&nbsp;&nbsp;&nbsp;low_pass_reset
<LI><a href="#[c0]">&gt;&gt;</a>&nbsp;&nbsp;&nbsp;double_samp_reset
<LI><a href="#[c2]">&gt;&gt;</a>&nbsp;&nbsp;&nbsp;center_filter_reset
<LI><a href="#[32]">&gt;&gt;</a>&nbsp;&nbsp;&nbsp;TouchGetTime
<LI><a href="#[73]">&gt;&gt;</a>&nbsp;&nbsp;&nbsp;__aeabi_memcpy4
<LI><a href="#[c4]">&gt;&gt;</a>&nbsp;&nbsp;&nbsp;__aeabi_memcpy
</UL>
<BR>[Called By]<UL><LI><a href="#[a7]">&gt;&gt;</a>&nbsp;&nbsp;&nbsp;TouchConfig
</UL>

<P><STRONG><a name="[9b]"></a>Touch_HalInterface_SetReady</STRONG> (Thumb, 4 bytes, Stack size 0 bytes, touch_halnode.o(.text.Touch_HalInterface_SetReady))
<BR><BR>[Called By]<UL><LI><a href="#[3b]">&gt;&gt;</a>&nbsp;&nbsp;&nbsp;touch_charge_get_data
<LI><a href="#[158]">&gt;&gt;</a>&nbsp;&nbsp;&nbsp;sleep_remove_residues_run
<LI><a href="#[141]">&gt;&gt;</a>&nbsp;&nbsp;&nbsp;normal_remove_residues_run
<LI><a href="#[f]">&gt;&gt;</a>&nbsp;&nbsp;&nbsp;TOUCH_IRQHandler
</UL>

<P><STRONG><a name="[c6]"></a>Touch_IOConfig</STRONG> (Thumb, 88 bytes, Stack size 16 bytes, touch_tool.o(.text.Touch_IOConfig))
<BR><BR>[Stack]<UL><LI>Max Depth = 44<LI>Call Chain = Touch_IOConfig &rArr; ll_gpio_afio_config &rArr; __aeabi_uidivmod
</UL>
<BR>[Calls]<UL><LI><a href="#[c7]">&gt;&gt;</a>&nbsp;&nbsp;&nbsp;ll_gpio_afio_config
</UL>
<BR>[Called By]<UL><LI><a href="#[c5]">&gt;&gt;</a>&nbsp;&nbsp;&nbsp;touch_haldispatchonlytouch_ctor
</UL>

<P><STRONG><a name="[c8]"></a>Touch_IOEnable</STRONG> (Thumb, 40 bytes, Stack size 8 bytes, touch_tool.o(.text.Touch_IOEnable))
<BR><BR>[Stack]<UL><LI>Max Depth = 36<LI>Call Chain = Touch_IOEnable &rArr; ll_gpio_afio_config &rArr; __aeabi_uidivmod
</UL>
<BR>[Calls]<UL><LI><a href="#[c7]">&gt;&gt;</a>&nbsp;&nbsp;&nbsp;ll_gpio_afio_config
</UL>
<BR>[Called By]<UL><LI><a href="#[39]">&gt;&gt;</a>&nbsp;&nbsp;&nbsp;touch_charge_set_ioenable
</UL>

<P><STRONG><a name="[162]"></a>Touch_Reset</STRONG> (Thumb, 40 bytes, Stack size 0 bytes, touch_tool.o(.text.Touch_Reset))
<BR><BR>[Called By]<UL><LI><a href="#[3d]">&gt;&gt;</a>&nbsp;&nbsp;&nbsp;touch_haldispatchonlytouch_reset
</UL>

<P><STRONG><a name="[10]"></a>UART_IRQHandler</STRONG> (Thumb, 44 bytes, Stack size 16 bytes, tcae10_ll_sci.o(.text.UART_IRQHandler))
<BR><BR>[Stack]<UL><LI>Max Depth = 16<LI>Call Chain = UART_IRQHandler
</UL>
<BR>[Address Reference Count : 1]<UL><LI> startup_tcae10.o(RESET)
</UL>
<P><STRONG><a name="[9d]"></a>WdgInit</STRONG> (Thumb, 112 bytes, Stack size 16 bytes, misc.o(.text.WdgInit))
<BR><BR>[Stack]<UL><LI>Max Depth = 16<LI>Call Chain = WdgInit
</UL>
<BR>[Called By]<UL><LI><a href="#[27]">&gt;&gt;</a>&nbsp;&nbsp;&nbsp;TcMain
</UL>

<P><STRONG><a name="[c9]"></a>bit_invert_swap_func</STRONG> (Thumb, 100 bytes, Stack size 32 bytes, utilities.o(.text.bit_invert_swap_func))
<BR><BR>[Stack]<UL><LI>Max Depth = 32<LI>Call Chain = bit_invert_swap_func
</UL>
<BR>[Calls]<UL><LI><a href="#[c4]">&gt;&gt;</a>&nbsp;&nbsp;&nbsp;__aeabi_memcpy
</UL>
<BR>[Called By]<UL><LI><a href="#[cc]">&gt;&gt;</a>&nbsp;&nbsp;&nbsp;crc16_calculate_func
</UL>

<P><STRONG><a name="[cc]"></a>crc16_calculate_func</STRONG> (Thumb, 72 bytes, Stack size 24 bytes, utilities.o(.text.crc16_calculate_func))
<BR><BR>[Stack]<UL><LI>Max Depth = 56<LI>Call Chain = crc16_calculate_func &rArr; bit_invert_swap_func
</UL>
<BR>[Calls]<UL><LI><a href="#[c9]">&gt;&gt;</a>&nbsp;&nbsp;&nbsp;bit_invert_swap_func
</UL>
<BR>[Called By]<UL><LI><a href="#[14d]">&gt;&gt;</a>&nbsp;&nbsp;&nbsp;pal_store_data_set
<LI><a href="#[f2]">&gt;&gt;</a>&nbsp;&nbsp;&nbsp;pal_store_data_get
<LI><a href="#[d4]">&gt;&gt;</a>&nbsp;&nbsp;&nbsp;guserinfo_save
<LI><a href="#[8f]">&gt;&gt;</a>&nbsp;&nbsp;&nbsp;gsysinfo_save
</UL>

<P><STRONG><a name="[cd]"></a>delay1ms</STRONG> (Thumb, 84 bytes, Stack size 24 bytes, tcae10_ll_delay.o(.text.delay1ms))
<BR><BR>[Stack]<UL><LI>Max Depth = 36<LI>Call Chain = delay1ms &rArr; __aeabi_uidiv
</UL>
<BR>[Calls]<UL><LI><a href="#[a6]">&gt;&gt;</a>&nbsp;&nbsp;&nbsp;__aeabi_uidiv
</UL>
<BR>[Called By]<UL><LI><a href="#[f9]">&gt;&gt;</a>&nbsp;&nbsp;&nbsp;uds_diagnostic_session_control
<LI><a href="#[fa]">&gt;&gt;</a>&nbsp;&nbsp;&nbsp;uds_diagnostic_rest
</UL>

<P><STRONG><a name="[d5]"></a>l_ifc_init</STRONG> (Thumb, 8 bytes, Stack size 8 bytes, lin_common_api.o(.text.l_ifc_init))
<BR><BR>[Stack]<UL><LI>Max Depth = 140<LI>Call Chain = l_ifc_init &rArr; lin_lld_init &rArr; lin_lld_sci_init &rArr; lin_init_sci &rArr; pal_lin_init &rArr; ll_sci_init &rArr; ll_sci_baudrate_config &rArr; sys_pclk_freq_get &rArr; sys_hclk_freq_get &rArr; __aeabi_uidiv
</UL>
<BR>[Calls]<UL><LI><a href="#[d6]">&gt;&gt;</a>&nbsp;&nbsp;&nbsp;lin_lld_init
</UL>
<BR>[Called By]<UL><LI><a href="#[83]">&gt;&gt;</a>&nbsp;&nbsp;&nbsp;lin_process_init
</UL>

<P><STRONG><a name="[d7]"></a>l_sys_init</STRONG> (Thumb, 10 bytes, Stack size 8 bytes, lin_common_api.o(.text.l_sys_init))
<BR><BR>[Stack]<UL><LI>Max Depth = 16<LI>Call Chain = l_sys_init &rArr; lin_lld_timer_init
</UL>
<BR>[Calls]<UL><LI><a href="#[d8]">&gt;&gt;</a>&nbsp;&nbsp;&nbsp;lin_lld_timer_init
</UL>
<BR>[Called By]<UL><LI><a href="#[83]">&gt;&gt;</a>&nbsp;&nbsp;&nbsp;lin_process_init
</UL>

<P><STRONG><a name="[d9]"></a>ld_get_raw</STRONG> (Thumb, 12 bytes, Stack size 8 bytes, lin_commontl_api.o(.text.ld_get_raw))
<BR><BR>[Stack]<UL><LI>Max Depth = 24<LI>Call Chain = ld_get_raw &rArr; tl_get_raw
</UL>
<BR>[Calls]<UL><LI><a href="#[da]">&gt;&gt;</a>&nbsp;&nbsp;&nbsp;tl_get_raw
</UL>
<BR>[Called By]<UL><LI><a href="#[dd]">&gt;&gt;</a>&nbsp;&nbsp;&nbsp;ld_receive_message
</UL>

<P><STRONG><a name="[11e]"></a>ld_init</STRONG> (Thumb, 96 bytes, Stack size 0 bytes, lin_commontl_api.o(.text.ld_init))
<BR><BR>[Called By]<UL><LI><a href="#[83]">&gt;&gt;</a>&nbsp;&nbsp;&nbsp;lin_process_init
</UL>

<P><STRONG><a name="[db]"></a>ld_put_raw</STRONG> (Thumb, 20 bytes, Stack size 8 bytes, lin_commontl_api.o(.text.ld_put_raw))
<BR><BR>[Stack]<UL><LI>Max Depth = 24<LI>Call Chain = ld_put_raw &rArr; tl_put_raw
</UL>
<BR>[Calls]<UL><LI><a href="#[dc]">&gt;&gt;</a>&nbsp;&nbsp;&nbsp;tl_put_raw
</UL>
<BR>[Called By]<UL><LI><a href="#[de]">&gt;&gt;</a>&nbsp;&nbsp;&nbsp;ld_send_message
</UL>

<P><STRONG><a name="[f3]"></a>ld_read_by_id_callout</STRONG> (Thumb, 32 bytes, Stack size 0 bytes, lin_cfg.o(.text.ld_read_by_id_callout))
<BR><BR>[Called By]<UL><LI><a href="#[ef]">&gt;&gt;</a>&nbsp;&nbsp;&nbsp;lin_diagservice_read_by_identifier
<LI><a href="#[122]">&gt;&gt;</a>&nbsp;&nbsp;&nbsp;lin_tl_make_slaveres_pdu
</UL>

<P><STRONG><a name="[dd]"></a>ld_receive_message</STRONG> (Thumb, 216 bytes, Stack size 32 bytes, lin_commontl_api.o(.text.ld_receive_message))
<BR><BR>[Stack]<UL><LI>Max Depth = 56<LI>Call Chain = ld_receive_message &rArr; ld_get_raw &rArr; tl_get_raw
</UL>
<BR>[Calls]<UL><LI><a href="#[d9]">&gt;&gt;</a>&nbsp;&nbsp;&nbsp;ld_get_raw
</UL>
<BR>[Called By]<UL><LI><a href="#[8a]">&gt;&gt;</a>&nbsp;&nbsp;&nbsp;lin_diag_service_handle
</UL>

<P><STRONG><a name="[de]"></a>ld_send_message</STRONG> (Thumb, 356 bytes, Stack size 40 bytes, lin_commontl_api.o(.text.ld_send_message))
<BR><BR>[Stack]<UL><LI>Max Depth = 64<LI>Call Chain = ld_send_message &rArr; ld_put_raw &rArr; tl_put_raw
</UL>
<BR>[Calls]<UL><LI><a href="#[59]">&gt;&gt;</a>&nbsp;&nbsp;&nbsp;__aeabi_uidivmod
<LI><a href="#[db]">&gt;&gt;</a>&nbsp;&nbsp;&nbsp;ld_put_raw
</UL>
<BR>[Called By]<UL><LI><a href="#[153]">&gt;&gt;</a>&nbsp;&nbsp;&nbsp;send_positive_response_message
<LI><a href="#[fd]">&gt;&gt;</a>&nbsp;&nbsp;&nbsp;send_negative_response_message
<LI><a href="#[e7]">&gt;&gt;</a>&nbsp;&nbsp;&nbsp;lin_diag_positive_notify
<LI><a href="#[e6]">&gt;&gt;</a>&nbsp;&nbsp;&nbsp;lin_diag_negative_notify
<LI><a href="#[84]">&gt;&gt;</a>&nbsp;&nbsp;&nbsp;lin_customized_operation
</UL>

<P><STRONG><a name="[f1]"></a>ld_tx_status</STRONG> (Thumb, 8 bytes, Stack size 0 bytes, lin_commontl_api.o(.text.ld_tx_status))
<BR><BR>[Called By]<UL><LI><a href="#[153]">&gt;&gt;</a>&nbsp;&nbsp;&nbsp;send_positive_response_message
<LI><a href="#[fd]">&gt;&gt;</a>&nbsp;&nbsp;&nbsp;send_negative_response_message
<LI><a href="#[f0]">&gt;&gt;</a>&nbsp;&nbsp;&nbsp;lin_diag_service_hook
</UL>

<P><STRONG><a name="[df]"></a>lin_bus_activity_timeout</STRONG> (Thumb, 12 bytes, Stack size 8 bytes, lin_common_proto.o(.text.lin_bus_activity_timeout))
<BR><BR>[Stack]<UL><LI>Max Depth = 24<LI>Call Chain = lin_bus_activity_timeout &rArr; lin_update_word_status_lin21
</UL>
<BR>[Calls]<UL><LI><a href="#[e0]">&gt;&gt;</a>&nbsp;&nbsp;&nbsp;lin_update_word_status_lin21
<LI><a href="#[e1]">&gt;&gt;</a>&nbsp;&nbsp;&nbsp;lin_lld_set_low_power_mode
</UL>
<BR>[Called By]<UL><LI><a href="#[109]">&gt;&gt;</a>&nbsp;&nbsp;&nbsp;lin_pid_response_callback_handler
</UL>

<P><STRONG><a name="[10c]"></a>lin_checksum</STRONG> (Thumb, 44 bytes, Stack size 0 bytes, lin.o(.text.lin_checksum))
<BR><BR>[Called By]<UL><LI><a href="#[41]">&gt;&gt;</a>&nbsp;&nbsp;&nbsp;lin_lld_isr_callback
</UL>

<P><STRONG><a name="[f7]"></a>lin_current_rcvd_nad</STRONG> (Thumb, 12 bytes, Stack size 0 bytes, diagnosticiii.o(.text.lin_current_rcvd_nad))
<BR><BR>[Called By]<UL><LI><a href="#[101]">&gt;&gt;</a>&nbsp;&nbsp;&nbsp;uds_diagnostic_dtc_control
<LI><a href="#[f8]">&gt;&gt;</a>&nbsp;&nbsp;&nbsp;uds_diagnostic_assign_NAD
<LI><a href="#[fe]">&gt;&gt;</a>&nbsp;&nbsp;&nbsp;uds_communction_control
<LI><a href="#[e3]">&gt;&gt;</a>&nbsp;&nbsp;&nbsp;lin_handle_uds
</UL>

<P><STRONG><a name="[e2]"></a>lin_custom_diag_service_handle</STRONG> (Thumb, 36 bytes, Stack size 8 bytes, custom_diagnosticiii.o(.text.lin_custom_diag_service_handle))
<BR><BR>[Stack]<UL><LI>Max Depth = 232<LI>Call Chain = lin_custom_diag_service_handle &rArr; lin_handle_uds &rArr; uds_diagnostic_readdata_by_id &rArr; user_read_data_by_id &rArr; store_slow_smart_read &rArr; pal_store_read &rArr; ll_flash_read &rArr; ll_flash_read_reg
</UL>
<BR>[Calls]<UL><LI><a href="#[e3]">&gt;&gt;</a>&nbsp;&nbsp;&nbsp;lin_handle_uds
<LI><a href="#[c4]">&gt;&gt;</a>&nbsp;&nbsp;&nbsp;__aeabi_memcpy
</UL>
<BR>[Called By]<UL><LI><a href="#[8a]">&gt;&gt;</a>&nbsp;&nbsp;&nbsp;lin_diag_service_handle
</UL>

<P><STRONG><a name="[84]"></a>lin_customized_operation</STRONG> (Thumb, 56 bytes, Stack size 8 bytes, custom_diagnosticiii.o(.text.lin_customized_operation))
<BR><BR>[Stack]<UL><LI>Max Depth = 128<LI>Call Chain = lin_customized_operation &rArr; gsysinfo_save &rArr; pal_store_write &rArr; ll_flash_write &rArr; ll_flash_write_reg_drv
</UL>
<BR>[Calls]<UL><LI><a href="#[de]">&gt;&gt;</a>&nbsp;&nbsp;&nbsp;ld_send_message
<LI><a href="#[8f]">&gt;&gt;</a>&nbsp;&nbsp;&nbsp;gsysinfo_save
</UL>
<BR>[Called By]<UL><LI><a href="#[28]">&gt;&gt;</a>&nbsp;&nbsp;&nbsp;LinTask
</UL>

<P><STRONG><a name="[e4]"></a>lin_diag_assign_frame_id_range</STRONG> (Thumb, 128 bytes, Stack size 24 bytes, sid_0xb7.o(.text.lin_diag_assign_frame_id_range))
<BR><BR>[Stack]<UL><LI>Max Depth = 216<LI>Call Chain = lin_diag_assign_frame_id_range &rArr; lin_diag_positive_notify &rArr; ld_send_message &rArr; ld_put_raw &rArr; tl_put_raw
</UL>
<BR>[Calls]<UL><LI><a href="#[e7]">&gt;&gt;</a>&nbsp;&nbsp;&nbsp;lin_diag_positive_notify
<LI><a href="#[e6]">&gt;&gt;</a>&nbsp;&nbsp;&nbsp;lin_diag_negative_notify
<LI><a href="#[e5]">&gt;&gt;</a>&nbsp;&nbsp;&nbsp;lin_process_parity
</UL>
<BR>[Called By]<UL><LI><a href="#[8a]">&gt;&gt;</a>&nbsp;&nbsp;&nbsp;lin_diag_service_handle
</UL>

<P><STRONG><a name="[e8]"></a>lin_diag_assign_frame_identifier</STRONG> (Thumb, 284 bytes, Stack size 32 bytes, sid_0xb1.o(.text.lin_diag_assign_frame_identifier))
<BR><BR>[Stack]<UL><LI>Max Depth = 224<LI>Call Chain = lin_diag_assign_frame_identifier &rArr; lin_diag_positive_notify &rArr; ld_send_message &rArr; ld_put_raw &rArr; tl_put_raw
</UL>
<BR>[Calls]<UL><LI><a href="#[e7]">&gt;&gt;</a>&nbsp;&nbsp;&nbsp;lin_diag_positive_notify
<LI><a href="#[e5]">&gt;&gt;</a>&nbsp;&nbsp;&nbsp;lin_process_parity
</UL>
<BR>[Called By]<UL><LI><a href="#[8a]">&gt;&gt;</a>&nbsp;&nbsp;&nbsp;lin_diag_service_handle
</UL>

<P><STRONG><a name="[e9]"></a>lin_diag_conditional_change_nad</STRONG> (Thumb, 88 bytes, Stack size 8 bytes, sid_0xb3.o(.text.lin_diag_conditional_change_nad))
<BR><BR>[Stack]<UL><LI>Max Depth = 200<LI>Call Chain = lin_diag_conditional_change_nad &rArr; lin_diag_positive_notify &rArr; ld_send_message &rArr; ld_put_raw &rArr; tl_put_raw
</UL>
<BR>[Calls]<UL><LI><a href="#[e7]">&gt;&gt;</a>&nbsp;&nbsp;&nbsp;lin_diag_positive_notify
</UL>
<BR>[Called By]<UL><LI><a href="#[8a]">&gt;&gt;</a>&nbsp;&nbsp;&nbsp;lin_diag_service_handle
</UL>

<P><STRONG><a name="[ee]"></a>lin_diag_get_traceability_msg</STRONG> (Thumb, 2 bytes, Stack size 0 bytes, sid_0x32.o(.text.lin_diag_get_traceability_msg))
<BR><BR>[Called By]<UL><LI><a href="#[8a]">&gt;&gt;</a>&nbsp;&nbsp;&nbsp;lin_diag_service_handle
</UL>

<P><STRONG><a name="[ea]"></a>lin_diag_io_control_by_identifier</STRONG> (Thumb, 14 bytes, Stack size 8 bytes, sid_0x2f.o(.text.lin_diag_io_control_by_identifier))
<BR><BR>[Stack]<UL><LI>Max Depth = 200<LI>Call Chain = lin_diag_io_control_by_identifier &rArr; lin_diag_positive_notify &rArr; ld_send_message &rArr; ld_put_raw &rArr; tl_put_raw
</UL>
<BR>[Calls]<UL><LI><a href="#[e7]">&gt;&gt;</a>&nbsp;&nbsp;&nbsp;lin_diag_positive_notify
</UL>
<BR>[Called By]<UL><LI><a href="#[8a]">&gt;&gt;</a>&nbsp;&nbsp;&nbsp;lin_diag_service_handle
</UL>

<P><STRONG><a name="[e6]"></a>lin_diag_negative_notify</STRONG> (Thumb, 26 bytes, Stack size 128 bytes, diagnosticiii.o(.text.lin_diag_negative_notify))
<BR><BR>[Stack]<UL><LI>Max Depth = 192<LI>Call Chain = lin_diag_negative_notify &rArr; ld_send_message &rArr; ld_put_raw &rArr; tl_put_raw
</UL>
<BR>[Calls]<UL><LI><a href="#[de]">&gt;&gt;</a>&nbsp;&nbsp;&nbsp;ld_send_message
</UL>
<BR>[Called By]<UL><LI><a href="#[ef]">&gt;&gt;</a>&nbsp;&nbsp;&nbsp;lin_diagservice_read_by_identifier
<LI><a href="#[e4]">&gt;&gt;</a>&nbsp;&nbsp;&nbsp;lin_diag_assign_frame_id_range
</UL>

<P><STRONG><a name="[e7]"></a>lin_diag_positive_notify</STRONG> (Thumb, 40 bytes, Stack size 128 bytes, diagnosticiii.o(.text.lin_diag_positive_notify))
<BR><BR>[Stack]<UL><LI>Max Depth = 192<LI>Call Chain = lin_diag_positive_notify &rArr; ld_send_message &rArr; ld_put_raw &rArr; tl_put_raw
</UL>
<BR>[Calls]<UL><LI><a href="#[de]">&gt;&gt;</a>&nbsp;&nbsp;&nbsp;ld_send_message
<LI><a href="#[c4]">&gt;&gt;</a>&nbsp;&nbsp;&nbsp;__aeabi_memcpy
</UL>
<BR>[Called By]<UL><LI><a href="#[ef]">&gt;&gt;</a>&nbsp;&nbsp;&nbsp;lin_diagservice_read_by_identifier
<LI><a href="#[ed]">&gt;&gt;</a>&nbsp;&nbsp;&nbsp;lin_diagservice_assign_nad
<LI><a href="#[eb]">&gt;&gt;</a>&nbsp;&nbsp;&nbsp;lin_diag_save_configuration
<LI><a href="#[ea]">&gt;&gt;</a>&nbsp;&nbsp;&nbsp;lin_diag_io_control_by_identifier
<LI><a href="#[e9]">&gt;&gt;</a>&nbsp;&nbsp;&nbsp;lin_diag_conditional_change_nad
<LI><a href="#[e8]">&gt;&gt;</a>&nbsp;&nbsp;&nbsp;lin_diag_assign_frame_identifier
<LI><a href="#[e4]">&gt;&gt;</a>&nbsp;&nbsp;&nbsp;lin_diag_assign_frame_id_range
</UL>

<P><STRONG><a name="[eb]"></a>lin_diag_save_configuration</STRONG> (Thumb, 56 bytes, Stack size 16 bytes, sid_0xb6.o(.text.lin_diag_save_configuration))
<BR><BR>[Stack]<UL><LI>Max Depth = 240<LI>Call Chain = lin_diag_save_configuration &rArr; store_system_data_set &rArr; pal_store_data_set &rArr; store_slow_write &rArr; pal_store_write &rArr; ll_flash_write &rArr; ll_flash_write_reg_drv
</UL>
<BR>[Calls]<UL><LI><a href="#[e7]">&gt;&gt;</a>&nbsp;&nbsp;&nbsp;lin_diag_positive_notify
<LI><a href="#[ec]">&gt;&gt;</a>&nbsp;&nbsp;&nbsp;store_system_data_set
</UL>
<BR>[Called By]<UL><LI><a href="#[8a]">&gt;&gt;</a>&nbsp;&nbsp;&nbsp;lin_diag_service_handle
</UL>

<P><STRONG><a name="[8a]"></a>lin_diag_service_handle</STRONG> (Thumb, 212 bytes, Stack size 144 bytes, diagnosticiii.o(.text.lin_diag_service_handle))
<BR><BR>[Stack]<UL><LI>Max Depth = 384<LI>Call Chain = lin_diag_service_handle &rArr; lin_diag_save_configuration &rArr; store_system_data_set &rArr; pal_store_data_set &rArr; store_slow_write &rArr; pal_store_write &rArr; ll_flash_write &rArr; ll_flash_write_reg_drv
</UL>
<BR>[Calls]<UL><LI><a href="#[ef]">&gt;&gt;</a>&nbsp;&nbsp;&nbsp;lin_diagservice_read_by_identifier
<LI><a href="#[f0]">&gt;&gt;</a>&nbsp;&nbsp;&nbsp;lin_diag_service_hook
<LI><a href="#[e2]">&gt;&gt;</a>&nbsp;&nbsp;&nbsp;lin_custom_diag_service_handle
<LI><a href="#[ed]">&gt;&gt;</a>&nbsp;&nbsp;&nbsp;lin_diagservice_assign_nad
<LI><a href="#[eb]">&gt;&gt;</a>&nbsp;&nbsp;&nbsp;lin_diag_save_configuration
<LI><a href="#[ea]">&gt;&gt;</a>&nbsp;&nbsp;&nbsp;lin_diag_io_control_by_identifier
<LI><a href="#[ee]">&gt;&gt;</a>&nbsp;&nbsp;&nbsp;lin_diag_get_traceability_msg
<LI><a href="#[e9]">&gt;&gt;</a>&nbsp;&nbsp;&nbsp;lin_diag_conditional_change_nad
<LI><a href="#[e8]">&gt;&gt;</a>&nbsp;&nbsp;&nbsp;lin_diag_assign_frame_identifier
<LI><a href="#[e4]">&gt;&gt;</a>&nbsp;&nbsp;&nbsp;lin_diag_assign_frame_id_range
<LI><a href="#[dd]">&gt;&gt;</a>&nbsp;&nbsp;&nbsp;ld_receive_message
</UL>
<BR>[Called By]<UL><LI><a href="#[28]">&gt;&gt;</a>&nbsp;&nbsp;&nbsp;LinTask
</UL>

<P><STRONG><a name="[f0]"></a>lin_diag_service_hook</STRONG> (Thumb, 8 bytes, Stack size 8 bytes, custom_diagnosticiii.o(.text.lin_diag_service_hook))
<BR><BR>[Stack]<UL><LI>Max Depth = 8<LI>Call Chain = lin_diag_service_hook
</UL>
<BR>[Calls]<UL><LI><a href="#[f1]">&gt;&gt;</a>&nbsp;&nbsp;&nbsp;ld_tx_status
</UL>
<BR>[Called By]<UL><LI><a href="#[8a]">&gt;&gt;</a>&nbsp;&nbsp;&nbsp;lin_diag_service_handle
</UL>

<P><STRONG><a name="[ed]"></a>lin_diagservice_assign_nad</STRONG> (Thumb, 148 bytes, Stack size 24 bytes, sid_0xb0.o(.text.lin_diagservice_assign_nad))
<BR><BR>[Stack]<UL><LI>Max Depth = 216<LI>Call Chain = lin_diagservice_assign_nad &rArr; lin_diag_positive_notify &rArr; ld_send_message &rArr; ld_put_raw &rArr; tl_put_raw
</UL>
<BR>[Calls]<UL><LI><a href="#[e7]">&gt;&gt;</a>&nbsp;&nbsp;&nbsp;lin_diag_positive_notify
<LI><a href="#[d0]">&gt;&gt;</a>&nbsp;&nbsp;&nbsp;fast_nad_write
</UL>
<BR>[Called By]<UL><LI><a href="#[8a]">&gt;&gt;</a>&nbsp;&nbsp;&nbsp;lin_diag_service_handle
</UL>

<P><STRONG><a name="[ef]"></a>lin_diagservice_read_by_identifier</STRONG> (Thumb, 276 bytes, Stack size 32 bytes, custom_diagnosticiii.o(.text.lin_diagservice_read_by_identifier))
<BR><BR>[Stack]<UL><LI>Max Depth = 224<LI>Call Chain = lin_diagservice_read_by_identifier &rArr; lin_diag_positive_notify &rArr; ld_send_message &rArr; ld_put_raw &rArr; tl_put_raw
</UL>
<BR>[Calls]<UL><LI><a href="#[f3]">&gt;&gt;</a>&nbsp;&nbsp;&nbsp;ld_read_by_id_callout
<LI><a href="#[f2]">&gt;&gt;</a>&nbsp;&nbsp;&nbsp;pal_store_data_get
<LI><a href="#[e7]">&gt;&gt;</a>&nbsp;&nbsp;&nbsp;lin_diag_positive_notify
<LI><a href="#[e6]">&gt;&gt;</a>&nbsp;&nbsp;&nbsp;lin_diag_negative_notify
</UL>
<BR>[Called By]<UL><LI><a href="#[8a]">&gt;&gt;</a>&nbsp;&nbsp;&nbsp;lin_diag_service_handle
</UL>

<P><STRONG><a name="[f5]"></a>lin_get_frame_index</STRONG> (Thumb, 28 bytes, Stack size 0 bytes, lin_common_proto.o(.text.lin_get_frame_index))
<BR><BR>[Called By]<UL><LI><a href="#[f4]">&gt;&gt;</a>&nbsp;&nbsp;&nbsp;lin_handle_error
<LI><a href="#[11d]">&gt;&gt;</a>&nbsp;&nbsp;&nbsp;lin_update_tx
<LI><a href="#[11b]">&gt;&gt;</a>&nbsp;&nbsp;&nbsp;lin_process_pid
</UL>

<P><STRONG><a name="[8e]"></a>lin_goto_idle_state</STRONG> (Thumb, 44 bytes, Stack size 0 bytes, lin_process.o(.text.lin_goto_idle_state))
<BR><BR>[Called By]<UL><LI><a href="#[8c]">&gt;&gt;</a>&nbsp;&nbsp;&nbsp;lin_lld_sci_timeout
<LI><a href="#[28]">&gt;&gt;</a>&nbsp;&nbsp;&nbsp;LinTask
<LI><a href="#[113]">&gt;&gt;</a>&nbsp;&nbsp;&nbsp;lin_lld_sci_tx_response
<LI><a href="#[106]">&gt;&gt;</a>&nbsp;&nbsp;&nbsp;lin_lld_sci_init
<LI><a href="#[105]">&gt;&gt;</a>&nbsp;&nbsp;&nbsp;lin_lld_sci_ignore_response
<LI><a href="#[41]">&gt;&gt;</a>&nbsp;&nbsp;&nbsp;lin_lld_isr_callback
</UL>

<P><STRONG><a name="[f4]"></a>lin_handle_error</STRONG> (Thumb, 108 bytes, Stack size 16 bytes, lin_common_proto.o(.text.lin_handle_error))
<BR><BR>[Stack]<UL><LI>Max Depth = 40<LI>Call Chain = lin_handle_error &rArr; lin_update_err_signal
</UL>
<BR>[Calls]<UL><LI><a href="#[e0]">&gt;&gt;</a>&nbsp;&nbsp;&nbsp;lin_update_word_status_lin21
<LI><a href="#[f6]">&gt;&gt;</a>&nbsp;&nbsp;&nbsp;lin_update_err_signal
<LI><a href="#[f5]">&gt;&gt;</a>&nbsp;&nbsp;&nbsp;lin_get_frame_index
</UL>
<BR>[Called By]<UL><LI><a href="#[109]">&gt;&gt;</a>&nbsp;&nbsp;&nbsp;lin_pid_response_callback_handler
</UL>

<P><STRONG><a name="[e3]"></a>lin_handle_uds</STRONG> (Thumb, 476 bytes, Stack size 24 bytes, custom_diagnosticiii.o(.text.lin_handle_uds))
<BR><BR>[Stack]<UL><LI>Max Depth = 224<LI>Call Chain = lin_handle_uds &rArr; uds_diagnostic_readdata_by_id &rArr; user_read_data_by_id &rArr; store_slow_smart_read &rArr; pal_store_read &rArr; ll_flash_read &rArr; ll_flash_read_reg
</UL>
<BR>[Calls]<UL><LI><a href="#[100]">&gt;&gt;</a>&nbsp;&nbsp;&nbsp;uds_tester_present_control
<LI><a href="#[f9]">&gt;&gt;</a>&nbsp;&nbsp;&nbsp;uds_diagnostic_session_control
<LI><a href="#[ff]">&gt;&gt;</a>&nbsp;&nbsp;&nbsp;uds_diagnostic_route_control
<LI><a href="#[fa]">&gt;&gt;</a>&nbsp;&nbsp;&nbsp;uds_diagnostic_rest
<LI><a href="#[fc]">&gt;&gt;</a>&nbsp;&nbsp;&nbsp;uds_diagnostic_readdata_by_id
<LI><a href="#[101]">&gt;&gt;</a>&nbsp;&nbsp;&nbsp;uds_diagnostic_dtc_control
<LI><a href="#[fb]">&gt;&gt;</a>&nbsp;&nbsp;&nbsp;uds_diagnostic_clear_dtc_info
<LI><a href="#[f8]">&gt;&gt;</a>&nbsp;&nbsp;&nbsp;uds_diagnostic_assign_NAD
<LI><a href="#[fe]">&gt;&gt;</a>&nbsp;&nbsp;&nbsp;uds_communction_control
<LI><a href="#[fd]">&gt;&gt;</a>&nbsp;&nbsp;&nbsp;send_negative_response_message
<LI><a href="#[f7]">&gt;&gt;</a>&nbsp;&nbsp;&nbsp;lin_current_rcvd_nad
</UL>
<BR>[Called By]<UL><LI><a href="#[e2]">&gt;&gt;</a>&nbsp;&nbsp;&nbsp;lin_custom_diag_service_handle
</UL>

<P><STRONG><a name="[102]"></a>lin_init_sci</STRONG> (Thumb, 24 bytes, Stack size 8 bytes, lin_process.o(.text.lin_init_sci))
<BR><BR>[Stack]<UL><LI>Max Depth = 116<LI>Call Chain = lin_init_sci &rArr; pal_lin_init &rArr; ll_sci_init &rArr; ll_sci_baudrate_config &rArr; sys_pclk_freq_get &rArr; sys_hclk_freq_get &rArr; __aeabi_uidiv
</UL>
<BR>[Calls]<UL><LI><a href="#[103]">&gt;&gt;</a>&nbsp;&nbsp;&nbsp;pal_lin_init
</UL>
<BR>[Called By]<UL><LI><a href="#[106]">&gt;&gt;</a>&nbsp;&nbsp;&nbsp;lin_lld_sci_init
</UL>

<P><STRONG><a name="[104]"></a>lin_lld_ignore_response</STRONG> (Thumb, 8 bytes, Stack size 8 bytes, lin.o(.text.lin_lld_ignore_response))
<BR><BR>[Stack]<UL><LI>Max Depth = 16<LI>Call Chain = lin_lld_ignore_response &rArr; lin_lld_sci_ignore_response
</UL>
<BR>[Calls]<UL><LI><a href="#[105]">&gt;&gt;</a>&nbsp;&nbsp;&nbsp;lin_lld_sci_ignore_response
</UL>
<BR>[Called By]<UL><LI><a href="#[11b]">&gt;&gt;</a>&nbsp;&nbsp;&nbsp;lin_process_pid
</UL>

<P><STRONG><a name="[d6]"></a>lin_lld_init</STRONG> (Thumb, 14 bytes, Stack size 8 bytes, lin.o(.text.lin_lld_init))
<BR><BR>[Stack]<UL><LI>Max Depth = 132<LI>Call Chain = lin_lld_init &rArr; lin_lld_sci_init &rArr; lin_init_sci &rArr; pal_lin_init &rArr; ll_sci_init &rArr; ll_sci_baudrate_config &rArr; sys_pclk_freq_get &rArr; sys_hclk_freq_get &rArr; __aeabi_uidiv
</UL>
<BR>[Calls]<UL><LI><a href="#[106]">&gt;&gt;</a>&nbsp;&nbsp;&nbsp;lin_lld_sci_init
</UL>
<BR>[Called By]<UL><LI><a href="#[d5]">&gt;&gt;</a>&nbsp;&nbsp;&nbsp;l_ifc_init
</UL>

<P><STRONG><a name="[41]"></a>lin_lld_isr_callback</STRONG> (Thumb, 640 bytes, Stack size 24 bytes, lin_process.o(.text.lin_lld_isr_callback))
<BR><BR>[Stack]<UL><LI>Max Depth = 144<LI>Call Chain = lin_lld_isr_callback &rArr; lin_pid_response_callback_handler &rArr; lin_update_rx &rArr; lin_update_rx_diag_frame &rArr; lin_tl_handler &rArr; lin_tl_attach_service &rArr; lin_tl_make_slaveres_pdu
</UL>
<BR>[Calls]<UL><LI><a href="#[8e]">&gt;&gt;</a>&nbsp;&nbsp;&nbsp;lin_goto_idle_state
<LI><a href="#[10e]">&gt;&gt;</a>&nbsp;&nbsp;&nbsp;pal_lin_tx_4byte
<LI><a href="#[10b]">&gt;&gt;</a>&nbsp;&nbsp;&nbsp;pal_lin_read_byte
<LI><a href="#[10a]">&gt;&gt;</a>&nbsp;&nbsp;&nbsp;pal_lin_autobaudrate_check
<LI><a href="#[108]">&gt;&gt;</a>&nbsp;&nbsp;&nbsp;pal_lin_abort_handle
<LI><a href="#[10d]">&gt;&gt;</a>&nbsp;&nbsp;&nbsp;lin_sci_baudrate_update
<LI><a href="#[e5]">&gt;&gt;</a>&nbsp;&nbsp;&nbsp;lin_process_parity
<LI><a href="#[107]">&gt;&gt;</a>&nbsp;&nbsp;&nbsp;lin_process_break_handle
<LI><a href="#[109]">&gt;&gt;</a>&nbsp;&nbsp;&nbsp;lin_pid_response_callback_handler
<LI><a href="#[10c]">&gt;&gt;</a>&nbsp;&nbsp;&nbsp;lin_checksum
</UL>
<BR>[Address Reference Count : 1]<UL><LI> lin_process.o(.text.lin_init_sci)
</UL>
<P><STRONG><a name="[10f]"></a>lin_lld_rx_response</STRONG> (Thumb, 10 bytes, Stack size 8 bytes, lin.o(.text.lin_lld_rx_response))
<BR><BR>[Stack]<UL><LI>Max Depth = 32<LI>Call Chain = lin_lld_rx_response &rArr; lin_lld_sci_rx_response &rArr; pal_lin_rx_response &rArr; ll_lin_receive
</UL>
<BR>[Calls]<UL><LI><a href="#[110]">&gt;&gt;</a>&nbsp;&nbsp;&nbsp;lin_lld_sci_rx_response
</UL>
<BR>[Called By]<UL><LI><a href="#[11b]">&gt;&gt;</a>&nbsp;&nbsp;&nbsp;lin_process_pid
</UL>

<P><STRONG><a name="[80]"></a>lin_lld_sci_get_state</STRONG> (Thumb, 8 bytes, Stack size 0 bytes, lin_process.o(.text.lin_lld_sci_get_state))
<BR><BR>[Called By]<UL><LI><a href="#[2a]">&gt;&gt;</a>&nbsp;&nbsp;&nbsp;LinHaltMonitorCallback
</UL>

<P><STRONG><a name="[105]"></a>lin_lld_sci_ignore_response</STRONG> (Thumb, 8 bytes, Stack size 8 bytes, lin_process.o(.text.lin_lld_sci_ignore_response))
<BR><BR>[Stack]<UL><LI>Max Depth = 8<LI>Call Chain = lin_lld_sci_ignore_response
</UL>
<BR>[Calls]<UL><LI><a href="#[8e]">&gt;&gt;</a>&nbsp;&nbsp;&nbsp;lin_goto_idle_state
</UL>
<BR>[Called By]<UL><LI><a href="#[104]">&gt;&gt;</a>&nbsp;&nbsp;&nbsp;lin_lld_ignore_response
</UL>

<P><STRONG><a name="[106]"></a>lin_lld_sci_init</STRONG> (Thumb, 24 bytes, Stack size 8 bytes, lin_process.o(.text.lin_lld_sci_init))
<BR><BR>[Stack]<UL><LI>Max Depth = 124<LI>Call Chain = lin_lld_sci_init &rArr; lin_init_sci &rArr; pal_lin_init &rArr; ll_sci_init &rArr; ll_sci_baudrate_config &rArr; sys_pclk_freq_get &rArr; sys_hclk_freq_get &rArr; __aeabi_uidiv
</UL>
<BR>[Calls]<UL><LI><a href="#[8e]">&gt;&gt;</a>&nbsp;&nbsp;&nbsp;lin_goto_idle_state
<LI><a href="#[111]">&gt;&gt;</a>&nbsp;&nbsp;&nbsp;lin_param_init
<LI><a href="#[102]">&gt;&gt;</a>&nbsp;&nbsp;&nbsp;lin_init_sci
</UL>
<BR>[Called By]<UL><LI><a href="#[d6]">&gt;&gt;</a>&nbsp;&nbsp;&nbsp;lin_lld_init
</UL>

<P><STRONG><a name="[87]"></a>lin_lld_sci_rcv_break_cnt</STRONG> (Thumb, 12 bytes, Stack size 0 bytes, lin_process.o(.text.lin_lld_sci_rcv_break_cnt))
<BR><BR>[Called By]<UL><LI><a href="#[28]">&gt;&gt;</a>&nbsp;&nbsp;&nbsp;LinTask
</UL>

<P><STRONG><a name="[110]"></a>lin_lld_sci_rx_response</STRONG> (Thumb, 48 bytes, Stack size 8 bytes, lin_process.o(.text.lin_lld_sci_rx_response))
<BR><BR>[Stack]<UL><LI>Max Depth = 24<LI>Call Chain = lin_lld_sci_rx_response &rArr; pal_lin_rx_response &rArr; ll_lin_receive
</UL>
[...]
<LI><a href="#[150]">&gt;&gt;</a>&nbsp;&nbsp;&nbsp;calc_low_pass
<LI><a href="#[151]">&gt;&gt;</a>&nbsp;&nbsp;&nbsp;calc_double_samp
<LI><a href="#[142]">&gt;&gt;</a>&nbsp;&nbsp;&nbsp;touch_haldispatchonlytouch_nextchannel
<LI><a href="#[164]">&gt;&gt;</a>&nbsp;&nbsp;&nbsp;touch_haldispatchonlytouch_channelnum
<LI><a href="#[158]">&gt;&gt;</a>&nbsp;&nbsp;&nbsp;sleep_remove_residues_run
<LI><a href="#[155]">&gt;&gt;</a>&nbsp;&nbsp;&nbsp;set_sleep_all_ioenable
<LI><a href="#[145]">&gt;&gt;</a>&nbsp;&nbsp;&nbsp;set_ioenable_asneed
<LI><a href="#[143]">&gt;&gt;</a>&nbsp;&nbsp;&nbsp;set_iodisable_asneed
<LI><a href="#[154]">&gt;&gt;</a>&nbsp;&nbsp;&nbsp;set_all_ioenable
<LI><a href="#[c1]">&gt;&gt;</a>&nbsp;&nbsp;&nbsp;noise_avoid_reset
<LI><a href="#[c3]">&gt;&gt;</a>&nbsp;&nbsp;&nbsp;low_pass_reset
<LI><a href="#[c0]">&gt;&gt;</a>&nbsp;&nbsp;&nbsp;double_samp_reset
<LI><a href="#[144]">&gt;&gt;</a>&nbsp;&nbsp;&nbsp;delay_clock
<LI><a href="#[c2]">&gt;&gt;</a>&nbsp;&nbsp;&nbsp;center_filter_reset
<LI><a href="#[ca]">&gt;&gt;</a>&nbsp;&nbsp;&nbsp;calc_center_filter
<LI><a href="#[165]">&gt;&gt;</a>&nbsp;&nbsp;&nbsp;calc_can_remove_residues
<LI><a href="#[163]">&gt;&gt;</a>&nbsp;&nbsp;&nbsp;SiRightShift
<LI><a href="#[32]">&gt;&gt;</a>&nbsp;&nbsp;&nbsp;TouchGetTime
<LI><a href="#[a6]">&gt;&gt;</a>&nbsp;&nbsp;&nbsp;__aeabi_uidiv
</UL>
<BR>[Address Reference Count : 1]<UL><LI> touch_haldispatch.o(.text.Touch_HalDispatchOnlyTouchCreate)
</UL>
<P><STRONG><a name="[3f]"></a>touch_haldispatchonlytouch_run_scanmany</STRONG> (Thumb, 400 bytes, Stack size 32 bytes, touch_haldispatch.o(.text.touch_haldispatchonlytouch_run_scanmany))
<BR><BR>[Stack]<UL><LI>Max Depth = 172<LI>Call Chain = touch_haldispatchonlytouch_run_scanmany &rArr; touch_haldispatchonlytouch_scanmany_channel &rArr; calc_center_filter &rArr; CalcMinMaxAvg &rArr; __aeabi_idivmod &rArr; __aeabi_uidivmod
</UL>
<BR>[Calls]<UL><LI><a href="#[166]">&gt;&gt;</a>&nbsp;&nbsp;&nbsp;touch_haldispatchonlytouch_scanmany_channel
<LI><a href="#[158]">&gt;&gt;</a>&nbsp;&nbsp;&nbsp;sleep_remove_residues_run
<LI><a href="#[155]">&gt;&gt;</a>&nbsp;&nbsp;&nbsp;set_sleep_all_ioenable
<LI><a href="#[154]">&gt;&gt;</a>&nbsp;&nbsp;&nbsp;set_all_ioenable
<LI><a href="#[c1]">&gt;&gt;</a>&nbsp;&nbsp;&nbsp;noise_avoid_reset
<LI><a href="#[c3]">&gt;&gt;</a>&nbsp;&nbsp;&nbsp;low_pass_reset
<LI><a href="#[c0]">&gt;&gt;</a>&nbsp;&nbsp;&nbsp;double_samp_reset
<LI><a href="#[144]">&gt;&gt;</a>&nbsp;&nbsp;&nbsp;delay_clock
<LI><a href="#[c2]">&gt;&gt;</a>&nbsp;&nbsp;&nbsp;center_filter_reset
<LI><a href="#[165]">&gt;&gt;</a>&nbsp;&nbsp;&nbsp;calc_can_remove_residues
<LI><a href="#[163]">&gt;&gt;</a>&nbsp;&nbsp;&nbsp;SiRightShift
<LI><a href="#[32]">&gt;&gt;</a>&nbsp;&nbsp;&nbsp;TouchGetTime
<LI><a href="#[a6]">&gt;&gt;</a>&nbsp;&nbsp;&nbsp;__aeabi_uidiv
</UL>
<BR>[Address Reference Count : 1]<UL><LI> touch_haldispatch.o(.text.Touch_HalDispatchOnlyTouchCreate)
</UL>
<P><STRONG><a name="[166]"></a>touch_haldispatchonlytouch_scanmany_channel</STRONG> (Thumb, 548 bytes, Stack size 56 bytes, touch_haldispatch.o(.text.touch_haldispatchonlytouch_scanmany_channel))
<BR><BR>[Stack]<UL><LI>Max Depth = 140<LI>Call Chain = touch_haldispatchonlytouch_scanmany_channel &rArr; calc_center_filter &rArr; CalcMinMaxAvg &rArr; __aeabi_idivmod &rArr; __aeabi_uidivmod
</UL>
<BR>[Calls]<UL><LI><a href="#[152]">&gt;&gt;</a>&nbsp;&nbsp;&nbsp;calc_noise_avoid
<LI><a href="#[150]">&gt;&gt;</a>&nbsp;&nbsp;&nbsp;calc_low_pass
<LI><a href="#[151]">&gt;&gt;</a>&nbsp;&nbsp;&nbsp;calc_double_samp
<LI><a href="#[142]">&gt;&gt;</a>&nbsp;&nbsp;&nbsp;touch_haldispatchonlytouch_nextchannel
<LI><a href="#[164]">&gt;&gt;</a>&nbsp;&nbsp;&nbsp;touch_haldispatchonlytouch_channelnum
<LI><a href="#[145]">&gt;&gt;</a>&nbsp;&nbsp;&nbsp;set_ioenable_asneed
<LI><a href="#[143]">&gt;&gt;</a>&nbsp;&nbsp;&nbsp;set_iodisable_asneed
<LI><a href="#[144]">&gt;&gt;</a>&nbsp;&nbsp;&nbsp;delay_clock
<LI><a href="#[ca]">&gt;&gt;</a>&nbsp;&nbsp;&nbsp;calc_center_filter
</UL>
<BR>[Called By]<UL><LI><a href="#[3f]">&gt;&gt;</a>&nbsp;&nbsp;&nbsp;touch_haldispatchonlytouch_run_scanmany
</UL>

<P><STRONG><a name="[161]"></a>touch_haldispatchonlytouch_setup</STRONG> (Thumb, 34 bytes, Stack size 16 bytes, touch_haldispatch.o(.text.touch_haldispatchonlytouch_setup))
<BR><BR>[Stack]<UL><LI>Max Depth = 16<LI>Call Chain = touch_haldispatchonlytouch_setup
</UL>
<BR>[Called By]<UL><LI><a href="#[3d]">&gt;&gt;</a>&nbsp;&nbsp;&nbsp;touch_haldispatchonlytouch_reset
<LI><a href="#[c5]">&gt;&gt;</a>&nbsp;&nbsp;&nbsp;touch_haldispatchonlytouch_ctor
</UL>

<P><STRONG><a name="[3e]"></a>touch_haldispatchonlytouch_sleep_run</STRONG> (Thumb, 828 bytes, Stack size 48 bytes, touch_haldispatch.o(.text.touch_haldispatchonlytouch_sleep_run))
<BR><BR>[Stack]<UL><LI>Max Depth = 156<LI>Call Chain = touch_haldispatchonlytouch_sleep_run &rArr; recalc_touchdata_insleep &rArr; calc_center_filter &rArr; CalcMinMaxAvg &rArr; __aeabi_idivmod &rArr; __aeabi_uidivmod
</UL>
<BR>[Calls]<UL><LI><a href="#[ba]">&gt;&gt;</a>&nbsp;&nbsp;&nbsp;TouchHaltUnlockSiObject
<LI><a href="#[16a]">&gt;&gt;</a>&nbsp;&nbsp;&nbsp;TouchHaltUnlockLpSiObject
<LI><a href="#[b9]">&gt;&gt;</a>&nbsp;&nbsp;&nbsp;TouchHaltLockSiObject
<LI><a href="#[169]">&gt;&gt;</a>&nbsp;&nbsp;&nbsp;TouchHaltLockLpSiObject
<LI><a href="#[167]">&gt;&gt;</a>&nbsp;&nbsp;&nbsp;SiNoiseIsDetect4
<LI><a href="#[142]">&gt;&gt;</a>&nbsp;&nbsp;&nbsp;touch_haldispatchonlytouch_nextchannel
<LI><a href="#[164]">&gt;&gt;</a>&nbsp;&nbsp;&nbsp;touch_haldispatchonlytouch_channelnum
<LI><a href="#[157]">&gt;&gt;</a>&nbsp;&nbsp;&nbsp;set_sleep_ioenable_asneed
<LI><a href="#[156]">&gt;&gt;</a>&nbsp;&nbsp;&nbsp;set_sleep_iodisable_asneed
<LI><a href="#[155]">&gt;&gt;</a>&nbsp;&nbsp;&nbsp;set_sleep_all_ioenable
<LI><a href="#[145]">&gt;&gt;</a>&nbsp;&nbsp;&nbsp;set_ioenable_asneed
<LI><a href="#[143]">&gt;&gt;</a>&nbsp;&nbsp;&nbsp;set_iodisable_asneed
<LI><a href="#[154]">&gt;&gt;</a>&nbsp;&nbsp;&nbsp;set_all_ioenable
<LI><a href="#[14f]">&gt;&gt;</a>&nbsp;&nbsp;&nbsp;recalc_touchdata_insleep
<LI><a href="#[141]">&gt;&gt;</a>&nbsp;&nbsp;&nbsp;normal_remove_residues_run
<LI><a href="#[144]">&gt;&gt;</a>&nbsp;&nbsp;&nbsp;delay_clock
<LI><a href="#[168]">&gt;&gt;</a>&nbsp;&nbsp;&nbsp;calc_can_scan_mask
<LI><a href="#[165]">&gt;&gt;</a>&nbsp;&nbsp;&nbsp;calc_can_remove_residues
</UL>
<BR>[Address Reference Count : 1]<UL><LI> touch_haldispatch.o(.text.Touch_HalDispatchOnlyTouchCreate)
</UL>
<P><STRONG><a name="[a5]"></a>TcTimerExec</STRONG> (Thumb, 128 bytes, Stack size 24 bytes, tc.o(.text.TcTimerExec))
<BR><BR>[Stack]<UL><LI>Max Depth = 36<LI>Call Chain = TcTimerExec &rArr; __aeabi_uidiv
</UL>
<BR>[Calls]<UL><LI><a href="#[a6]">&gt;&gt;</a>&nbsp;&nbsp;&nbsp;__aeabi_uidiv
</UL>
<BR>[Called By]<UL><LI><a href="#[a1]">&gt;&gt;</a>&nbsp;&nbsp;&nbsp;TcTaskExec
</UL>

<P><STRONG><a name="[90]"></a>SysTick_Config</STRONG> (Thumb, 32 bytes, Stack size 8 bytes, tc_port.o(.text.SysTick_Config))
<BR><BR>[Stack]<UL><LI>Max Depth = 8<LI>Call Chain = SysTick_Config
</UL>
<BR>[Calls]<UL><LI><a href="#[91]">&gt;&gt;</a>&nbsp;&nbsp;&nbsp;__NVIC_SetPriority
</UL>
<BR>[Called By]<UL><LI><a href="#[a2]">&gt;&gt;</a>&nbsp;&nbsp;&nbsp;TcTimerTickInit
</UL>

<P><STRONG><a name="[2c]"></a>TcTimerTickHandler</STRONG> (Thumb, 16 bytes, Stack size 0 bytes, tc_port.o(.text.TcTimerTickHandler))
<BR>[Address Reference Count : 1]<UL><LI> tc_port.o(.text.TcPortInit)
</UL>
<P><STRONG><a name="[a2]"></a>TcTimerTickInit</STRONG> (Thumb, 24 bytes, Stack size 8 bytes, tc_port.o(.text.TcTimerTickInit))
<BR><BR>[Stack]<UL><LI>Max Depth = 20<LI>Call Chain = TcTimerTickInit &rArr; __aeabi_uidiv
</UL>
<BR>[Calls]<UL><LI><a href="#[90]">&gt;&gt;</a>&nbsp;&nbsp;&nbsp;SysTick_Config
<LI><a href="#[a6]">&gt;&gt;</a>&nbsp;&nbsp;&nbsp;__aeabi_uidiv
</UL>
<BR>[Called By]<UL><LI><a href="#[9e]">&gt;&gt;</a>&nbsp;&nbsp;&nbsp;TcPortInit
</UL>

<P><STRONG><a name="[91]"></a>__NVIC_SetPriority</STRONG> (Thumb, 24 bytes, Stack size 0 bytes, tc_port.o(.text.__NVIC_SetPriority))
<BR><BR>[Called By]<UL><LI><a href="#[90]">&gt;&gt;</a>&nbsp;&nbsp;&nbsp;SysTick_Config
</UL>

<P><STRONG><a name="[d0]"></a>fast_nad_write</STRONG> (Thumb, 68 bytes, Stack size 24 bytes, sid_0xb0.o(.text.fast_nad_write))
<BR><BR>[Stack]<UL><LI>Max Depth = 120<LI>Call Chain = fast_nad_write &rArr; pal_store_write &rArr; ll_flash_write &rArr; ll_flash_write_reg_drv
</UL>
<BR>[Calls]<UL><LI><a href="#[d2]">&gt;&gt;</a>&nbsp;&nbsp;&nbsp;pal_store_write
<LI><a href="#[d1]">&gt;&gt;</a>&nbsp;&nbsp;&nbsp;pal_store_read
</UL>
<BR>[Called By]<UL><LI><a href="#[ed]">&gt;&gt;</a>&nbsp;&nbsp;&nbsp;lin_diagservice_assign_nad
</UL>

<P><STRONG><a name="[4c]"></a>SiFilterDoorctrlExit</STRONG> (Thumb, 4 bytes, Stack size 0 bytes, si_filter_doorctrl.o(i.SiFilterDoorctrlExit))
<BR>[Address Reference Count : 1]<UL><LI> si_filter_doorctrl.o(i.SiFilterDoorctrlNodeInit)
</UL>
<P><STRONG><a name="[4b]"></a>SiFilterDoorctrlInit</STRONG> (Thumb, 40 bytes, Stack size 8 bytes, si_filter_doorctrl.o(i.SiFilterDoorctrlInit))
<BR><BR>[Stack]<UL><LI>Max Depth = 8<LI>Call Chain = SiFilterDoorctrlInit
</UL>
<BR>[Calls]<UL><LI><a href="#[a8]">&gt;&gt;</a>&nbsp;&nbsp;&nbsp;__aeabi_memclr4
<LI><a href="#[5a]">&gt;&gt;</a>&nbsp;&nbsp;&nbsp;__aeabi_memclr
</UL>
<BR>[Address Reference Count : 1]<UL><LI> si_filter_doorctrl.o(i.SiFilterDoorctrlNodeInit)
</UL>
<P><STRONG><a name="[4d]"></a>SiFilterDoorctrlReset</STRONG> (Thumb, 24 bytes, Stack size 0 bytes, si_filter_doorctrl.o(i.SiFilterDoorctrlReset))
<BR>[Address Reference Count : 1]<UL><LI> si_filter_doorctrl.o(i.SiFilterDoorctrlNodeInit)
</UL>
<P><STRONG><a name="[4e]"></a>SiFilterDoorctrlRun</STRONG> (Thumb, 254 bytes, Stack size 24 bytes, si_filter_doorctrl.o(i.SiFilterDoorctrlRun))
<BR><BR>[Stack]<UL><LI>Max Depth = 52<LI>Call Chain = SiFilterDoorctrlRun &rArr; __aeabi_idivmod &rArr; __aeabi_uidivmod
</UL>
<BR>[Calls]<UL><LI><a href="#[58]">&gt;&gt;</a>&nbsp;&nbsp;&nbsp;__aeabi_idivmod
</UL>
<BR>[Address Reference Count : 1]<UL><LI> si_filter_doorctrl.o(i.SiFilterDoorctrlNodeInit)
</UL>
<P><STRONG><a name="[47]"></a>SiBaselineDoorctrl2MtStrongAvgInit</STRONG> (Thumb, 48 bytes, Stack size 8 bytes, si_baseline_doorctrl2_strongavg_mt.o(i.SiBaselineDoorctrl2MtStrongAvgInit))
<BR><BR>[Stack]<UL><LI>Max Depth = 8<LI>Call Chain = SiBaselineDoorctrl2MtStrongAvgInit
</UL>
<BR>[Calls]<UL><LI><a href="#[a8]">&gt;&gt;</a>&nbsp;&nbsp;&nbsp;__aeabi_memclr4
<LI><a href="#[5a]">&gt;&gt;</a>&nbsp;&nbsp;&nbsp;__aeabi_memclr
</UL>
<BR>[Address Reference Count : 1]<UL><LI> si_baseline_doorctrl2_strongavg_mt.o(i.SiBaselineDoorctrl2MtStrongAvgNodeInit)
</UL>
<P><STRONG><a name="[49]"></a>SiBaselineDoorctrl2MtStrongAvgReset</STRONG> (Thumb, 32 bytes, Stack size 8 bytes, si_baseline_doorctrl2_strongavg_mt.o(i.SiBaselineDoorctrl2MtStrongAvgReset))
<BR><BR>[Stack]<UL><LI>Max Depth = 8<LI>Call Chain = SiBaselineDoorctrl2MtStrongAvgReset
</UL>
<BR>[Address Reference Count : 1]<UL><LI> si_baseline_doorctrl2_strongavg_mt.o(i.SiBaselineDoorctrl2MtStrongAvgNodeInit)
</UL>
<P><STRONG><a name="[4a]"></a>SiBaselineDoorctrl2MtStrongAvgRun</STRONG> (Thumb, 672 bytes, Stack size 64 bytes, si_baseline_doorctrl2_strongavg_mt.o(i.SiBaselineDoorctrl2MtStrongAvgRun))
<BR><BR>[Stack]<UL><LI>Max Depth = 92<LI>Call Chain = SiBaselineDoorctrl2MtStrongAvgRun &rArr; __aeabi_idivmod &rArr; __aeabi_uidivmod
</UL>
<BR>[Calls]<UL><LI><a href="#[174]">&gt;&gt;</a>&nbsp;&nbsp;&nbsp;SmartDiffSiValue
<LI><a href="#[171]">&gt;&gt;</a>&nbsp;&nbsp;&nbsp;SiIAbs
<LI><a href="#[58]">&gt;&gt;</a>&nbsp;&nbsp;&nbsp;__aeabi_idivmod
</UL>
<BR>[Address Reference Count : 1]<UL><LI> si_baseline_doorctrl2_strongavg_mt.o(i.SiBaselineDoorctrl2MtStrongAvgNodeInit)
</UL>
<P><STRONG><a name="[48]"></a>SiBaselineDoorctrl2MtStrongAvgSet</STRONG> (Thumb, 38 bytes, Stack size 12 bytes, si_baseline_doorctrl2_strongavg_mt.o(i.SiBaselineDoorctrl2MtStrongAvgSet))
<BR><BR>[Stack]<UL><LI>Max Depth = 12<LI>Call Chain = SiBaselineDoorctrl2MtStrongAvgSet
</UL>
<BR>[Address Reference Count : 1]<UL><LI> si_baseline_doorctrl2_strongavg_mt.o(i.SiBaselineDoorctrl2MtStrongAvgNodeInit)
</UL>
<P><STRONG><a name="[51]"></a>SiNoiseFastVarianceInit</STRONG> (Thumb, 50 bytes, Stack size 8 bytes, si_noise_fast_variance.o(i.SiNoiseFastVarianceInit))
<BR><BR>[Stack]<UL><LI>Max Depth = 8<LI>Call Chain = SiNoiseFastVarianceInit
</UL>
<BR>[Calls]<UL><LI><a href="#[a8]">&gt;&gt;</a>&nbsp;&nbsp;&nbsp;__aeabi_memclr4
<LI><a href="#[5a]">&gt;&gt;</a>&nbsp;&nbsp;&nbsp;__aeabi_memclr
</UL>
<BR>[Address Reference Count : 1]<UL><LI> si_noise_fast_variance.o(i.SiNoiseFastVarianceNodeInit)
</UL>
<P><STRONG><a name="[52]"></a>SiNoiseFastVarianceReset</STRONG> (Thumb, 44 bytes, Stack size 16 bytes, si_noise_fast_variance.o(i.SiNoiseFastVarianceReset))
<BR><BR>[Stack]<UL><LI>Max Depth = 16<LI>Call Chain = SiNoiseFastVarianceReset
</UL>
<BR>[Calls]<UL><LI><a href="#[177]">&gt;&gt;</a>&nbsp;&nbsp;&nbsp;SiInitFastNoise
</UL>
<BR>[Address Reference Count : 1]<UL><LI> si_noise_fast_variance.o(i.SiNoiseFastVarianceNodeInit)
</UL>
<P><STRONG><a name="[53]"></a>SiNoiseFastVarianceRun</STRONG> (Thumb, 294 bytes, Stack size 48 bytes, si_noise_fast_variance.o(i.SiNoiseFastVarianceRun))
<BR><BR>[Stack]<UL><LI>Max Depth = 116<LI>Call Chain = SiNoiseFastVarianceRun &rArr; SiCalcFastNoise &rArr; __aeabi_fadd &rArr; _float_epilogue
</UL>
<BR>[Calls]<UL><LI><a href="#[63]">&gt;&gt;</a>&nbsp;&nbsp;&nbsp;__aeabi_i2f
<LI><a href="#[17c]">&gt;&gt;</a>&nbsp;&nbsp;&nbsp;__aeabi_f2iz
<LI><a href="#[177]">&gt;&gt;</a>&nbsp;&nbsp;&nbsp;SiInitFastNoise
<LI><a href="#[176]">&gt;&gt;</a>&nbsp;&nbsp;&nbsp;SiGetFastNoise
<LI><a href="#[175]">&gt;&gt;</a>&nbsp;&nbsp;&nbsp;SiCalcFastNoise
</UL>
<BR>[Address Reference Count : 1]<UL><LI> si_noise_fast_variance.o(i.SiNoiseFastVarianceNodeInit)
</UL>
<P><STRONG><a name="[4f]"></a>SiNoiseExitConditionFastVarianceReset</STRONG> (Thumb, 22 bytes, Stack size 8 bytes, si_noise_exit_fast_variance.o(i.SiNoiseExitConditionFastVarianceReset))
<BR><BR>[Stack]<UL><LI>Max Depth = 8<LI>Call Chain = SiNoiseExitConditionFastVarianceReset
</UL>
<BR>[Calls]<UL><LI><a href="#[177]">&gt;&gt;</a>&nbsp;&nbsp;&nbsp;SiInitFastNoise
</UL>
<BR>[Address Reference Count : 1]<UL><LI> si_noise_exit_fast_variance.o(i.SiNoiseExitConditionFastVarianceInit)
</UL>
<P><STRONG><a name="[50]"></a>SiNoiseExitConditionFastVarianceRun</STRONG> (Thumb, 166 bytes, Stack size 24 bytes, si_noise_exit_fast_variance.o(i.SiNoiseExitConditionFastVarianceRun))
<BR><BR>[Stack]<UL><LI>Max Depth = 92<LI>Call Chain = SiNoiseExitConditionFastVarianceRun &rArr; SiCalcFastNoise &rArr; __aeabi_fadd &rArr; _float_epilogue
</UL>
<BR>[Calls]<UL><LI><a href="#[63]">&gt;&gt;</a>&nbsp;&nbsp;&nbsp;__aeabi_i2f
<LI><a href="#[17c]">&gt;&gt;</a>&nbsp;&nbsp;&nbsp;__aeabi_f2iz
<LI><a href="#[177]">&gt;&gt;</a>&nbsp;&nbsp;&nbsp;SiInitFastNoise
<LI><a href="#[176]">&gt;&gt;</a>&nbsp;&nbsp;&nbsp;SiGetFastNoise
<LI><a href="#[175]">&gt;&gt;</a>&nbsp;&nbsp;&nbsp;SiCalcFastNoise
</UL>
<BR>[Address Reference Count : 1]<UL><LI> si_noise_exit_fast_variance.o(i.SiNoiseExitConditionFastVarianceInit)
</UL>
<P><STRONG><a name="[44]"></a>SiArbiterFreq10DoorctrlBaselineLocked</STRONG> (Thumb, 92 bytes, Stack size 16 bytes, si_arbiter_freq10doorctrl.o(i.SiArbiterFreq10DoorctrlBaselineLocked))
<BR><BR>[Stack]<UL><LI>Max Depth = 16<LI>Call Chain = SiArbiterFreq10DoorctrlBaselineLocked
</UL>
<BR>[Address Reference Count : 1]<UL><LI> si_arbiter_freq10doorctrl.o(i.SiArbiterFreq10DoorctrlNodeInit)
</UL>
<P><STRONG><a name="[45]"></a>SiArbiterFreq10DoorctrlCanEnterHalt</STRONG> (Thumb, 64 bytes, Stack size 20 bytes, si_arbiter_freq10doorctrl.o(i.SiArbiterFreq10DoorctrlCanEnterHalt))
<BR><BR>[Stack]<UL><LI>Max Depth = 20<LI>Call Chain = SiArbiterFreq10DoorctrlCanEnterHalt
</UL>
<BR>[Address Reference Count : 1]<UL><LI> si_arbiter_freq10doorctrl.o(i.SiArbiterFreq10DoorctrlNodeInit)
</UL>
<P><STRONG><a name="[42]"></a>SiArbiterFreq10DoorctrlInit</STRONG> (Thumb, 16 bytes, Stack size 8 bytes, si_arbiter_freq10doorctrl.o(i.SiArbiterFreq10DoorctrlInit))
<BR><BR>[Stack]<UL><LI>Max Depth = 8<LI>Call Chain = SiArbiterFreq10DoorctrlInit
</UL>
<BR>[Calls]<UL><LI><a href="#[a8]">&gt;&gt;</a>&nbsp;&nbsp;&nbsp;__aeabi_memclr4
</UL>
<BR>[Address Reference Count : 1]<UL><LI> si_arbiter_freq10doorctrl.o(i.SiArbiterFreq10DoorctrlNodeInit)
</UL>
<P><STRONG><a name="[43]"></a>SiArbiterFreq10DoorctrlReset</STRONG> (Thumb, 50 bytes, Stack size 16 bytes, si_arbiter_freq10doorctrl.o(i.SiArbiterFreq10DoorctrlReset))
<BR><BR>[Stack]<UL><LI>Max Depth = 16<LI>Call Chain = SiArbiterFreq10DoorctrlReset
</UL>
<BR>[Address Reference Count : 1]<UL><LI> si_arbiter_freq10doorctrl.o(i.SiArbiterFreq10DoorctrlNodeInit)
</UL>
<P><STRONG><a name="[46]"></a>SiArbiterFreq10DoorctrlRun</STRONG> (Thumb, 1586 bytes, Stack size 112 bytes, si_arbiter_freq10doorctrl.o(i.SiArbiterFreq10DoorctrlRun))
<BR><BR>[Stack]<UL><LI>Max Depth = 228<LI>Call Chain = SiArbiterFreq10DoorctrlRun &rArr; SiRunQuickUnlockBaseline &rArr; SiCalcFastNoise &rArr; __aeabi_fadd &rArr; _float_epilogue
</UL>
<BR>[Calls]<UL><LI><a href="#[63]">&gt;&gt;</a>&nbsp;&nbsp;&nbsp;__aeabi_i2f
<LI><a href="#[178]">&gt;&gt;</a>&nbsp;&nbsp;&nbsp;__aeabi_cfrcmple
<LI><a href="#[17a]">&gt;&gt;</a>&nbsp;&nbsp;&nbsp;__ARM_common_switch8
<LI><a href="#[179]">&gt;&gt;</a>&nbsp;&nbsp;&nbsp;SiRunQuickUnlockBaseline
<LI><a href="#[177]">&gt;&gt;</a>&nbsp;&nbsp;&nbsp;SiInitFastNoise
<LI><a href="#[176]">&gt;&gt;</a>&nbsp;&nbsp;&nbsp;SiGetFastNoise
<LI><a href="#[175]">&gt;&gt;</a>&nbsp;&nbsp;&nbsp;SiCalcFastNoise
<LI><a href="#[174]">&gt;&gt;</a>&nbsp;&nbsp;&nbsp;SmartDiffSiValue
<LI><a href="#[58]">&gt;&gt;</a>&nbsp;&nbsp;&nbsp;__aeabi_idivmod
</UL>
<BR>[Address Reference Count : 1]<UL><LI> si_arbiter_freq10doorctrl.o(i.SiArbiterFreq10DoorctrlNodeInit)
</UL>
<P><STRONG><a name="[179]"></a>SiRunQuickUnlockBaseline</STRONG> (Thumb, 232 bytes, Stack size 48 bytes, si_arbiter_freq10doorctrl.o(i.SiRunQuickUnlockBaseline))
<BR><BR>[Stack]<UL><LI>Max Depth = 116<LI>Call Chain = SiRunQuickUnlockBaseline &rArr; SiCalcFastNoise &rArr; __aeabi_fadd &rArr; _float_epilogue
</UL>
<BR>[Calls]<UL><LI><a href="#[63]">&gt;&gt;</a>&nbsp;&nbsp;&nbsp;__aeabi_i2f
<LI><a href="#[17c]">&gt;&gt;</a>&nbsp;&nbsp;&nbsp;__aeabi_f2iz
<LI><a href="#[177]">&gt;&gt;</a>&nbsp;&nbsp;&nbsp;SiInitFastNoise
<LI><a href="#[176]">&gt;&gt;</a>&nbsp;&nbsp;&nbsp;SiGetFastNoise
<LI><a href="#[175]">&gt;&gt;</a>&nbsp;&nbsp;&nbsp;SiCalcFastNoise
</UL>
<BR>[Called By]<UL><LI><a href="#[46]">&gt;&gt;</a>&nbsp;&nbsp;&nbsp;SiArbiterFreq10DoorctrlRun
</UL>

<P><STRONG><a name="[54]"></a>SchedulerBalance</STRONG> (Thumb, 248 bytes, Stack size 32 bytes, si_scheduler.o(i.SchedulerBalance))
<BR><BR>[Stack]<UL><LI>Max Depth = 120<LI>Call Chain = SchedulerBalance &rArr; NoiseDetectRun &rArr; SiNoiseIsMatch &rArr; SiFilterResetAll
</UL>
<BR>[Calls]<UL><LI><a href="#[172]">&gt;&gt;</a>&nbsp;&nbsp;&nbsp;NoiseDetectRun
</UL>
<BR>[Address Reference Count : 1]<UL><LI> si_scheduler.o(.constdata)
</UL>
<P><STRONG><a name="[55]"></a>SchedulerLowpower</STRONG> (Thumb, 264 bytes, Stack size 40 bytes, si_scheduler.o(i.SchedulerLowpower))
<BR><BR>[Stack]<UL><LI>Max Depth = 128<LI>Call Chain = SchedulerLowpower &rArr; NoiseDetectRun &rArr; SiNoiseIsMatch &rArr; SiFilterResetAll
</UL>
<BR>[Calls]<UL><LI><a href="#[172]">&gt;&gt;</a>&nbsp;&nbsp;&nbsp;NoiseDetectRun
</UL>
<BR>[Address Reference Count : 1]<UL><LI> si_scheduler.o(.constdata)
</UL>
<P><STRONG><a name="[56]"></a>SchedulerSlice</STRONG> (Thumb, 296 bytes, Stack size 24 bytes, si_scheduler.o(i.SchedulerSlice))
<BR><BR>[Stack]<UL><LI>Max Depth = 112<LI>Call Chain = SchedulerSlice &rArr; NoiseDetectRun &rArr; SiNoiseIsMatch &rArr; SiFilterResetAll
</UL>
<BR>[Calls]<UL><LI><a href="#[172]">&gt;&gt;</a>&nbsp;&nbsp;&nbsp;NoiseDetectRun
</UL>
<BR>[Address Reference Count : 1]<UL><LI> si_scheduler.o(.constdata)
</UL><P>
<H3>
Undefined Global Symbols
</H3><HR></body></html>
