Component: ARM Compiler 6.13.1 Tool: armlink [5d895400]

==============================================================================

Section Cross References

    startup_tcae10.o(RESET) refers to startup_tcae10.o(STACK) for __initial_sp
    startup_tcae10.o(RESET) refers to startup_tcae10.o(.text) for Reset_Handler
    startup_tcae10.o(RESET) refers to tcae10_ll_cortex.o(.text.NMI_Handler) for NMI_Handler
    startup_tcae10.o(RESET) refers to tcae10_ll_cortex.o(.text.HardFault_Handler) for HardFault_Handler
    startup_tcae10.o(RESET) refers to tc_port.o(.text.SysTick_Handler) for SysTick_Handler
    startup_tcae10.o(RESET) refers to tcae10_ll_flash.o(.text.FLASH_IRQHandler) for FLASH_IRQHandler
    startup_tcae10.o(RESET) refers to tcae10_ll_adc.o(.text.ADC_IRQHandler) for ADC_IRQHandler
    startup_tcae10.o(RESET) refers to tc_halt.o(.text.TIMER_IRQHandler) for TIMER_IRQHandler
    startup_tcae10.o(RESET) refers to tcae10_ll_sci.o(.text.SCI_IRQHandler) for SCI_IRQHandler
    startup_tcae10.o(RESET) refers to lin_task.o(.text.AON_IRQHandler) for AON_IRQHandler
    startup_tcae10.o(RESET) refers to si_touch_port.o(.text.TOUCH_IRQHandler) for TOUCH_IRQHandler
    startup_tcae10.o(RESET) refers to tcae10_ll_sci.o(.text.UART_IRQHandler) for UART_IRQHandler
    startup_tcae10.o(.text) refers to system_tcae10.o(.text.SystemInit) for SystemInit
    startup_tcae10.o(.text) refers to app.o(.text.TcMain) for TcMain
    system_tcae10.o(.text.CopyDataRWtoImage) refers to memcpya.o(.text) for __aeabi_memcpy4
    system_tcae10.o(.ARM.exidx.text.CopyDataRWtoImage) refers to system_tcae10.o(.text.CopyDataRWtoImage) for [Anonymous Symbol]
    system_tcae10.o(.text.SystemGetHClkFreq) refers to uidiv.o(.text) for __aeabi_uidiv
    system_tcae10.o(.ARM.exidx.text.SystemGetHClkFreq) refers to system_tcae10.o(.text.SystemGetHClkFreq) for [Anonymous Symbol]
    system_tcae10.o(.text.sys_hclk_freq_get) refers to uidiv.o(.text) for __aeabi_uidiv
    system_tcae10.o(.ARM.exidx.text.sys_hclk_freq_get) refers to system_tcae10.o(.text.sys_hclk_freq_get) for [Anonymous Symbol]
    system_tcae10.o(.text.sys_pclk_freq_get) refers to uidiv.o(.text) for __aeabi_uidiv
    system_tcae10.o(.ARM.exidx.text.sys_pclk_freq_get) refers to system_tcae10.o(.text.sys_pclk_freq_get) for [Anonymous Symbol]
    system_tcae10.o(.text.SystemCoreClockUpdate) refers to uidiv.o(.text) for __aeabi_uidiv
    system_tcae10.o(.text.SystemCoreClockUpdate) refers to system_tcae10.o(.data.SystemCoreClock) for SystemCoreClock
    system_tcae10.o(.ARM.exidx.text.SystemCoreClockUpdate) refers to system_tcae10.o(.text.SystemCoreClockUpdate) for [Anonymous Symbol]
    system_tcae10.o(.ARM.exidx.text.CopyAnalogTrimValue) refers to system_tcae10.o(.text.CopyAnalogTrimValue) for [Anonymous Symbol]
    system_tcae10.o(.text.SystemAnlogTrim) refers to system_tcae10.o(.text.CopyAnalogTrimValue) for CopyAnalogTrimValue
    system_tcae10.o(.ARM.exidx.text.SystemAnlogTrim) refers to system_tcae10.o(.text.SystemAnlogTrim) for [Anonymous Symbol]
    system_tcae10.o(.ARM.exidx.text.System_HclkConfig) refers to system_tcae10.o(.text.System_HclkConfig) for [Anonymous Symbol]
    system_tcae10.o(.text.SystemInit) refers to memcpya.o(.text) for __aeabi_memcpy4
    system_tcae10.o(.text.SystemInit) refers to uidiv.o(.text) for __aeabi_uidiv
    system_tcae10.o(.text.SystemInit) refers to system_tcae10.o(.text.CopyAnalogTrimValue) for CopyAnalogTrimValue
    system_tcae10.o(.text.SystemInit) refers to system_tcae10.o(.data.SystemCoreClock) for SystemCoreClock
    system_tcae10.o(.ARM.exidx.text.SystemInit) refers to system_tcae10.o(.text.SystemInit) for [Anonymous Symbol]
    tcae10_ll_uart.o(.ARM.exidx.text.ll_uart_deinit) refers to tcae10_ll_uart.o(.text.ll_uart_deinit) for [Anonymous Symbol]
    tcae10_ll_uart.o(.text.ll_uart_init) refers to system_tcae10.o(.text.SystemGetHClkFreq) for SystemGetHClkFreq
    tcae10_ll_uart.o(.text.ll_uart_init) refers to uidiv.o(.text) for __aeabi_uidiv
    tcae10_ll_uart.o(.ARM.exidx.text.ll_uart_init) refers to tcae10_ll_uart.o(.text.ll_uart_init) for [Anonymous Symbol]
    tcae10_ll_uart.o(.ARM.exidx.text.ll_uart_sendbyte) refers to tcae10_ll_uart.o(.text.ll_uart_sendbyte) for [Anonymous Symbol]
    tcae10_ll_uart.o(.ARM.exidx.text.ll_uart_senddata) refers to tcae10_ll_uart.o(.text.ll_uart_senddata) for [Anonymous Symbol]
    tcae10_ll_uart.o(.text.ll_uart_set_printpin) refers to tcae10_ll_gpio.o(.text.ll_gpio_afio_config) for ll_gpio_afio_config
    tcae10_ll_uart.o(.ARM.exidx.text.ll_uart_set_printpin) refers to tcae10_ll_uart.o(.text.ll_uart_set_printpin) for [Anonymous Symbol]
    tcae10_ll_gpio.o(.ARM.exidx.text.ll_gpio_deinit) refers to tcae10_ll_gpio.o(.text.ll_gpio_deinit) for [Anonymous Symbol]
    tcae10_ll_gpio.o(.text.ll_gpio_init) refers to uidiv.o(.text) for __aeabi_uidivmod
    tcae10_ll_gpio.o(.ARM.exidx.text.ll_gpio_init) refers to tcae10_ll_gpio.o(.text.ll_gpio_init) for [Anonymous Symbol]
[...]
    setUDSNAD                                0x0000939d   Thumb Code    12  diagnosticiii.o(.text.setUDSNAD)
    store_manager_init                       0x00009665   Thumb Code     8  store_manager.o(.text.store_manager_init)
    store_slow_smart_read                    0x0000966d   Thumb Code   170  store_manager.o(.text.store_slow_smart_read)
    store_slow_write                         0x00009719   Thumb Code   344  store_manager.o(.text.store_slow_write)
    store_system_data_init                   0x00009871   Thumb Code    52  custom_diagnosticiii.o(.text.store_system_data_init)
    store_system_data_set                    0x000098a5   Thumb Code    24  store_manager.o(.text.store_system_data_set)
    sys_pclk_freq_get                        0x000098bd   Thumb Code    52  system_tcae10.o(.text.sys_pclk_freq_get)
    tl_get_raw                               0x000098f1   Thumb Code    90  lin_commontl_proto.o(.text.tl_get_raw)
    tl_put_raw                               0x0000994b   Thumb Code    86  lin_commontl_proto.o(.text.tl_put_raw)
    touch_haldispatchonlytouch_reset         0x00009ee3   Thumb Code    38  touch_haldispatch.o(.text.touch_haldispatchonlytouch_reset)
    uds_communction_control                  0x0000ae09   Thumb Code   196  custom_diagnosticiii.o(.text.uds_communction_control)
    uds_diagnostic_assign_NAD                0x0000af1d   Thumb Code   132  custom_diagnosticiii.o(.text.uds_diagnostic_assign_NAD)
    uds_diagnostic_clear_dtc_info            0x0000afa1   Thumb Code    48  custom_diagnosticiii.o(.text.uds_diagnostic_clear_dtc_info)
    uds_diagnostic_configword_remap_nad      0x0000afd1   Thumb Code   148  custom_diagnosticiii.o(.text.uds_diagnostic_configword_remap_nad)
    uds_diagnostic_dtc_control               0x0000b065   Thumb Code    80  custom_diagnosticiii.o(.text.uds_diagnostic_dtc_control)
    uds_diagnostic_readdata_by_id            0x0000b0b5   Thumb Code   288  custom_diagnosticiii.o(.text.uds_diagnostic_readdata_by_id)
    uds_diagnostic_rest                      0x0000b1d5   Thumb Code   220  custom_diagnosticiii.o(.text.uds_diagnostic_rest)
    uds_diagnostic_route_control             0x0000b2b1   Thumb Code   192  custom_diagnosticiii.o(.text.uds_diagnostic_route_control)
    uds_diagnostic_session_control           0x0000b371   Thumb Code   212  custom_diagnosticiii.o(.text.uds_diagnostic_session_control)
    uds_tester_present_control               0x0000b445   Thumb Code    60  custom_diagnosticiii.o(.text.uds_tester_present_control)
    CalcMinMaxAvg                            0x0000b799   Thumb Code    96  si_filter_tool.o(i.CalcMinMaxAvg)
    CalcNoiseAvoid                           0x0000b7fd   Thumb Code    72  si_filter_tool.o(i.CalcNoiseAvoid)
    NoiseDetectRun                           0x0000b845   Thumb Code   378  si_noise.o(i.NoiseDetectRun)
    SiAlgoInit                               0x0000bce7   Thumb Code    32  si_core.o(i.SiAlgoInit)
    SiAmpResetAll                            0x0000bd07   Thumb Code     4  si_amp.o(i.SiAmpResetAll)
    SiArbiterCanEnterHalt                    0x0000bd0b   Thumb Code    22  si_arbiter.o(i.SiArbiterCanEnterHalt)
    SiArbiterFreq10DoorctrlNodeInit          0x0000bdd1   Thumb Code    70  si_arbiter_freq10doorctrl.o(i.SiArbiterFreq10DoorctrlNodeInit)
    SiArbiterKeyMtAbsWkupNodeInit            0x0000c4c5   Thumb Code    60  si_arbiter_key_mt_abswkup.o(i.SiArbiterKeyMtAbsWkupNodeInit)
    SiArbiterReset                           0x0000c59d   Thumb Code    28  si_arbiter.o(i.SiArbiterReset)
    SiBaselineDoorctrl2MtStrongAvgNodeInit   0x0000c5e9   Thumb Code    82  si_baseline_doorctrl2_strongavg_mt.o(i.SiBaselineDoorctrl2MtStrongAvgNodeInit)
    SiBaselineKeyWkupQuickdropNodeInit       0x0000c96d   Thumb Code    84  si_baseline_wkup_quickdrop.o(i.SiBaselineKeyWkupQuickdropNodeInit)
    SiBaselineResetAll                       0x0000cbdf   Thumb Code    48  si_baseline.o(i.SiBaselineResetAll)
    SiBubbleSort                             0x0000cc0f   Thumb Code    74  si_tool.o(i.SiBubbleSort)
    SiCalcFastNoise                          0x0000cc59   Thumb Code    72  si_tool.o(i.SiCalcFastNoise)
    SiFilterExtDoorctrlNodeInit              0x0000ccd5   Thumb Code    68  si_filter_extdoorctrl.o(i.SiFilterExtDoorctrlNodeInit)
    SiFilterNoneNodeInit                     0x0000cf6d   Thumb Code    48  si_filter_none.o(i.SiFilterNoneNodeInit)
    SiFilterResetAll                         0x0000cfe3   Thumb Code    50  si_filter.o(i.SiFilterResetAll)
    SiGetFastNoise                           0x0000d015   Thumb Code    20  si_tool.o(i.SiGetFastNoise)
    SiIAbs                                   0x0000d029   Thumb Code     8  si_tool.o(i.SiIAbs)
    SiInitFastNoise                          0x0000d031   Thumb Code    10  si_tool.o(i.SiInitFastNoise)
    SiNoiseDetectRegister                    0x0000d03b   Thumb Code    40  si_noise.o(i.SiNoiseDetectRegister)
    SiNoiseExitConditionFastVarianceInit     0x0000d065   Thumb Code    62  si_noise_exit_fast_variance.o(i.SiNoiseExitConditionFastVarianceInit)
    SiNoiseIsDetect4                         0x0000d175   Thumb Code    32  si_noise.o(i.SiNoiseIsDetect4)
    SiNoiseIsMatch                           0x0000d195   Thumb Code   524  si_noise.o(i.SiNoiseIsMatch)
    SiNoiseLiteDiffNodeInit                  0x0000d3d9   Thumb Code    78  si_noise_lite_diff.o(i.SiNoiseLiteDiffNodeInit)
    SiNoiseObjectNodeInit                    0x0000d665   Thumb Code    40  si_core.o(i.SiNoiseObjectNodeInit)
    SiNoiseObjectRegister                    0x0000d68d   Thumb Code    44  si_core.o(i.SiNoiseObjectRegister)
    SiNoiseObjectSetStatus                   0x0000d6b9   Thumb Code     4  si_core.o(i.SiNoiseObjectSetStatus)
    SiObjectNodeInit                         0x0000d6bd   Thumb Code    82  si_core.o(i.SiObjectNodeInit)
    SiObjectRegister                         0x0000d70f   Thumb Code    84  si_core.o(i.SiObjectRegister)
    SiObjectSetParaAdjuster                  0x0000d763   Thumb Code     4  si_core.o(i.SiObjectSetParaAdjuster)
    SiObjectSetStatus                        0x0000d767   Thumb Code     4  si_core.o(i.SiObjectSetStatus)
    SiParaAdjusterAddBrother                 0x0000d76b   Thumb Code    26  si_para_adjuster.o(i.SiParaAdjusterAddBrother)
    SiParaAdjusterAddChild                   0x0000d785   Thumb Code    34  si_para_adjuster.o(i.SiParaAdjusterAddChild)
    SiParaAdjusterCompositeNodeInit          0x0000d7a9   Thumb Code    38  si_para_adjuster.o(i.SiParaAdjusterCompositeNodeInit)
    SiParaAdjusterCompositeRun               0x0000d7d5   Thumb Code    74  si_para_adjuster.o(i.SiParaAdjusterCompositeRun)
    SiParaAdjusterLeafNodeInit               0x0000d821   Thumb Code    44  si_para_adjuster.o(i.SiParaAdjusterLeafNodeInit)
    SiParaAdjusterLeafRun                    0x0000d851   Thumb Code    20  si_para_adjuster.o(i.SiParaAdjusterLeafRun)
    SiSetScheduler                           0x0000d955   Thumb Code    20  si_scheduler.o(i.SiSetScheduler)
    SmartDiffSiValue                         0x0000d96d   Thumb Code    32  si_tool.o(i.SmartDiffSiValue)
    __ARM_clz                                0x0000d98d   Thumb Code    46  depilogue.o(i.__ARM_clz)
    __ARM_common_switch8                     0x0000d9bb   Thumb Code    26  si_arbiter_freq10doorctrl.o(i.__ARM_common_switch8)
    calc_double_samp                         0x0000d9d5   Thumb Code    70  si_hal.o(i.calc_double_samp)
    calc_low_pass                            0x0000da1d   Thumb Code    74  si_hal.o(i.calc_low_pass)
    calc_noise_avoid                         0x0000da6d   Thumb Code    58  si_hal.o(i.calc_noise_avoid)
    SiFastDivTable                           0x0000dab4   Data         257  si_tool.o(.constdata)
    lin_diag_services_supported              0x0000de1a   Data          27  lin_cfg.o(.rodata.lin_diag_services_supported)
    lin_frame_tbl                            0x0000de38   Data         112  lin_cfg.o(.rodata.lin_frame_tbl)
    lin_max_frame_res_timeout_val            0x0000dea8   Data          16  lin_cfg.o(.rodata.lin_max_frame_res_timeout_val)
    num_frame_have_esignal                   0x0000ded2   Data           1  lin_cfg.o(.rodata.num_frame_have_esignal)
    product_id                               0x0000ded4   Data           6  lin_cfg.o(.rodata.product_id)
    sys_param_addr_map                       0x0000dedc   Data           8  store_manager.o(.rodata.sys_param_addr_map)
    Load$$RW_IRAM1$$Base                     0x0000dee8   Number         0  anon$$obj.o ABSOLUTE
    Image$$RW_IRAM1$$Base                    0x10000000   Number         0  anon$$obj.o ABSOLUTE
    flash_driver                             0x10000000   Data          66  tcae10_ll_flash.o(.ARM.__at_0x10000000)
    SiGetTimeMs                              0x10000044   Data           4  si_core.o(.data)
    SystemCoreClock                          0x10000048   Data           4  system_tcae10.o(.data.SystemCoreClock)
    TcSystick                                0x1000004c   Data           4  tc_port.o(.data.TcSystick)
    current_touch_trigadc                    0x100000f0   Data           4  touch_halnode.o(.data.current_touch_trigadc)
    g_pfFLASH_DRV_EraseSector                0x10000134   Data           4  tcae10_ll_flash.o(.data.g_pfFLASH_DRV_EraseSector)
    g_sys_cfgs                               0x10000138   Data          20  store_manager.o(.data.g_sys_cfgs)
    g_tpfFLASH_DRV_Program                   0x1000014c   Data           4  tcae10_ll_flash.o(.data.g_tpfFLASH_DRV_Program)
    lin_configuration_RAM                    0x10000152   Data           9  lin_cfg.o(.data.lin_configuration_RAM)
    lin_configuration_ROM                    0x1000015c   Data          18  lin_cfg.o(.data.lin_configuration_ROM)
    lin_configured_NAD                       0x1000016e   Data           1  lin_cfg.o(.data.lin_configured_NAD)
    lin_flag_handle_tbl                      0x1000016f   Data          10  lin_cfg.o(.data.lin_flag_handle_tbl)
    lin_initial_NAD                          0x10000179   Data           1  lin_cfg.o(.data.lin_initial_NAD)
    lin_pFrameBuf                            0x1000017a   Data          40  lin_cfg.o(.data.lin_pFrameBuf)
    lin_response_error_bit_offset            0x100001a2   Data           1  lin_cfg.o(.data.lin_response_error_bit_offset)
    lin_response_error_byte_offset           0x100001a4   Data           2  lin_cfg.o(.data.lin_response_error_byte_offset)
    lin_tl_rx_queue                          0x100001a8   Data          16  lin_cfg.o(.data.lin_tl_rx_queue)
    lin_tl_tx_queue                          0x100001b8   Data          16  lin_cfg.o(.data.lin_tl_tx_queue)
    session_mode                             0x100001d5   Data           1  custom_diagnosticiii.o(.data.session_mode)
    tl_service_status                        0x100001d7   Data           1  lin_cfg.o(.data.tl_service_status)
    Image$$RW_IRAM1$$ZI$$Base                0x100001d8   Number         0  anon$$obj.o ABSOLUTE
    LI0_response_error_signal                0x100001dd   Data           1  lin_cfg.o(.bss.LI0_response_error_signal)
    buffer_backup_data                       0x10000340   Data           8  lin_cfg.o(.bss.buffer_backup_data)
    currentTask                              0x1000034c   Data           4  tc.o(.bss.currentTask)
    current_touch_node                       0x10000354   Data           4  touch_halnode.o(.bss.current_touch_node)
    diagRxSize                               0x10000358   Data           1  custom_diagnosticiii.o(.bss.diagRxSize)
    diagnosticRxBuffer                       0x1000035c   Data          20  custom_diagnosticiii.o(.bss.diagnosticRxBuffer)
    diagnosticTxBuffer                       0x10000370   Data          66  custom_diagnosticiii.o(.bss.diagnosticTxBuffer)
    diagnostic_session_cnt                   0x100003b4   Data           4  custom_diagnosticiii.o(.bss.diagnostic_session_cnt)
    door_cmd                                 0x100003bc   Data           4  lin_frame.o(.bss.door_cmd)
    door_st                                  0x100003c0   Data          10  lin_frame.o(.bss.door_st)
    frame_index                              0x100003de   Data           1  lin_common_proto.o(.bss.frame_index)
    g_TcSystickIntCnt                        0x100003e4   Data           4  tc_port.o(.bss.g_TcSystickIntCnt)
    g_bUDSDataDumpFlag                       0x100003e8   Data           1  diagnosticiii.o(.bss.g_bUDSDataDumpFlag)
    g_bUDSReadLogInfo                        0x100003e9   Data           1  tc_log.o(.bss.g_bUDSReadLogInfo)
    g_config_word_state                      0x100003ea   Data           1  custom_diagnosticiii.o(.bss.g_config_word_state)
    g_dfu_info                               0x100003ec   Data          20  custom_diagnosticiii.o(.bss.g_dfu_info)
    g_ota_info                               0x10000400   Data           3  custom_diagnosticiii.o(.bss.g_ota_info)
    g_user_info                              0x10000404   Data           2  custom_diagnosticiii.o(.bss.g_user_info)
    idle_timeout_cnt                         0x10000420   Data           2  lin_process.o(.bss.idle_timeout_cnt)
    lin_cfg                                  0x10000900   Data          16  lin_process.o(.bss.lin_cfg)
    lin_diag_services_flag                   0x10000910   Data          27  lin_cfg.o(.bss.lin_diag_services_flag)
    lin_error                                0x1000092b   Data           1  lin_process.o(.bss.lin_error)
    lin_error_in_response                    0x1000092c   Data           1  lin_cfg.o(.bss.lin_error_in_response)
    lin_frame_flag_tbl                       0x1000092d   Data           7  lin_cfg.o(.bss.lin_frame_flag_tbl)
    lin_frame_updating_flag_tbl              0x10000934   Data           7  lin_cfg.o(.bss.lin_frame_updating_flag_tbl)
    lin_goto_sleep_flg                       0x1000093b   Data           1  lin_cfg.o(.bss.lin_goto_sleep_flg)
    lin_lld_response_buffer                  0x1000093c   Data          10  lin_cfg.o(.bss.lin_lld_response_buffer)
    lin_save_configuration_flg               0x10000948   Data           1  lin_cfg.o(.bss.lin_save_configuration_flg)
    lin_successful_transfer                  0x10000949   Data           1  lin_cfg.o(.bss.lin_successful_transfer)
    lin_word_status                          0x1000094a   Data           2  lin_cfg.o(.bss.lin_word_status)
    lock_failed_cnt                          0x1000094c   Data           2  custom_diagnosticiii.o(.bss.lock_failed_cnt)
    negResponseCode                          0x1000094e   Data           1  custom_diagnosticiii.o(.bss.negResponseCode)
    program_condition_check                  0x100009f4   Data           1  custom_diagnosticiii.o(.bss.program_condition_check)
    response_error                           0x10000a10   Data           1  lin_cfg.o(.bss.response_error)
    systickCallback                          0x10000a20   Data           8  tc_port.o(.bss.systickCallback)
    tl_check_timeout                         0x10000b2c   Data           2  lin_cfg.o(.bss.tl_check_timeout)
    tl_check_timeout_type                    0x10000b2e   Data           1  lin_cfg.o(.bss.tl_check_timeout_type)
    tl_diag_state                            0x10000b2f   Data           1  lin_cfg.o(.bss.tl_diag_state)
    tl_frame_counter                         0x10000b30   Data           1  lin_cfg.o(.bss.tl_frame_counter)
    tl_last_RSID                             0x10000b31   Data           1  lin_cfg.o(.bss.tl_last_RSID)
    tl_last_cfg_result                       0x10000b32   Data           1  lin_cfg.o(.bss.tl_last_cfg_result)
    tl_ld_error_code                         0x10000b33   Data           1  lin_cfg.o(.bss.tl_ld_error_code)
    tl_no_of_pdu                             0x10000b34   Data           1  lin_cfg.o(.bss.tl_no_of_pdu)
    tl_receive_msg_status                    0x10000b35   Data           1  lin_cfg.o(.bss.tl_receive_msg_status)
    tl_rx_msg_index                          0x10000b36   Data           2  lin_cfg.o(.bss.tl_rx_msg_index)
    tl_rx_msg_size                           0x10000b38   Data           2  lin_cfg.o(.bss.tl_rx_msg_size)
    tl_rx_msg_status                         0x10000b3a   Data           1  lin_cfg.o(.bss.tl_rx_msg_status)
    tl_rx_queue_data                         0x10000b3b   Data         160  lin_cfg.o(.bss.tl_rx_queue_data)
    tl_slaveresp_cnt                         0x10000bdb   Data           1  lin_cfg.o(.bss.tl_slaveresp_cnt)
    tl_tx_msg_index                          0x10000bdc   Data           2  lin_cfg.o(.bss.tl_tx_msg_index)
    tl_tx_msg_size                           0x10000bde   Data           2  lin_cfg.o(.bss.tl_tx_msg_size)
    tl_tx_msg_status                         0x10000be0   Data           1  lin_cfg.o(.bss.tl_tx_msg_status)
    tl_tx_queue_data                         0x10000be1   Data         160  lin_cfg.o(.bss.tl_tx_queue_data)
    touchAlgoObject                          0x10000c84   Data          32  touch_haldispatch.o(.bss.touchAlgoObject)
    touchDispatch                            0x10000ca4   Data           4  si_touch_port.o(.bss.touchDispatch)
    touchHaltMonitorCnt                      0x10000ca8   Data           2  touch_haldispatch.o(.bss.touchHaltMonitorCnt)
    touchHaltRtcTrigFlag                     0x10000caa   Data           1  tc_halt.o(.bss.touchHaltRtcTrigFlag)
    touchTaskHandle                          0x10000cac   Data           4  si_touch_port.o(.bss.touchTaskHandle)
    touch_data                               0x10000cb0   Data          28  custom_diagnosticiii.o(.bss.touch_data)
    unlock_failed_store_flag                 0x10000ccc   Data           1  custom_diagnosticiii.o(.bss.unlock_failed_store_flag)
    Image$$RW_IRAM1$$ZI$$Limit               0x10000fd0   Number         0  anon$$obj.o ABSOLUTE
    __initial_sp                             0x10000fd0   Data           0  startup_tcae10.o(STACK)



==============================================================================

Memory Map of the image

  Image Entry point : 0x000041c1

  Load Region LR_IROM1 (Base: 0x00004100, Size: 0x00009fc0, Max: 0x0000b800, ABSOLUTE)

    Execution Region ER_IROM1 (Exec base: 0x00004100, Load base: 0x00004100, Size: 0x00009de4, Max: 0x0000b800, ABSOLUTE)

    Exec Addr    Load Addr    Size         Type   Attr      Idx    E Section Name        Object

    0x00004100   0x00004100   0x000000c0   Data   RO            3    RESET               startup_tcae10.o
    0x000041c0   0x000041c0   0x00000050   Code   RO            4  * .text               startup_tcae10.o
    0x00004210   0x00004210   0x0000002c   Code   RO         2882    .text               mc_p.l(uidiv.o)
    0x0000423c   0x0000423c   0x00000028   Code   RO         2884    .text               mc_p.l(idiv.o)
    0x00004264   0x00004264   0x00000024   Code   RO         2890    .text               mc_p.l(memcpya.o)
    0x00004288   0x00004288   0x00000024   Code   RO         2892    .text               mc_p.l(memseta.o)
    0x000042ac   0x000042ac   0x000000b2   Code   RO         2926    .text               mf_p.l(fadd.o)
    0x0000435e   0x0000435e   0x0000007a   Code   RO         2928    .text               mf_p.l(fmul.o)
    0x000043d8   0x000043d8   0x0000007c   Code   RO         2930    .text               mf_p.l(fdiv.o)
    0x00004454   0x00004454   0x00000164   Code   RO         2932    .text               mf_p.l(dadd.o)
    0x000045b8   0x000045b8   0x000000d0   Code   RO         2934    .text               mf_p.l(dmul.o)
    0x00004688   0x00004688   0x000000f0   Code   RO         2936    .text               mf_p.l(ddiv.o)
    0x00004778   0x00004778   0x00000016   Code   RO         2938    .text               mf_p.l(fflti.o)
    0x0000478e   0x0000478e   0x0000000e   Code   RO         2940    .text               mf_p.l(ffltui.o)
    0x0000479c   0x0000479c   0x00000028   Code   RO         2942    .text               mf_p.l(dflti.o)
    0x000047c4   0x000047c4   0x00000032   Code   RO         2944    .text               mf_p.l(ffixi.o)
    0x000047f6   0x000047f6   0x00000028   Code   RO         2948    .text               mf_p.l(f2d.o)
    0x0000481e   0x0000481e   0x00000038   Code   RO         2950    .text               mf_p.l(d2f.o)
    0x00004856   0x00004856   0x00000002   PAD
    0x00004858   0x00004858   0x00000014   Code   RO         2952    .text               mf_p.l(cfrcmple.o)
    0x0000486c   0x0000486c   0x00000020   Code   RO         2955    .text               mc_p.l(llshl.o)
    0x0000488c   0x0000488c   0x00000022   Code   RO         2957    .text               mc_p.l(llushr.o)
    0x000048ae   0x000048ae   0x00000026   Code   RO         2959    .text               mc_p.l(llsshr.o)
    0x000048d4   0x000048d4   0x00000000   Code   RO         2961    .text               mc_p.l(iusefp.o)
    0x000048d4   0x000048d4   0x00000082   Code   RO         2962    .text               mf_p.l(fepilogue.o)
    0x00004956   0x00004956   0x000000be   Code   RO         2964    .text               mf_p.l(depilogue.o)
    0x00004a14   0x00004a14   0x00000028   Code   RO          225    .text.ADC_IRQHandler  tcae10_ll_adc.o
    0x00004a3c   0x00004a3c   0x00000034   Code   RO          837    .text.AON_IRQHandler  lin_task.o
    0x00004a70   0x00004a70   0x00000054   Code   RO          657    .text.AppSetLinErrByNad  lin_frame.o
    0x00004ac4   0x00004ac4   0x0000013c   Code   RO          465    .text.AppTask       app.o
    0x00004c00   0x00004c00   0x0000000c   Code   RO          663    .text.App_LinControlMsg  lin_frame.o
    0x00004c0c   0x00004c0c   0x000000c0   Code   RO          661    .text.App_LinReceiveDoorState  lin_frame.o
    0x00004ccc   0x00004ccc   0x00000328   Code   RO          659    .text.App_LinSendDoorState  lin_frame.o
    0x00004ff4   0x00004ff4   0x00000018   Code   RO          253    .text.CapTouch_Enable  tcae10_ll_captouch.o
    0x0000500c   0x0000500c   0x0000005c   Code   RO          257    .text.CapTouch_Hopping  tcae10_ll_captouch.o
    0x00005068   0x00005068   0x00000010   Code   RO          247    .text.CapTouch_InterruptEnable  tcae10_ll_captouch.o
    0x00005078   0x00005078   0x000000e4   Code   RO           21    .text.CopyAnalogTrimValue  system_tcae10.o
    0x0000515c   0x0000515c   0x0000001c   Code   RO          516    .text.DoorCtrlNoiseDetectVarianceStatusChanged  touch_config.o
    0x00005178   0x00005178   0x00000078   Code   RO          463    .text.DoorGpioInit  app.o
    0x000051f0   0x000051f0   0x0000008c   Code   RO          349    .text.EnableNvic    tcae10_ll_cortex.o
    0x0000527c   0x0000527c   0x00000024   Code   RO          444    .text.FLASH_IRQHandler  tcae10_ll_flash.o
    0x000052a0   0x000052a0   0x00000008   Code   RO          769    .text.GetHaltMode   tc_halt.o
    0x000052a8   0x000052a8   0x0000001c   Code   RO          759    .text.HaltEnter     tc_halt.o
    0x000052c4   0x000052c4   0x0000001c   Code   RO          755    .text.HaltFilterWakeupRegister  tc_halt.o
    0x000052e0   0x000052e0   0x00000020   Code   RO          751    .text.HaltInit      tc_halt.o
    0x00005300   0x00005300   0x0000001c   Code   RO          765    .text.HaltMonitorRegister  tc_halt.o
    0x0000531c   0x0000531c   0x0000018c   Code   RO          753    .text.HaltTask      tc_halt.o
    0x000054a8   0x000054a8   0x00000014   Code   RO          761    .text.HaltTimeoutChgPeriod  tc_halt.o
    0x000054bc   0x000054bc   0x00000014   Code   RO          763    .text.HaltTimeoutReset  tc_halt.o
    0x000054d0   0x000054d0   0x0000001c   Code   RO          347    .text.HardFault_Handler  tcae10_ll_cortex.o
    0x000054ec   0x000054ec   0x0000005c   Code   RO          492    .text.IOtouchKeyArbiterHook1  touch_config.o
    0x00005548   0x00005548   0x00000068   Code   RO          496    .text.IOtouchKeyArbiterHook2  touch_config.o
    0x000055b0   0x000055b0   0x0000003c   Code   RO          518    .text.IOtouchKeyValueChanged  touch_config.o
    0x000055ec   0x000055ec   0x00000028   Code   RO          490    .text.IOtouchKeyValueChanged1  touch_config.o
    0x00005614   0x00005614   0x0000002c   Code   RO          494    .text.IOtouchKeyValueChanged2  touch_config.o
    0x00005640   0x00005640   0x00000002   Code   RO          498    .text.IOtouchLpKeyArbiterHook  touch_config.o
    0x00005642   0x00005642   0x00000002   PAD
    0x00005644   0x00005644   0x00000020   Code   RO          469    .text.LinCanEnterSleep  app.o
    0x00005664   0x00005664   0x00000070   Code   RO          722    .text.LinDiagnosticSessionCheck  custom_diagnosticiii.o
    0x000056d4   0x000056d4   0x00000014   Code   RO          839    .text.LinHaltFilterWakeupCallback  lin_task.o
    0x000056e8   0x000056e8   0x0000001c   Code   RO          841    .text.LinHaltMonitorCallback  lin_task.o
    0x00005704   0x00005704   0x00000020   Code   RO          821    .text.LinInit       lin_task.o
    0x00005724   0x00005724   0x0000018c   Code   RO          823    .text.LinTask       lin_task.o
    0x000058b0   0x000058b0   0x00000002   Code   RO          835    .text.LvdIRQHandler  lin_task.o
    0x000058b2   0x000058b2   0x00000002   PAD
    0x000058b4   0x000058b4   0x0000001c   Code   RO          345    .text.NMI_Handler   tcae10_ll_cortex.o
    0x000058d0   0x000058d0   0x0000003c   Code   RO          488    .text.NoiseDetectVarianceHook  touch_config.o
    0x0000590c   0x0000590c   0x0000002c   Code   RO          410    .text.SCI_IRQHandler  tcae10_ll_sci.o
    0x00005938   0x00005938   0x000000a4   Code   RO          459    .text.SetHwSwVersion  app.o
    0x000059dc   0x000059dc   0x00000018   Code   RO          724    .text.SysDoFlashRoutine27Service  custom_diagnosticiii.o
    0x000059f4   0x000059f4   0x0000003c   Code   RO         1146    .text.SysTick_Handler  tc_port.o
    0x00005a30   0x00005a30   0x00000014   Code   RO         1148    .text.SysTick_Switch  tc_port.o
    0x00005a44   0x00005a44   0x00000150   Code   RO           27    .text.SystemInit    system_tcae10.o
    0x00005b94   0x00005b94   0x00000008   Code   RO         1085    .text.TC_LOG_ClrRamBuffer  tc_log.o
    0x00005b9c   0x00005b9c   0x00000018   Code   RO         1083    .text.TC_LOG_GetRamBuffer  tc_log.o
    0x00005bb4   0x00005bb4   0x0000005c   Code   RO          773    .text.TIMER_IRQHandler  tc_halt.o
    0x00005c10   0x00005c10   0x00000064   Code   RO          973    .text.TOUCH_IRQHandler  si_touch_port.o
    0x00005c74   0x00005c74   0x00000044   Code   RO          461    .text.TcMain        app.o
    0x00005cb8   0x00005cb8   0x00000058   Code   RO         1138    .text.TcPortInit    tc_port.o
    0x00005d10   0x00005d10   0x00000028   Code   RO         1109    .text.TcTaskBroadcastHandleMsg  tc.o
    0x00005d38   0x00005d38   0x00000018   Code   RO         1107    .text.TcTaskClrAllMsg  tc.o
    0x00005d50   0x00005d50   0x00000008   Code   RO         1105    .text.TcTaskClrMsg  tc.o
    0x00005d58   0x00005d58   0x00000030   Code   RO         1101    .text.TcTaskCreate  tc.o
    0x00005d88   0x00005d88   0x00000100   Code   RO         1113    .text.TcTaskExec    tc.o
    0x00005e88   0x00005e88   0x0000001e   Code   RO         1103    .text.TcTaskSendMsg  tc.o
    0x00005ea6   0x00005ea6   0x00000002   PAD
    0x00005ea8   0x00005ea8   0x0000000c   Code   RO         1121    .text.TcTimerChgPeriod  tc.o
    0x00005eb4   0x00005eb4   0x00000008   Code   RO         1123    .text.TcTimerCntReset  tc.o
    0x00005ebc   0x00005ebc   0x00000030   Code   RO         1115    .text.TcTimerCreate  tc.o
    0x00005eec   0x00005eec   0x0000000c   Code   RO         1117    .text.TcTimerStart  tc.o
    0x00005ef8   0x00005ef8   0x00000006   Code   RO         1119    .text.TcTimerStop   tc.o
    0x00005efe   0x00005efe   0x00000002   PAD
    0x00005f00   0x00005f00   0x00000010   Code   RO         1142    .text.TcTimerTickHandler  tc_port.o
    0x00005f10   0x00005f10   0x00000340   Code   RO          486    .text.TouchConfig   touch_config.o
    0x00006250   0x00006250   0x00000008   Code   RO          967    .text.TouchEnableSamp  si_touch_port.o
    0x00006258   0x00006258   0x00000044   Code   RO          502    .text.TouchEnterHaltHook  touch_config.o
    0x0000629c   0x0000629c   0x00000008   Code   RO          969    .text.TouchForceWakeup  si_touch_port.o
    0x000062a4   0x000062a4   0x0000000c   Code   RO         1002    .text.TouchGetTime  touch_tool.o
    0x000062b0   0x000062b0   0x00000034   Code   RO          957    .text.TouchHaltFilterWakeupCallback  si_touch_port.o
    0x000062e4   0x000062e4   0x0000000c   Code   RO          506    .text.TouchHaltLockLpSiObject  touch_config.o
    0x000062f0   0x000062f0   0x00000024   Code   RO          510    .text.TouchHaltLockSiObject  touch_config.o
    0x00006314   0x00006314   0x0000002c   Code   RO          977    .text.TouchHaltMonitorCallback  si_touch_port.o
    0x00006340   0x00006340   0x00000010   Code   RO          508    .text.TouchHaltUnlockLpSiObject  touch_config.o
    0x00006350   0x00006350   0x00000028   Code   RO          512    .text.TouchHaltUnlockSiObject  touch_config.o
    0x00006378   0x00006378   0x0000004c   Code   RO          953    .text.TouchInit     si_touch_port.o
    0x000063c4   0x000063c4   0x00000020   Code   RO          467    .text.TouchKeyCallback  app.o
    0x000063e4   0x000063e4   0x000000a8   Code   RO         1000    .text.TouchRtcTrigConfig  touch_tool.o
    0x0000648c   0x0000648c   0x000000dc   Code   RO          955    .text.TouchTask     si_touch_port.o
    0x00006568   0x00006568   0x00000044   Code   RO          504    .text.TouchWakeupHook  touch_config.o
    0x000065ac   0x000065ac   0x00000058   Code   RO          928    .text.Touch_HalChargeCreate  touch_halnode.o
    0x00006604   0x00006604   0x00000130   Code   RO         1021    .text.Touch_HalDispatchOnlyTouchCreate  touch_haldispatch.o
    0x00006734   0x00006734   0x00000004   Code   RO          926    .text.Touch_HalInterface_SetReady  touch_halnode.o
    0x00006738   0x00006738   0x00000058   Code   RO          994    .text.Touch_IOConfig  touch_tool.o
    0x00006790   0x00006790   0x00000028   Code   RO          996    .text.Touch_IOEnable  touch_tool.o
    0x000067b8   0x000067b8   0x00000034   Code   RO          998    .text.Touch_Reset   touch_tool.o
    0x000067ec   0x000067ec   0x0000002c   Code   RO          412    .text.UART_IRQHandler  tcae10_ll_sci.o
    0x00006818   0x00006818   0x00000070   Code   RO          802    .text.WdgInit       misc.o
    0x00006888   0x00006888   0x00000060   Code   RO          909    .text.bit_invert_swap_func  utilities.o
    0x000068e8   0x000068e8   0x0000005e   Code   RO         1027    .text.center_filter_reset  touch_haldispatch.o
    0x00006946   0x00006946   0x00000002   PAD
    0x00006948   0x00006948   0x00000048   Code   RO          911    .text.crc16_calculate_func  utilities.o
    0x00006990   0x00006990   0x00000054   Code   RO          122    .text.delay1ms      tcae10_ll_delay.o
    0x000069e4   0x000069e4   0x00000044   Code   RO         1023    .text.double_samp_reset  touch_haldispatch.o
    0x00006a28   0x00006a28   0x00000058   Code   RO          682    .text.gsysinfo_save  custom_diagnosticiii.o
    0x00006a80   0x00006a80   0x0000004c   Code   RO          706    .text.guserinfo_save  custom_diagnosticiii.o
    0x00006acc   0x00006acc   0x00000008   Code   RO         2786    .text.l_ifc_init    linlib_seres.lib(lin_common_api.o)
    0x00006ad4   0x00006ad4   0x0000000a   Code   RO         2784    .text.l_sys_init    linlib_seres.lib(lin_common_api.o)
    0x00006ade   0x00006ade   0x00000002   PAD
    0x00006ae0   0x00006ae0   0x0000000c   Code   RO         2765    .text.ld_get_raw    linlib_seres.lib(lin_commontl_api.o)
    0x00006aec   0x00006aec   0x00000084   Code   RO         2761    .text.ld_init       linlib_seres.lib(lin_commontl_api.o)
    0x00006b70   0x00006b70   0x00000014   Code   RO         2763    .text.ld_put_raw    linlib_seres.lib(lin_commontl_api.o)
    0x00006b84   0x00006b84   0x00000020   Code   RO          597    .text.ld_read_by_id_callout  lin_cfg.o
    0x00006ba4   0x00006ba4   0x000000dc   Code   RO         2773    .text.ld_receive_message  linlib_seres.lib(lin_commontl_api.o)
    0x00006c80   0x00006c80   0x00000188   Code   RO         2771    .text.ld_send_message  linlib_seres.lib(lin_commontl_api.o)
    0x00006e08   0x00006e08   0x0000000c   Code   RO         2775    .text.ld_tx_status  linlib_seres.lib(lin_commontl_api.o)
    0x00006e14   0x00006e14   0x0000000c   Code   RO         2811    .text.lin_bus_activity_timeout  linlib_seres.lib(lin_common_proto.o)
    0x00006e20   0x00006e20   0x0000002c   Code   RO         2754    .text.lin_checksum  linlib_seres.lib(lin.o)
    0x00006e4c   0x00006e4c   0x0000000c   Code   RO         1178    .text.lin_current_rcvd_nad  diagnosticiii.o
    0x00006e58   0x00006e58   0x00000024   Code   RO          712    .text.lin_custom_diag_service_handle  custom_diagnosticiii.o
    0x00006e7c   0x00006e7c   0x00000038   Code   RO          720    .text.lin_customized_operation  custom_diagnosticiii.o
    0x00006eb4   0x00006eb4   0x00000078   Code   RO         1391    .text.lin_diag_assign_frame_id_range  sid_0xb7.o
    0x00006f2c   0x00006f2c   0x00000114   Code   RO         1337    .text.lin_diag_assign_frame_identifier  sid_0xb1.o
    0x00007040   0x00007040   0x00000058   Code   RO         1358    .text.lin_diag_conditional_change_nad  sid_0xb3.o
    0x00007098   0x00007098   0x00000002   Code   RO         1318    .text.lin_diag_get_traceability_msg  sid_0x32.o
    0x0000709a   0x0000709a   0x0000000e   Code   RO         1288    .text.lin_diag_io_control_by_identifier  sid_0x2f.o
    0x000070a8   0x000070a8   0x0000001a   Code   RO         1176    .text.lin_diag_negative_notify  diagnosticiii.o
    0x000070c2   0x000070c2   0x00000028   Code   RO         1174    .text.lin_diag_positive_notify  diagnosticiii.o
    0x000070ea   0x000070ea   0x00000002   PAD
    0x000070ec   0x000070ec   0x0000003c   Code   RO         1381    .text.lin_diag_save_configuration  sid_0xb6.o
    0x00007128   0x00007128   0x000000e4   Code   RO         1166    .text.lin_diag_service_handle  diagnosticiii.o
    0x0000720c   0x0000720c   0x00000008   Code   RO          716    .text.lin_diag_service_hook  custom_diagnosticiii.o
    0x00007214   0x00007214   0x000000c8   Code   RO         1327    .text.lin_diagservice_assign_nad  sid_0xb0.o
    0x000072dc   0x000072dc   0x00000104   Code   RO          714    .text.lin_diagservice_read_by_identifier  custom_diagnosticiii.o
    0x000073e0   0x000073e0   0x00000020   Code   RO         2815    .text.lin_get_frame_index  linlib_seres.lib(lin_common_proto.o)
    0x00007400   0x00007400   0x0000002c   Code   RO         1207    .text.lin_goto_idle_state  lin_process.o
    0x0000742c   0x0000742c   0x00000098   Code   RO         2813    .text.lin_handle_error  linlib_seres.lib(lin_common_proto.o)
    0x000074c4   0x000074c4   0x00000108   Code   RO          710    .text.lin_handle_uds  custom_diagnosticiii.o
    0x000075cc   0x000075cc   0x00000008   Code   RO         2744    .text.lin_lld_ignore_response  linlib_seres.lib(lin.o)
    0x000075d4   0x000075d4   0x0000000e   Code   RO         2730    .text.lin_lld_init  linlib_seres.lib(lin.o)
    0x000075e2   0x000075e2   0x00000002   PAD
    0x000075e4   0x000075e4   0x000002f8   Code   RO         1199    .text.lin_lld_isr_callback  lin_process.o
    0x000078dc   0x000078dc   0x0000000a   Code   RO         2750    .text.lin_lld_rx_response  linlib_seres.lib(lin.o)
    0x000078e6   0x000078e6   0x00000002   PAD
    0x000078e8   0x000078e8   0x00000008   Code   RO         1221    .text.lin_lld_sci_get_state  lin_process.o
    0x000078f0   0x000078f0   0x0000001c   Code   RO         1211    .text.lin_lld_sci_ignore_response  lin_process.o
    0x0000790c   0x0000790c   0x00000060   Code   RO         1229    .text.lin_lld_sci_init  lin_process.o
    0x0000796c   0x0000796c   0x0000000c   Code   RO         1237    .text.lin_lld_sci_rcv_break_cnt  lin_process.o
    0x00007978   0x00007978   0x00000044   Code   RO         1215    .text.lin_lld_sci_rx_response  lin_process.o
    0x000079bc   0x000079bc   0x00000018   Code   RO         1213    .text.lin_lld_sci_set_low_power_mode  lin_process.o
    0x000079d4   0x000079d4   0x00000130   Code   RO         1223    .text.lin_lld_sci_timeout  lin_process.o
    0x00007b04   0x00007b04   0x00000060   Code   RO         1217    .text.lin_lld_sci_tx_response  lin_process.o
    0x00007b64   0x00007b64   0x00000008   Code   RO         2746    .text.lin_lld_set_low_power_mode  linlib_seres.lib(lin.o)
    0x00007b6c   0x00007b6c   0x00000018   Code   RO         2748    .text.lin_lld_set_response  linlib_seres.lib(lin.o)
    0x00007b84   0x00007b84   0x00000002   Code   RO         1231    .text.lin_lld_timer_TCPL_init  lin_process.o
    0x00007b86   0x00007b86   0x00000008   Code   RO         2756    .text.lin_lld_timer_init  linlib_seres.lib(lin.o)
    0x00007b8e   0x00007b8e   0x00000002   PAD
    0x00007b90   0x00007b90   0x00000020   Code   RO         2878    .text.lin_make_res_evnt_frame  linlib_seres.lib(lin_lin21_proto.o)
    0x00007bb0   0x00007bb0   0x0000005a   Code   RO         2803    .text.lin_pid_response_callback_handler  linlib_seres.lib(lin_common_proto.o)
    0x00007c0a   0x00007c0a   0x00000002   Code   RO         1193    .text.lin_process_break_handle  lin_process.o
    0x00007c0c   0x00007c0c   0x00000010   Code   RO         1235    .text.lin_process_init  lin_process.o
    0x00007c1c   0x00007c1c   0x00000046   Code   RO         2752    .text.lin_process_parity  linlib_seres.lib(lin.o)
    0x00007c62   0x00007c62   0x00000002   PAD
    0x00007c64   0x00007c64   0x000000d8   Code   RO         2805    .text.lin_process_pid  linlib_seres.lib(lin_common_proto.o)
    0x00007d3c   0x00007d3c   0x00000074   Code   RO         2817    .text.lin_process_uncd_frame  linlib_seres.lib(lin_common_proto.o)
    0x00007db0   0x00007db0   0x00000002   Code   RO         1191    .text.lin_sci_baudrate_update  lin_process.o
    0x00007db2   0x00007db2   0x00000002   PAD
    0x00007db4   0x00007db4   0x00000068   Code   RO         2869    .text.lin_tl_attach_service  linlib_seres.lib(lin_commontl_proto.o)
    0x00007e1c   0x00007e1c   0x00000028   Code   RO         2863    .text.lin_tl_get_pdu  linlib_seres.lib(lin_commontl_proto.o)
    0x00007e44   0x00007e44   0x0000021c   Code   RO         2867    .text.lin_tl_handler  linlib_seres.lib(lin_commontl_proto.o)
    0x00008060   0x00008060   0x00000194   Code   RO         2861    .text.lin_tl_make_slaveres_pdu  linlib_seres.lib(lin_commontl_proto.o)
    0x000081f4   0x000081f4   0x00000002   Code   RO          833    .text.lin_uncd_frame_handle  lin_task.o
    0x000081f6   0x000081f6   0x00000002   PAD
    0x000081f8   0x000081f8   0x00000050   Code   RO         2876    .text.lin_update_err_signal  linlib_seres.lib(lin_lin21_proto.o)
    0x00008248   0x00008248   0x00000054   Code   RO         2809    .text.lin_update_rx  linlib_seres.lib(lin_common_proto.o)
    0x0000829c   0x0000829c   0x00000020   Code   RO         2821    .text.lin_update_rx_diag_frame  linlib_seres.lib(lin_common_proto.o)
    0x000082bc   0x000082bc   0x000000a0   Code   RO         2807    .text.lin_update_tx  linlib_seres.lib(lin_common_proto.o)
    0x0000835c   0x0000835c   0x00000060   Code   RO         2823    .text.lin_update_tx_flags  linlib_seres.lib(lin_common_proto.o)
    0x000083bc   0x000083bc   0x00000068   Code   RO         2874    .text.lin_update_word_status_lin21  linlib_seres.lib(lin_lin21_proto.o)
    0x00008424   0x00008424   0x0000005c   Code   RO          428    .text.ll_flash_erase  tcae10_ll_flash.o
    0x00008480   0x00008480   0x0000004c   Code   RO          430    .text.ll_flash_erase_reg_drv  tcae10_ll_flash.o
    0x000084cc   0x000084cc   0x000000b0   Code   RO          432    .text.ll_flash_read  tcae10_ll_flash.o
    0x0000857c   0x0000857c   0x00000078   Code   RO          434    .text.ll_flash_write  tcae10_ll_flash.o
    0x000085f4   0x000085f4   0x00000104   Code   RO          436    .text.ll_flash_write_reg_drv  tcae10_ll_flash.o
    0x000086f8   0x000086f8   0x00000020   Code   RO           74    .text.ll_gpio_afio_config  tcae10_ll_gpio.o
    0x00008718   0x00008718   0x00000188   Code   RO           60    .text.ll_gpio_init  tcae10_ll_gpio.o
    0x000088a0   0x000088a0   0x0000002c   Code   RO           64    .text.ll_gpio_output  tcae10_ll_gpio.o
    0x000088cc   0x000088cc   0x00000028   Code   RO          398    .text.ll_lin_auto_baudrate_read  tcae10_ll_sci.o
    0x000088f4   0x000088f4   0x0000002c   Code   RO          400    .text.ll_lin_baudrate_read  tcae10_ll_sci.o
    0x00008920   0x00008920   0x00000024   Code   RO          402    .text.ll_lin_ctrl_glben  tcae10_ll_sci.o
    0x00008944   0x00008944   0x00000028   Code   RO          394    .text.ll_lin_pid_read  tcae10_ll_sci.o
    0x0000896c   0x0000896c   0x00000030   Code   RO          396    .text.ll_lin_read_byte  tcae10_ll_sci.o
    0x0000899c   0x0000899c   0x00000044   Code   RO          390    .text.ll_lin_receive  tcae10_ll_sci.o
    0x000089e0   0x000089e0   0x000000bc   Code   RO          388    .text.ll_lin_transmit  tcae10_ll_sci.o
    0x00008a9c   0x00008a9c   0x00000060   Code   RO          162    .text.ll_lpm_mcu_enter  tcae10_ll_lpm.o
    0x00008afc   0x00008afc   0x000000f0   Code   RO          376    .text.ll_sci_baudrate_config  tcae10_ll_sci.o
    0x00008bec   0x00008bec   0x000001e8   Code   RO          374    .text.ll_sci_init   tcae10_ll_sci.o
    0x00008dd4   0x00008dd4   0x0000003c   Code   RO          378    .text.ll_sci_isr_enable  tcae10_ll_sci.o
    0x00008e10   0x00008e10   0x0000004c   Code   RO          364    .text.ll_sci_state_clear  tcae10_ll_sci.o
    0x00008e5c   0x00008e5c   0x0000008c   Code   RO          384    .text.ll_sci_transmit  tcae10_ll_sci.o
    0x00008ee8   0x00008ee8   0x00000020   Code   RO           97    .text.ll_syscfg_isr_enable  tcae10_ll_sys.o
    0x00008f08   0x00008f08   0x0000000c   Code   RO          101    .text.ll_syscfg_isr_get  tcae10_ll_sys.o
    0x00008f14   0x00008f14   0x00000028   Code   RO           91    .text.ll_syscfg_remap_config  tcae10_ll_sys.o
    0x00008f3c   0x00008f3c   0x00000044   Code   RO          274    .text.ll_timer_deinit  tcae10_ll_timer.o
    0x00008f80   0x00008f80   0x00000040   Code   RO           95    .text.ll_wakeup_init  tcae10_ll_sys.o
    0x00008fc0   0x00008fc0   0x0000001c   Code   RO          145    .text.ll_wdg_enable  tcae10_ll_wdg.o
    0x00008fdc   0x00008fdc   0x00000020   Code   RO          147    .text.ll_wdg_reload  tcae10_ll_wdg.o
    0x00008ffc   0x00008ffc   0x00000044   Code   RO         1029    .text.low_pass_reset  touch_haldispatch.o
    0x00009040   0x00009040   0x00000010   Code   RO         1004    .text.lpParaAdjusterSelectCallback  touch_tool.o
    0x00009050   0x00009050   0x00000074   Code   RO         1025    .text.noise_avoid_reset  touch_haldispatch.o
    0x000090c4   0x000090c4   0x0000001a   Code   RO         1435    .text.pal_lin_abort_handle  pal_lin_comm.o
    0x000090de   0x000090de   0x00000044   Code   RO         1439    .text.pal_lin_autobaudrate_check  pal_lin_comm.o
    0x00009122   0x00009122   0x00000002   PAD
    0x00009124   0x00009124   0x00000038   Code   RO         1421    .text.pal_lin_init  pal_lin_comm.o
    0x0000915c   0x0000915c   0x00000016   Code   RO         1437    .text.pal_lin_read_byte  pal_lin_comm.o
    0x00009172   0x00009172   0x00000008   Code   RO         1429    .text.pal_lin_rx_response  pal_lin_comm.o
    0x0000917a   0x0000917a   0x00000008   Code   RO         1431    .text.pal_lin_tx_4byte  pal_lin_comm.o
    0x00009182   0x00009182   0x0000000c   Code   RO         1433    .text.pal_lin_tx_response  pal_lin_comm.o
    0x0000918e   0x0000918e   0x00000002   PAD
    0x00009190   0x00009190   0x0000006c   Code   RO          861    .text.pal_store_data_get  pal_store.o
    0x000091fc   0x000091fc   0x00000030   Code   RO          859    .text.pal_store_data_set  pal_store.o
    0x0000922c   0x0000922c   0x0000000c   Code   RO          867    .text.pal_store_erase  pal_store.o
    0x00009238   0x00009238   0x0000000c   Code   RO          871    .text.pal_store_read  pal_store.o
    0x00009244   0x00009244   0x0000000c   Code   RO          869    .text.pal_store_write  pal_store.o
    0x00009250   0x00009250   0x000000ee   Code   RO         1051    .text.recalc_touchdata_insleep  touch_haldispatch.o
    0x0000933e   0x0000933e   0x00000002   PAD
    0x00009340   0x00009340   0x0000002c   Code   RO          676    .text.send_negative_response_message  custom_diagnosticiii.o
    0x0000936c   0x0000936c   0x00000030   Code   RO          678    .text.send_positive_response_message  custom_diagnosticiii.o
    0x0000939c   0x0000939c   0x0000000c   Code   RO         1172    .text.setUDSNAD     diagnosticiii.o
    0x000093a8   0x000093a8   0x00000082   Code   RO         1043    .text.set_all_ioenable  touch_haldispatch.o
    0x0000942a   0x0000942a   0x00000082   Code   RO         1045    .text.set_sleep_all_ioenable  touch_haldispatch.o
    0x000094ac   0x000094ac   0x000001b8   Code   RO         1047    .text.sleep_remove_residues_run  touch_haldispatch.o
    0x00009664   0x00009664   0x00000008   Code   RO         1454    .text.store_manager_init  store_manager.o
    0x0000966c   0x0000966c   0x000000aa   Code   RO         1468    .text.store_slow_smart_read  store_manager.o
    0x00009716   0x00009716   0x00000002   PAD
    0x00009718   0x00009718   0x00000158   Code   RO         1470    .text.store_slow_write  store_manager.o
    0x00009870   0x00009870   0x00000034   Code   RO          718    .text.store_system_data_init  custom_diagnosticiii.o
    0x000098a4   0x000098a4   0x00000018   Code   RO         1452    .text.store_system_data_set  store_manager.o
    0x000098bc   0x000098bc   0x00000034   Code   RO           17    .text.sys_pclk_freq_get  system_tcae10.o
    0x000098f0   0x000098f0   0x0000005a   Code   RO         2865    .text.tl_get_raw    linlib_seres.lib(lin_commontl_proto.o)
    0x0000994a   0x0000994a   0x00000056   Code   RO         2871    .text.tl_put_raw    linlib_seres.lib(lin_commontl_proto.o)
    0x000099a0   0x000099a0   0x00000088   Code   RO          940    .text.touch_charge_get_data  touch_halnode.o
    0x00009a28   0x00009a28   0x0000021c   Code   RO          930    .text.touch_charge_low_init  touch_halnode.o
    0x00009c44   0x00009c44   0x000000f0   Code   RO          932    .text.touch_charge_set_channel  touch_halnode.o
    0x00009d34   0x00009d34   0x0000011c   Code   RO          934    .text.touch_charge_set_gainer  touch_halnode.o
    0x00009e50   0x00009e50   0x0000000c   Code   RO          936    .text.touch_charge_set_ioenable  touch_halnode.o
    0x00009e5c   0x00009e5c   0x00000080   Code   RO          938    .text.touch_charge_trig  touch_halnode.o
    0x00009edc   0x00009edc   0x00000006   Code   RO         1039    .text.touch_haldispatchonlytouch_get_scaner  touch_haldispatch.o
    0x00009ee2   0x00009ee2   0x00000026   Code   RO         1037    .text.touch_haldispatchonlytouch_reset  touch_haldispatch.o
    0x00009f08   0x00009f08   0x00000424   Code   RO         1033    .text.touch_haldispatchonlytouch_run  touch_haldispatch.o
    0x0000a32c   0x0000a32c   0x000001c0   Code   RO         1031    .text.touch_haldispatchonlytouch_run_scanmany  touch_haldispatch.o
    0x0000a4ec   0x0000a4ec   0x000002f8   Code   RO         1049    .text.touch_haldispatchonlytouch_scanmany_channel  touch_haldispatch.o
    0x0000a7e4   0x0000a7e4   0x00000624   Code   RO         1035    .text.touch_haldispatchonlytouch_sleep_run  touch_haldispatch.o
    0x0000ae08   0x0000ae08   0x000000c4   Code   RO          690    .text.uds_communction_control  custom_diagnosticiii.o
    0x0000aecc   0x0000aecc   0x00000050   Code   RO          698    .text.uds_diag_DID_chk  custom_diagnosticiii.o
    0x0000af1c   0x0000af1c   0x00000084   Code   RO          708    .text.uds_diagnostic_assign_NAD  custom_diagnosticiii.o
    0x0000afa0   0x0000afa0   0x00000030   Code   RO          688    .text.uds_diagnostic_clear_dtc_info  custom_diagnosticiii.o
    0x0000afd0   0x0000afd0   0x00000094   Code   RO          704    .text.uds_diagnostic_configword_remap_nad  custom_diagnosticiii.o
    0x0000b064   0x0000b064   0x00000050   Code   RO          686    .text.uds_diagnostic_dtc_control  custom_diagnosticiii.o
    0x0000b0b4   0x0000b0b4   0x00000120   Code   RO          696    .text.uds_diagnostic_readdata_by_id  custom_diagnosticiii.o
    0x0000b1d4   0x0000b1d4   0x000000dc   Code   RO          694    .text.uds_diagnostic_rest  custom_diagnosticiii.o
    0x0000b2b0   0x0000b2b0   0x000000c0   Code   RO          684    .text.uds_diagnostic_route_control  custom_diagnosticiii.o
    0x0000b370   0x0000b370   0x000000d4   Code   RO          680    .text.uds_diagnostic_session_control  custom_diagnosticiii.o
    0x0000b444   0x0000b444   0x0000003c   Code   RO          692    .text.uds_tester_present_control  custom_diagnosticiii.o
    0x0000b480   0x0000b480   0x00000318   Code   RO          700    .text.user_read_data_by_id  custom_diagnosticiii.o
    0x0000b798   0x0000b798   0x00000064   Code   RO         1748    i.CalcMinMaxAvg     silib.lib(si_filter_tool.o)
    0x0000b7fc   0x0000b7fc   0x00000048   Code   RO         1750    i.CalcNoiseAvoid    silib.lib(si_filter_tool.o)
    0x0000b844   0x0000b844   0x0000017a   Code   RO         2000    i.NoiseDetectRun    silib.lib(si_noise.o)
    0x0000b9be   0x0000b9be   0x000000f8   Code   RO         2453    i.SchedulerBalance  silib.lib(si_scheduler.o)
    0x0000bab6   0x0000bab6   0x00000108   Code   RO         2454    i.SchedulerLowpower  silib.lib(si_scheduler.o)
    0x0000bbbe   0x0000bbbe   0x00000128   Code   RO         2455    i.SchedulerSlice    silib.lib(si_scheduler.o)
    0x0000bce6   0x0000bce6   0x00000020   Code   RO         2282    i.SiAlgoInit        silib.lib(si_core.o)
    0x0000bd06   0x0000bd06   0x00000004   Code   RO         2830    i.SiAmpResetAll     silib.lib(si_amp.o)
    0x0000bd0a   0x0000bd0a   0x00000016   Code   RO         2130    i.SiArbiterCanEnterHalt  silib.lib(si_arbiter.o)
    0x0000bd20   0x0000bd20   0x00000060   Code   RO         2222    i.SiArbiterFreq10DoorctrlBaselineLocked  silib.lib(si_arbiter_freq10doorctrl.o)
    0x0000bd80   0x0000bd80   0x00000040   Code   RO         2223    i.SiArbiterFreq10DoorctrlCanEnterHalt  silib.lib(si_arbiter_freq10doorctrl.o)
    0x0000bdc0   0x0000bdc0   0x00000010   Code   RO         2224    i.SiArbiterFreq10DoorctrlInit  silib.lib(si_arbiter_freq10doorctrl.o)
    0x0000bdd0   0x0000bdd0   0x0000005c   Code   RO         2225    i.SiArbiterFreq10DoorctrlNodeInit  silib.lib(si_arbiter_freq10doorctrl.o)
    0x0000be2c   0x0000be2c   0x00000032   Code   RO         2226    i.SiArbiterFreq10DoorctrlReset  silib.lib(si_arbiter_freq10doorctrl.o)
    0x0000be5e   0x0000be5e   0x00000002   PAD
    0x0000be60   0x0000be60   0x00000638   Code   RO         2227    i.SiArbiterFreq10DoorctrlRun  silib.lib(si_arbiter_freq10doorctrl.o)
    0x0000c498   0x0000c498   0x00000014   Code   RO         2175    i.SiArbiterKeyMtAbsWkupBaselineLocked  silib.lib(si_arbiter_key_mt_abswkup.o)
    0x0000c4ac   0x0000c4ac   0x00000012   Code   RO         2176    i.SiArbiterKeyMtAbsWkupCanEnterHalt  silib.lib(si_arbiter_key_mt_abswkup.o)
    0x0000c4be   0x0000c4be   0x00000004   Code   RO         2177    i.SiArbiterKeyMtAbsWkupInit  silib.lib(si_arbiter_key_mt_abswkup.o)
    0x0000c4c2   0x0000c4c2   0x00000002   PAD
    0x0000c4c4   0x0000c4c4   0x0000004c   Code   RO         2178    i.SiArbiterKeyMtAbsWkupNodeInit  silib.lib(si_arbiter_key_mt_abswkup.o)
    0x0000c510   0x0000c510   0x0000008c   Code   RO         2179    i.SiArbiterKeyMtAbsWkupRun  silib.lib(si_arbiter_key_mt_abswkup.o)
    0x0000c59c   0x0000c59c   0x0000001c   Code   RO         2132    i.SiArbiterReset    silib.lib(si_arbiter.o)
    0x0000c5b8   0x0000c5b8   0x00000030   Code   RO         1953    i.SiBaselineDoorctrl2MtStrongAvgInit  silib.lib(si_baseline_doorctrl2_strongavg_mt.o)
    0x0000c5e8   0x0000c5e8   0x00000064   Code   RO         1954    i.SiBaselineDoorctrl2MtStrongAvgNodeInit  silib.lib(si_baseline_doorctrl2_strongavg_mt.o)
    0x0000c64c   0x0000c64c   0x00000020   Code   RO         1955    i.SiBaselineDoorctrl2MtStrongAvgReset  silib.lib(si_baseline_doorctrl2_strongavg_mt.o)
    0x0000c66c   0x0000c66c   0x000002a8   Code   RO         1956    i.SiBaselineDoorctrl2MtStrongAvgRun  silib.lib(si_baseline_doorctrl2_strongavg_mt.o)
    0x0000c914   0x0000c914   0x00000026   Code   RO         1957    i.SiBaselineDoorctrl2MtStrongAvgSet  silib.lib(si_baseline_doorctrl2_strongavg_mt.o)
    0x0000c93a   0x0000c93a   0x00000030   Code   RO         1906    i.SiBaselineKeyWkupQuickdropInit  silib.lib(si_baseline_wkup_quickdrop.o)
    0x0000c96a   0x0000c96a   0x00000002   PAD
    0x0000c96c   0x0000c96c   0x00000064   Code   RO         1907    i.SiBaselineKeyWkupQuickdropNodeInit  silib.lib(si_baseline_wkup_quickdrop.o)
    0x0000c9d0   0x0000c9d0   0x00000022   Code   RO         1908    i.SiBaselineKeyWkupQuickdropReset  silib.lib(si_baseline_wkup_quickdrop.o)
    0x0000c9f2   0x0000c9f2   0x00000002   PAD
    0x0000c9f4   0x0000c9f4   0x000001c4   Code   RO         1909    i.SiBaselineKeyWkupQuickdropRun  silib.lib(si_baseline_wkup_quickdrop.o)
    0x0000cbb8   0x0000cbb8   0x00000026   Code   RO         1910    i.SiBaselineKeyWkupQuickdropSet  silib.lib(si_baseline_wkup_quickdrop.o)
    0x0000cbde   0x0000cbde   0x00000030   Code   RO         1863    i.SiBaselineResetAll  silib.lib(si_baseline.o)
    0x0000cc0e   0x0000cc0e   0x0000004a   Code   RO         2564    i.SiBubbleSort      silib.lib(si_tool.o)
    0x0000cc58   0x0000cc58   0x00000048   Code   RO         2565    i.SiCalcFastNoise   silib.lib(si_tool.o)
    0x0000cca0   0x0000cca0   0x00000004   Code   RO         1814    i.SiFilterExtDoorctrlExit  silib.lib(si_filter_extdoorctrl.o)
    0x0000cca4   0x0000cca4   0x0000002e   Code   RO         1815    i.SiFilterExtDoorctrlInit  silib.lib(si_filter_extdoorctrl.o)
    0x0000ccd2   0x0000ccd2   0x00000002   PAD
    0x0000ccd4   0x0000ccd4   0x00000054   Code   RO         1816    i.SiFilterExtDoorctrlNodeInit  silib.lib(si_filter_extdoorctrl.o)
    0x0000cd28   0x0000cd28   0x0000001e   Code   RO         1817    i.SiFilterExtDoorctrlReset  silib.lib(si_filter_extdoorctrl.o)
    0x0000cd46   0x0000cd46   0x00000002   PAD
    0x0000cd48   0x0000cd48   0x00000208   Code   RO         1818    i.SiFilterExtDoorctrlRun  silib.lib(si_filter_extdoorctrl.o)
    0x0000cf50   0x0000cf50   0x0000001c   Code   RO         1699    i.SiFilterNoneInit  silib.lib(si_filter_none.o)
    0x0000cf6c   0x0000cf6c   0x00000040   Code   RO         1700    i.SiFilterNoneNodeInit  silib.lib(si_filter_none.o)
    0x0000cfac   0x0000cfac   0x0000000c   Code   RO         1701    i.SiFilterNoneReset  silib.lib(si_filter_none.o)
    0x0000cfb8   0x0000cfb8   0x00000016   Code   RO         1702    i.SiFilterNoneRun   silib.lib(si_filter_none.o)
    0x0000cfce   0x0000cfce   0x00000014   Code   RO         1703    i.SiFilterNoneSet   silib.lib(si_filter_none.o)
    0x0000cfe2   0x0000cfe2   0x00000032   Code   RO         1486    i.SiFilterResetAll  silib.lib(si_filter.o)
    0x0000d014   0x0000d014   0x00000014   Code   RO         2569    i.SiGetFastNoise    silib.lib(si_tool.o)
    0x0000d028   0x0000d028   0x00000008   Code   RO         2570    i.SiIAbs            silib.lib(si_tool.o)
    0x0000d030   0x0000d030   0x0000000a   Code   RO         2571    i.SiInitFastNoise   silib.lib(si_tool.o)
    0x0000d03a   0x0000d03a   0x00000028   Code   RO         2001    i.SiNoiseDetectRegister  silib.lib(si_noise.o)
    0x0000d062   0x0000d062   0x00000002   PAD
    0x0000d064   0x0000d064   0x00000048   Code   RO         2051    i.SiNoiseExitConditionFastVarianceInit  silib.lib(si_noise_exit_fast_variance.o)
    0x0000d0ac   0x0000d0ac   0x00000016   Code   RO         2052    i.SiNoiseExitConditionFastVarianceReset  silib.lib(si_noise_exit_fast_variance.o)
    0x0000d0c2   0x0000d0c2   0x00000002   PAD
    0x0000d0c4   0x0000d0c4   0x000000b0   Code   RO         2053    i.SiNoiseExitConditionFastVarianceRun  silib.lib(si_noise_exit_fast_variance.o)
    0x0000d174   0x0000d174   0x00000020   Code   RO         2002    i.SiNoiseIsDetect4  silib.lib(si_noise.o)
    0x0000d194   0x0000d194   0x00000210   Code   RO         2003    i.SiNoiseIsMatch    silib.lib(si_noise.o)
    0x0000d3a4   0x0000d3a4   0x00000032   Code   RO         2088    i.SiNoiseLiteDiffInit  silib.lib(si_noise_lite_diff.o)
    0x0000d3d6   0x0000d3d6   0x00000002   PAD
    0x0000d3d8   0x0000d3d8   0x0000005c   Code   RO         2089    i.SiNoiseLiteDiffNodeInit  silib.lib(si_noise_lite_diff.o)
    0x0000d434   0x0000d434   0x00000038   Code   RO         2090    i.SiNoiseLiteDiffReset  silib.lib(si_noise_lite_diff.o)
    0x0000d46c   0x0000d46c   0x000001f8   Code   RO         2091    i.SiNoiseLiteDiffRun  silib.lib(si_noise_lite_diff.o)
    0x0000d664   0x0000d664   0x00000028   Code   RO         2285    i.SiNoiseObjectNodeInit  silib.lib(si_core.o)
    0x0000d68c   0x0000d68c   0x0000002c   Code   RO         2286    i.SiNoiseObjectRegister  silib.lib(si_core.o)
    0x0000d6b8   0x0000d6b8   0x00000004   Code   RO         2287    i.SiNoiseObjectSetStatus  silib.lib(si_core.o)
    0x0000d6bc   0x0000d6bc   0x00000052   Code   RO         2290    i.SiObjectNodeInit  silib.lib(si_core.o)
    0x0000d70e   0x0000d70e   0x00000054   Code   RO         2291    i.SiObjectRegister  silib.lib(si_core.o)
    0x0000d762   0x0000d762   0x00000004   Code   RO         2292    i.SiObjectSetParaAdjuster  silib.lib(si_core.o)
    0x0000d766   0x0000d766   0x00000004   Code   RO         2293    i.SiObjectSetStatus  silib.lib(si_core.o)
    0x0000d76a   0x0000d76a   0x0000001a   Code   RO         2497    i.SiParaAdjusterAddBrother  silib.lib(si_para_adjuster.o)
    0x0000d784   0x0000d784   0x00000022   Code   RO         2498    i.SiParaAdjusterAddChild  silib.lib(si_para_adjuster.o)
    0x0000d7a6   0x0000d7a6   0x00000002   PAD
    0x0000d7a8   0x0000d7a8   0x0000002c   Code   RO         2499    i.SiParaAdjusterCompositeNodeInit  silib.lib(si_para_adjuster.o)
    0x0000d7d4   0x0000d7d4   0x0000004a   Code   RO         2500    i.SiParaAdjusterCompositeRun  silib.lib(si_para_adjuster.o)
    0x0000d81e   0x0000d81e   0x00000002   PAD
    0x0000d820   0x0000d820   0x00000030   Code   RO         2502    i.SiParaAdjusterLeafNodeInit  silib.lib(si_para_adjuster.o)
    0x0000d850   0x0000d850   0x00000014   Code   RO         2503    i.SiParaAdjusterLeafRun  silib.lib(si_para_adjuster.o)
    0x0000d864   0x0000d864   0x000000f0   Code   RO         2228    i.SiRunQuickUnlockBaseline  silib.lib(si_arbiter_freq10doorctrl.o)
    0x0000d954   0x0000d954   0x00000018   Code   RO         2456    i.SiSetScheduler    silib.lib(si_scheduler.o)
    0x0000d96c   0x0000d96c   0x00000020   Code   RO         2574    i.SmartDiffSiValue  silib.lib(si_tool.o)
    0x0000d98c   0x0000d98c   0x0000002e   Code   RO         2966    i.__ARM_clz         mf_p.l(depilogue.o)
    0x0000d9ba   0x0000d9ba   0x0000001a   Code   RO         2267    i.__ARM_common_switch8  silib.lib(si_arbiter_freq10doorctrl.o)
    0x0000d9d4   0x0000d9d4   0x00000046   Code   RO         2686    i.calc_double_samp  silib.lib(si_hal.o)
    0x0000da1a   0x0000da1a   0x00000002   PAD
    0x0000da1c   0x0000da1c   0x00000050   Code   RO         2687    i.calc_low_pass     silib.lib(si_hal.o)
    0x0000da6c   0x0000da6c   0x0000003a   Code   RO         2688    i.calc_noise_avoid  silib.lib(si_hal.o)
    0x0000daa6   0x0000daa6   0x00000002   PAD
    0x0000daa8   0x0000daa8   0x0000000c   Data   RO         2457    .constdata          silib.lib(si_scheduler.o)
    0x0000dab4   0x0000dab4   0x00000101   Data   RO         2575    .constdata          silib.lib(si_tool.o)
    0x0000dbb5   0x0000dbb5   0x00000006   Data   RO          472    .rodata..L__const.DoorGpioInit.cfg  app.o
    0x0000dbbb   0x0000dbbb   0x00000001   PAD
    0x0000dbbc   0x0000dbbc   0x00000008   Data   RO          521    .rodata.TouchConfig.adccfg  touch_config.o
    0x0000dbc4   0x0000dbc4   0x00000018   Data   RO          531    .rodata.TouchConfig.dispatchPara  touch_config.o
    0x0000dbdc   0x0000dbdc   0x0000003c   Data   RO          523    .rodata.TouchConfig.touchChannels  touch_config.o
    0x0000dc18   0x0000dc18   0x00000032   Data   RO          524    .rodata.TouchConfig.touchGainers  touch_config.o
    0x0000dc4a   0x0000dc4a   0x00000032   Data   RO          525    .rodata.TouchConfig.touchSleepGainers  touch_config.o
    0x0000dc7c   0x0000dc7c   0x00000004   Data   RO          520    .rodata.TouchConfig.touchcfg  touch_config.o
    0x0000dc80   0x0000dc80   0x0000000a   Data   RO         1006    .rodata.Touch_IOConfig.touchPins  touch_tool.o
    0x0000dc8a   0x0000dc8a   0x0000000f   Data   RO         1007    .rodata.Touch_IOEnable.touchPins  touch_tool.o
    0x0000dc99   0x0000dc99   0x00000038   Data   RO          449    .rodata.flash_driver_ciper  tcae10_ll_flash.o
    0x0000dcd1   0x0000dcd1   0x00000003   PAD
    0x0000dcd4   0x0000dcd4   0x0000004c   Data   RO          549    .rodata.iotouchArbiterPara1  touch_config.o
    0x0000dd20   0x0000dd20   0x0000004c   Data   RO          565    .rodata.iotouchArbiterPara2  touch_config.o
    0x0000dd6c   0x0000dd6c   0x00000020   Data   RO          545    .rodata.iotouchBaselinePara1  touch_config.o
    0x0000dd8c   0x0000dd8c   0x00000020   Data   RO          556    .rodata.iotouchBaselinePara12  touch_config.o
    0x0000ddac   0x0000ddac   0x00000020   Data   RO          561    .rodata.iotouchBaselinePara2  touch_config.o
    0x0000ddcc   0x0000ddcc   0x00000020   Data   RO          572    .rodata.iotouchBaselinePara22  touch_config.o
    0x0000ddec   0x0000ddec   0x0000000a   Data   RO          542    .rodata.iotouchFilterParaDoorctrl1  touch_config.o
    0x0000ddf6   0x0000ddf6   0x0000000a   Data   RO          558    .rodata.iotouchFilterParaDoorctrl2  touch_config.o
    0x0000de00   0x0000de00   0x00000002   Data   RO          551    .rodata.iotouchKeyMap1  touch_config.o
    0x0000de02   0x0000de02   0x00000002   Data   RO          567    .rodata.iotouchKeyMap2  touch_config.o
    0x0000de04   0x0000de04   0x0000000a   Data   RO          580    .rodata.iotouchLpArbiterPara  touch_config.o
    0x0000de0e   0x0000de0e   0x0000000a   Data   RO          576    .rodata.iotouchLpBaselinePara  touch_config.o
    0x0000de18   0x0000de18   0x00000002   Data   RO          582    .rodata.iotouchLpKeyMap  touch_config.o
    0x0000de1a   0x0000de1a   0x0000001b   Data   RO          643    .rodata.lin_diag_services_supported  lin_cfg.o
    0x0000de35   0x0000de35   0x00000003   PAD
    0x0000de38   0x0000de38   0x00000070   Data   RO          612    .rodata.lin_frame_tbl  lin_cfg.o
    0x0000dea8   0x0000dea8   0x00000010   Data   RO          615    .rodata.lin_max_frame_res_timeout_val  lin_cfg.o
    0x0000deb8   0x0000deb8   0x00000001   Data   RO          539    .rodata.noiseDetectVarianceKeyMap  touch_config.o
    0x0000deb9   0x0000deb9   0x00000001   PAD
    0x0000deba   0x0000deba   0x00000012   Data   RO          535    .rodata.noiseDetectVariancePara  touch_config.o
    0x0000decc   0x0000decc   0x00000006   Data   RO          533    .rodata.noiseExitConditionVariancePara  touch_config.o
    0x0000ded2   0x0000ded2   0x00000001   Data   RO          622    .rodata.num_frame_have_esignal  lin_cfg.o
    0x0000ded3   0x0000ded3   0x00000001   PAD
    0x0000ded4   0x0000ded4   0x00000006   Data   RO          620    .rodata.product_id  lin_cfg.o
    0x0000deda   0x0000deda   0x00000002   PAD
    0x0000dedc   0x0000dedc   0x00000008   Data   RO         1473    .rodata.sys_param_addr_map  store_manager.o


    Execution Region RW_IRAM1 (Exec base: 0x10000000, Load base: 0x0000dee8, Size: 0x00000fd0, Max: 0x00001000, ABSOLUTE)

    Exec Addr    Load Addr    Size         Type   Attr      Idx    E Section Name        Object

    0x10000000   0x0000dee8   0x00000042   Data   RW          446    .ARM.__at_0x10000000  tcae10_ll_flash.o
    0x10000042   0x0000df2a   0x00000002   PAD
    0x10000044   0x0000df2c   0x00000004   Data   RW         2298    .data               silib.lib(si_core.o)
    0x10000048   0x0000df30   0x00000004   Data   RW           29    .data.SystemCoreClock  system_tcae10.o
    0x1000004c   0x0000df34   0x00000004   Data   RW         1154    .data.TcSystick     tc_port.o
    0x10000050   0x0000df38   0x0000001e   Data   RW          527    .data.TouchConfig.doubleSampTable  touch_config.o
    0x1000006e   0x0000df56   0x0000001e   Data   RW          526    .data.TouchConfig.lowPassTable  touch_config.o
    0x1000008c   0x0000df74   0x00000032   Data   RW          528    .data.TouchConfig.noiseAvoidTable  touch_config.o
    0x100000be   0x0000dfa6   0x00000032   Data   RW          529    .data.TouchConfig.sleepNoiseAvoidTable  touch_config.o
    0x100000f0   0x0000dfd8   0x00000004   Data   RW          943    .data.current_touch_trigadc  touch_halnode.o
    0x100000f4   0x0000dfdc   0x0000003c   Data   RW          584    .data.doorctrlNoiseDetectVariance  touch_config.o
    0x10000130   0x0000e018   0x00000001   Data   RW          981    .data.enableSamp    si_touch_port.o
    0x10000131   0x0000e019   0x00000003   PAD
    0x10000134   0x0000e01c   0x00000004   Data   RW          447    .data.g_pfFLASH_DRV_EraseSector  tcae10_ll_flash.o
    0x10000138   0x0000e020   0x00000014   Data   RW         1472    .data.g_sys_cfgs    store_manager.o
    0x1000014c   0x0000e034   0x00000004   Data   RW          448    .data.g_tpfFLASH_DRV_Program  tcae10_ll_flash.o
    0x10000150   0x0000e038   0x00000002   Data   RW          781    .data.haltmode      tc_halt.o
    0x10000152   0x0000e03a   0x00000009   Data   RW          616    .data.lin_configuration_RAM  lin_cfg.o
    0x1000015b   0x0000e043   0x00000001   PAD
    0x1000015c   0x0000e044   0x00000012   Data   RW          617    .data.lin_configuration_ROM  lin_cfg.o
    0x1000016e   0x0000e056   0x00000001   Data   RW          618    .data.lin_configured_NAD  lin_cfg.o
    0x1000016f   0x0000e057   0x0000000a   Data   RW          610    .data.lin_flag_handle_tbl  lin_cfg.o
    0x10000179   0x0000e061   0x00000001   Data   RW          619    .data.lin_initial_NAD  lin_cfg.o
    0x1000017a   0x0000e062   0x00000028   Data   RW          609    .data.lin_pFrameBuf  lin_cfg.o
    0x100001a2   0x0000e08a   0x00000001   Data   RW          624    .data.lin_response_error_bit_offset  lin_cfg.o
    0x100001a3   0x0000e08b   0x00000001   PAD
    0x100001a4   0x0000e08c   0x00000002   Data   RW          623    .data.lin_response_error_byte_offset  lin_cfg.o
    0x100001a6   0x0000e08e   0x00000002   PAD
    0x100001a8   0x0000e090   0x00000010   Data   RW          628    .data.lin_tl_rx_queue  lin_cfg.o
    0x100001b8   0x0000e0a0   0x00000010   Data   RW          626    .data.lin_tl_tx_queue  lin_cfg.o
    0x100001c8   0x0000e0b0   0x00000004   Data   RW          586    .data.noiseExitConditions  touch_config.o
    0x100001cc   0x0000e0b4   0x00000008   Data   RW          585    .data.noiseSiObjs   touch_config.o
    0x100001d4   0x0000e0bc   0x00000001   Data   RW         1245    .data.pid           lin_process.o
    0x100001d5   0x0000e0bd   0x00000001   Data   RW          736    .data.session_mode  custom_diagnosticiii.o
    0x100001d6   0x0000e0be   0x00000001   Data   RW         1241    .data.state         lin_process.o
    0x100001d7   0x0000e0bf   0x00000001   Data   RW          642    .data.tl_service_status  lin_cfg.o
    0x100001d8        -       0x00000004   Zero   RW          471    .bss.AppTask.appTimer  app.o
    0x100001dc        -       0x00000001   Zero   RW          587    .bss.IOtouchKeyValueChanged.keyMask  touch_config.o
    0x100001dd        -       0x00000001   Zero   RW          607    .bss.LI0_response_error_signal  lin_cfg.o
    0x100001de        -       0x00000001   Zero   RW          848    .bss.LinTask.linFirstCountFlag  lin_task.o
    0x100001df   0x0000e0c0   0x00000001   PAD
    0x100001e0        -       0x00000004   Zero   RW          849    .bss.LinTask.linLastTick  lin_task.o
    0x100001e4        -       0x00000004   Zero   RW          846    .bss.LinTask.linTimer  lin_task.o
    0x100001e8        -       0x00000002   Zero   RW          847    .bss.LinTask.wkupBreakCount  lin_task.o
    0x100001ea        -       0x00000064   Zero   RW         1090    .bss.TcLogRamBuffer  tc_log.o
    0x1000024e   0x0000e0c0   0x00000002   PAD
    0x10000250        -       0x00000004   Zero   RW         1091    .bss.TcLogRamBufferPos  tc_log.o
    0x10000254        -       0x00000004   Zero   RW         1127    .bss.TcTaskExec.lastTick  tc.o
    0x10000258        -       0x00000098   Zero   RW          530    .bss.TouchConfig.dispatch  touch_config.o
    0x100002f0        -       0x00000048   Zero   RW          522    .bss.TouchConfig.touchNode  touch_config.o
    0x10000338        -       0x00000004   Zero   RW          984    .bss.TouchTask.touchTimer  si_touch_port.o
    0x1000033c        -       0x00000004   Zero   RW          231    .bss.adc_isr_callback  tcae10_ll_adc.o
    0x10000340        -       0x00000008   Zero   RW          608    .bss.buffer_backup_data  lin_cfg.o
    0x10000348        -       0x00000001   Zero   RW         1243    .bss.cnt_byte       lin_process.o
    0x10000349   0x0000e0c0   0x00000003   PAD
    0x1000034c        -       0x00000004   Zero   RW         1125    .bss.currentTask    tc.o
    0x10000350        -       0x00000001   Zero   RW         1249    .bss.current_id     lin_process.o
    0x10000351        -       0x00000001   Zero   RW         1181    .bss.current_rcvd_nad  diagnosticiii.o
    0x10000352   0x0000e0c0   0x00000002   PAD
    0x10000354        -       0x00000004   Zero   RW          942    .bss.current_touch_node  touch_halnode.o
    0x10000358        -       0x00000001   Zero   RW          730    .bss.diagRxSize     custom_diagnosticiii.o
    0x10000359   0x0000e0c0   0x00000003   PAD
    0x1000035c        -       0x00000014   Zero   RW          728    .bss.diagnosticRxBuffer  custom_diagnosticiii.o
    0x10000370        -       0x00000042   Zero   RW          729    .bss.diagnosticTxBuffer  custom_diagnosticiii.o
    0x100003b2   0x0000e0c0   0x00000002   PAD
    0x100003b4        -       0x00000004   Zero   RW          740    .bss.diagnostic_session_cnt  custom_diagnosticiii.o
    0x100003b8        -       0x00000004   Zero   RW         1055    .bss.discardTouchSampDataCnt  touch_haldispatch.o
    0x100003bc        -       0x00000004   Zero   RW          666    .bss.door_cmd       lin_frame.o
    0x100003c0        -       0x0000000a   Zero   RW          665    .bss.door_st        lin_frame.o
    0x100003ca   0x0000e0c0   0x00000002   PAD
    0x100003cc        -       0x00000010   Zero   RW          777    .bss.filterWakeupCallback  tc_halt.o
    0x100003dc        -       0x00000001   Zero   RW          983    .bss.forceSetTaskBitFlag  si_touch_port.o
    0x100003dd        -       0x00000001   Zero   RW          982    .bss.forceWakeup    si_touch_port.o
    0x100003de        -       0x00000001   Zero   RW         2825    .bss.frame_index    linlib_seres.lib(lin_common_proto.o)
    0x100003df   0x0000e0c0   0x00000001   PAD
    0x100003e0        -       0x00000002   Zero   RW         1246    .bss.frame_timeout_cnt  lin_process.o
    0x100003e2   0x0000e0c0   0x00000002   PAD
    0x100003e4        -       0x00000004   Zero   RW         1155    .bss.g_TcSystickIntCnt  tc_port.o
    0x100003e8        -       0x00000001   Zero   RW         1180    .bss.g_bUDSDataDumpFlag  diagnosticiii.o
    0x100003e9        -       0x00000001   Zero   RW         1087    .bss.g_bUDSReadLogInfo  tc_log.o
    0x100003ea        -       0x00000001   Zero   RW          735    .bss.g_config_word_state  custom_diagnosticiii.o
    0x100003eb   0x0000e0c0   0x00000001   PAD
    0x100003ec        -       0x00000014   Zero   RW          732    .bss.g_dfu_info     custom_diagnosticiii.o
    0x10000400        -       0x00000003   Zero   RW          734    .bss.g_ota_info     custom_diagnosticiii.o
    0x10000403   0x0000e0c0   0x00000001   PAD
    0x10000404        -       0x00000002   Zero   RW          733    .bss.g_user_info    custom_diagnosticiii.o
    0x10000406   0x0000e0c0   0x00000002   PAD
    0x10000408        -       0x0000000c   Zero   RW          779    .bss.haltMonitorCallback  tc_halt.o
    0x10000414        -       0x00000004   Zero   RW          782    .bss.haltMonitorTimerCount  tc_halt.o
    0x10000418        -       0x00000004   Zero   RW          776    .bss.haltTask       tc_halt.o
    0x1000041c        -       0x00000004   Zero   RW          778    .bss.haltTimeoutTimer  tc_halt.o
    0x10000420        -       0x00000002   Zero   RW         1239    .bss.idle_timeout_cnt  lin_process.o
    0x10000422        -       0x00000001   Zero   RW          780    .bss.inHaltFlag     tc_halt.o
    0x10000423   0x0000e0c0   0x00000001   PAD
    0x10000424        -       0x000000cc   Zero   RW          548    .bss.iotouchArbiter1  touch_config.o
    0x100004f0        -       0x000000cc   Zero   RW          564    .bss.iotouchArbiter2  touch_config.o
    0x100005bc        -       0x0000004c   Zero   RW          544    .bss.iotouchBaseline1  touch_config.o
    0x10000608        -       0x0000004c   Zero   RW          560    .bss.iotouchBaseline2  touch_config.o
    0x10000654        -       0x00000004   Zero   RW          547    .bss.iotouchBaselineBuf1  touch_config.o
    0x10000658        -       0x00000004   Zero   RW          563    .bss.iotouchBaselineBuf2  touch_config.o
    0x1000065c        -       0x00000014   Zero   RW          553    .bss.iotouchBaselineParaAdjComp1  touch_config.o
    0x10000670        -       0x00000014   Zero   RW          569    .bss.iotouchBaselineParaAdjComp2  touch_config.o
    0x10000684        -       0x00000018   Zero   RW          555    .bss.iotouchBaselineParaAdjLeafLp1  touch_config.o
    0x1000069c        -       0x00000018   Zero   RW          571    .bss.iotouchBaselineParaAdjLeafLp2  touch_config.o
    0x100006b4        -       0x00000018   Zero   RW          554    .bss.iotouchBaselineParaAdjLeafNormal1  touch_config.o
    0x100006cc        -       0x00000018   Zero   RW          570    .bss.iotouchBaselineParaAdjLeafNormal2  touch_config.o
    0x100006e4        -       0x00000018   Zero   RW          546    .bss.iotouchBaselineTempData1  touch_config.o
    0x100006fc        -       0x00000018   Zero   RW          562    .bss.iotouchBaselineTempData2  touch_config.o
    0x10000714        -       0x00000004   Zero   RW          543    .bss.iotouchFilterBufDoorctrl1  touch_config.o
    0x10000718        -       0x00000004   Zero   RW          559    .bss.iotouchFilterBufDoorctrl2  touch_config.o
    0x1000071c        -       0x0000004c   Zero   RW          541    .bss.iotouchFilterDoorctrl1  touch_config.o
    0x10000768        -       0x0000004c   Zero   RW          557    .bss.iotouchFilterDoorctrl2  touch_config.o
    0x100007b4        -       0x00000004   Zero   RW          552    .bss.iotouchKeyRawDataBuf1  touch_config.o
    0x100007b8        -       0x00000004   Zero   RW          568    .bss.iotouchKeyRawDataBuf2  touch_config.o
    0x100007bc        -       0x0000002c   Zero   RW          579    .bss.iotouchLpArbiter  touch_config.o
    0x100007e8        -       0x00000034   Zero   RW          575    .bss.iotouchLpBaseline  touch_config.o
    0x1000081c        -       0x00000004   Zero   RW          578    .bss.iotouchLpBaselineBuf  touch_config.o
    0x10000820        -       0x00000018   Zero   RW          577    .bss.iotouchLpBaselineTempData  touch_config.o
    0x10000838        -       0x00000024   Zero   RW          573    .bss.iotouchLpFilter  touch_config.o
    0x1000085c        -       0x00000004   Zero   RW          574    .bss.iotouchLpFilterBuf  touch_config.o
    0x10000860        -       0x00000004   Zero   RW          583    .bss.iotouchLpKeyRawDataBuf  touch_config.o
    0x10000864        -       0x00000030   Zero   RW          581    .bss.iotouchLpObjectKey  touch_config.o
    0x10000894        -       0x00000030   Zero   RW          550    .bss.iotouchObjectKey1  touch_config.o
    0x100008c4        -       0x00000030   Zero   RW          566    .bss.iotouchObjectKey2  touch_config.o
    0x100008f4        -       0x00000001   Zero   RW         1251    .bss.l_status.0     lin_process.o
    0x100008f5        -       0x00000001   Zero   RW          844    .bss.linCommSincePowerOn  lin_task.o
    0x100008f6   0x0000e0c0   0x00000002   PAD
    0x100008f8        -       0x00000004   Zero   RW          843    .bss.linTask        lin_task.o
    0x100008fc        -       0x00000001   Zero   RW          845    .bss.linWakeupFlag  lin_task.o
    0x100008fd   0x0000e0c0   0x00000003   PAD
    0x10000900        -       0x00000010   Zero   RW         1240    .bss.lin_cfg        lin_process.o
    0x10000910        -       0x0000001b   Zero   RW          644    .bss.lin_diag_services_flag  lin_cfg.o
    0x1000092b        -       0x00000001   Zero   RW         1248    .bss.lin_error      lin_process.o
    0x1000092c        -       0x00000001   Zero   RW          602    .bss.lin_error_in_response  lin_cfg.o
    0x1000092d        -       0x00000007   Zero   RW          613    .bss.lin_frame_flag_tbl  lin_cfg.o
    0x10000934        -       0x00000007   Zero   RW          614    .bss.lin_frame_updating_flag_tbl  lin_cfg.o
    0x1000093b        -       0x00000001   Zero   RW          603    .bss.lin_goto_sleep_flg  lin_cfg.o
    0x1000093c        -       0x0000000a   Zero   RW          600    .bss.lin_lld_response_buffer  lin_cfg.o
    0x10000946        -       0x00000002   Zero   RW         1250    .bss.lin_rcvbreak_cnt  lin_process.o
    0x10000948        -       0x00000001   Zero   RW          604    .bss.lin_save_configuration_flg  lin_cfg.o
    0x10000949        -       0x00000001   Zero   RW          601    .bss.lin_successful_transfer  lin_cfg.o
    0x1000094a        -       0x00000002   Zero   RW          605    .bss.lin_word_status  lin_cfg.o
    0x1000094c        -       0x00000002   Zero   RW          738    .bss.lock_failed_cnt  custom_diagnosticiii.o
    0x1000094e        -       0x00000001   Zero   RW          731    .bss.negResponseCode  custom_diagnosticiii.o
    0x1000094f   0x0000e0c0   0x00000001   PAD
    0x10000950        -       0x0000003c   Zero   RW          534    .bss.noiseDetectVariance  touch_config.o
    0x1000098c        -       0x00000002   Zero   RW          537    .bss.noiseDetectVarianceBuf  touch_config.o
    0x1000098e   0x0000e0c0   0x00000002   PAD
    0x10000990        -       0x00000018   Zero   RW          538    .bss.noiseDetectVarianceObject  touch_config.o
    0x100009a8        -       0x00000002   Zero   RW          540    .bss.noiseDetectVarianceRawDataBuf  touch_config.o
    0x100009aa   0x0000e0c0   0x00000002   PAD
    0x100009ac        -       0x0000001c   Zero   RW          536    .bss.noiseDetectVarianceTempData  touch_config.o
    0x100009c8        -       0x0000002c   Zero   RW          532    .bss.noiseExitConditionVariance  touch_config.o
    0x100009f4        -       0x00000001   Zero   RW          737    .bss.program_condition_check  custom_diagnosticiii.o
    0x100009f5   0x0000e0c0   0x00000003   PAD
    0x100009f8        -       0x00000004   Zero   RW         1244    .bss.ptr            lin_process.o
    0x100009fc        -       0x00000001   Zero   RW          473    .bss.pwmCtrl.0      app.o
    0x100009fd   0x0000e0c0   0x00000003   PAD
    0x10000a00        -       0x00000001   Zero   RW          474    .bss.pwmCtrl.1      app.o
    0x10000a01   0x0000e0c0   0x00000001   PAD
    0x10000a02        -       0x00000001   Zero   RW          475    .bss.pwmCtrl.2      app.o
    0x10000a03   0x0000e0c0   0x00000001   PAD
    0x10000a04        -       0x00000004   Zero   RW          476    .bss.pwmCtrl.3      app.o
    0x10000a08        -       0x00000002   Zero   RW         1247    .bss.res_frame_timeout_cnt  lin_process.o
    0x10000a0a   0x0000e0c0   0x00000002   PAD
    0x10000a0c        -       0x00000004   Zero   RW         1242    .bss.response_buffer  lin_process.o
    0x10000a10        -       0x00000001   Zero   RW          621    .bss.response_error  lin_cfg.o
    0x10000a11   0x0000e0c0   0x00000003   PAD
    0x10000a14        -       0x00000008   Zero   RW          414    .bss.sci_isr_callback  tcae10_ll_sci.o
    0x10000a1c   0x0000e0c0   0x00000004   PAD
    0x10000a20        -       0x00000008   Zero   RW         1156    .bss.systickCallback  tc_port.o
    0x10000a28        -       0x000000b4   Zero   RW         1126    .bss.tcTasks        tc.o
    0x10000adc        -       0x00000050   Zero   RW         1128    .bss.tcTimers       tc.o
    0x10000b2c        -       0x00000002   Zero   RW          639    .bss.tl_check_timeout  lin_cfg.o
    0x10000b2e        -       0x00000001   Zero   RW          638    .bss.tl_check_timeout_type  lin_cfg.o
    0x10000b2f        -       0x00000001   Zero   RW          641    .bss.tl_diag_state  lin_cfg.o
    0x10000b30        -       0x00000001   Zero   RW          637    .bss.tl_frame_counter  lin_cfg.o
    0x10000b31        -       0x00000001   Zero   RW          634    .bss.tl_last_RSID   lin_cfg.o
    0x10000b32        -       0x00000001   Zero   RW          633    .bss.tl_last_cfg_result  lin_cfg.o
    0x10000b33        -       0x00000001   Zero   RW          635    .bss.tl_ld_error_code  lin_cfg.o
    0x10000b34        -       0x00000001   Zero   RW          636    .bss.tl_no_of_pdu   lin_cfg.o
    0x10000b35        -       0x00000001   Zero   RW          646    .bss.tl_receive_msg_status  lin_cfg.o
    0x10000b36        -       0x00000002   Zero   RW          629    .bss.tl_rx_msg_index  lin_cfg.o
    0x10000b38        -       0x00000002   Zero   RW          630    .bss.tl_rx_msg_size  lin_cfg.o
    0x10000b3a        -       0x00000001   Zero   RW          647    .bss.tl_rx_msg_status  lin_cfg.o
    0x10000b3b        -       0x000000a0   Zero   RW          627    .bss.tl_rx_queue_data  lin_cfg.o
    0x10000bdb        -       0x00000001   Zero   RW          645    .bss.tl_slaveresp_cnt  lin_cfg.o
    0x10000bdc        -       0x00000002   Zero   RW          631    .bss.tl_tx_msg_index  lin_cfg.o
    0x10000bde        -       0x00000002   Zero   RW          632    .bss.tl_tx_msg_size  lin_cfg.o
    0x10000be0        -       0x00000001   Zero   RW          648    .bss.tl_tx_msg_status  lin_cfg.o
    0x10000be1        -       0x000000a0   Zero   RW          625    .bss.tl_tx_queue_data  lin_cfg.o
    0x10000c81   0x0000e0c0   0x00000003   PAD
    0x10000c84        -       0x00000020   Zero   RW         1054    .bss.touchAlgoObject  touch_haldispatch.o
    0x10000ca4        -       0x00000004   Zero   RW          979    .bss.touchDispatch  si_touch_port.o
    0x10000ca8        -       0x00000002   Zero   RW         1053    .bss.touchHaltMonitorCnt  touch_haldispatch.o
    0x10000caa        -       0x00000001   Zero   RW          775    .bss.touchHaltRtcTrigFlag  tc_halt.o
    0x10000cab   0x0000e0c0   0x00000001   PAD
    0x10000cac        -       0x00000004   Zero   RW          980    .bss.touchTaskHandle  si_touch_port.o
    0x10000cb0        -       0x0000001c   Zero   RW          741    .bss.touch_data     custom_diagnosticiii.o
    0x10000ccc        -       0x00000001   Zero   RW          739    .bss.unlock_failed_store_flag  custom_diagnosticiii.o
    0x10000ccd   0x0000e0c0   0x00000003   PAD
    0x10000cd0        -       0x00000300   Zero   RW            1    STACK               startup_tcae10.o



  Load Region LR$$.ARM.__at_0x00004000 (Base: 0x00004000, Size: 0x00000018, Max: 0x00000018, ABSOLUTE)

    Execution Region ER$$.ARM.__at_0x00004000 (Exec base: 0x00004000, Load base: 0x00004000, Size: 0x00000018, Max: 0x00000018, ABSOLUTE, UNINIT)

    Exec Addr    Load Addr    Size         Type   Attr      Idx    E Section Name        Object

    0x00004000   0x00004000   0x00000018   Data   RO          726    .ARM.__at_0x00004000  custom_diagnosticiii.o



  Load Region LR$$.ARM.__at_0x00004018 (Base: 0x00004018, Size: 0x00000018, Max: 0x00000018, ABSOLUTE)

    Execution Region ER$$.ARM.__at_0x00004018 (Exec base: 0x00004018, Load base: 0x00004018, Size: 0x00000018, Max: 0x00000018, ABSOLUTE, UNINIT)

    Exec Addr    Load Addr    Size         Type   Attr      Idx    E Section Name        Object

    0x00004018   0x00004018   0x00000015   Data   RO          727    .ARM.__at_0x00004018  custom_diagnosticiii.o


==============================================================================

Image component sizes


      Code (inc. data)   RO Data    RW Data    ZI Data      Debug   Object Name

       732        110          6          0         11      15757   app.o
      3516        440         45          1        150      13580   custom_diagnosticiii.o
       318         32          0          0          2       2602   diagnosticiii.o
        32          0        162        115        408       6895   lin_cfg.o
      1096         52          0          0         14       2891   lin_frame.o
      1462        184          0          2         36       7392   lin_process.o
       532         78          0          0         17      14785   lin_task.o
       112         32          0          0          0      41176   misc.o
       200          4          0          0          0       4864   pal_lin_comm.o
       192          4          0          0          0       4069   pal_store.o
       508         80          0          1         14      10216   si_touch_port.o
        14          0          0          0          0        807   sid_0x2f.o
         2          0          0          0          0        740   sid_0x32.o
       200         24          0          0          0       1691   sid_0xb0.o
       276         20          0          0          0       1537   sid_0xb1.o
        88          4          0          0          0       1026   sid_0xb3.o
        60          8          0          0          0        978   sid_0xb6.o
       120          4          0          0          0       1129   sid_0xb7.o
        80         32        192          0        768        760   startup_tcae10.o
       546          8          8         20          0       6068   store_manager.o
       616        130          0          4          0      28268   system_tcae10.o
       492         16          0          0        268       4407   tc.o
       652         76          0          2         42      11746   tc_halt.o
        32          8          0          0        105       4292   tc_log.o
       184         28          0          4         12       4162   tc_port.o
        40          8          0          0          4      42574   tcae10_ll_adc.o
       132         12          0          0          0       9604   tcae10_ll_captouch.o
       196         36          0          0          0       3335   tcae10_ll_cortex.o
        84         12          0          0          0       1962   tcae10_ll_delay.o
       760         52         56         74          0      12445   tcae10_ll_flash.o
       468         38          0          0          0      16145   tcae10_ll_gpio.o
        96         12          0          0          0      10456   tcae10_ll_lpm.o
      1556        152          0          0          8      40396   tcae10_ll_sci.o
       148         20          0          0          0      11937   tcae10_ll_sys.o
        68         16          0          0          0       9974   tcae10_ll_timer.o
        60         16          0          0          0       9016   tcae10_ll_wdg.o
      1502        356        547        232       1617      21870   touch_config.o
      5472        100          0          0         38      27806   touch_haldispatch.o
      1432        108          0          4          4      23853   touch_halnode.o
       376         52         25          0          0      10381   touch_tool.o
       168          8          0          0          0       3481   utilities.o

    ----------------------------------------------------------------------
     24644       2372       1055        468       3574     447073   Object Totals
         0          0          0          0          0          0   (incl. Generated)
        24          0         14          9         56          0   (incl. Padding)

    ----------------------------------------------------------------------

      Code (inc. data)   RO Data    RW Data    ZI Data      Debug   Library Member Name

       186          0          0          0          0          0   lin.o
        18          0          0          0          0          0   lin_common_api.o
       990        168          0          0          1          0   lin_common_proto.o
       788         80          0          0          0          0   lin_commontl_api.o
      1264        132          0          0          0          0   lin_commontl_proto.o
       216         40          0          0          0          0   lin_lin21_proto.o
        40          0          0          0          0         72   idiv.o
         0          0          0          0          0          0   iusefp.o
        32          0          0          0          0         68   llshl.o
        38          0          0          0          0         68   llsshr.o
        34          0          0          0          0         68   llushr.o
        36          0          0          0          0         60   memcpya.o
        36          0          0          0          0        100   memseta.o
        44          0          0          0          0         72   uidiv.o
        20          0          0          0          0         68   cfrcmple.o
        56          0          0          0          0         68   d2f.o
       356          4          0          0          0        140   dadd.o
       240          6          0          0          0         84   ddiv.o
       236          0          0          0          0        216   depilogue.o
        40          6          0          0          0         68   dflti.o
       208          6          0          0          0         88   dmul.o
        40          0          0          0          0         60   f2d.o
       178          0          0          0          0        108   fadd.o
       124          0          0          0          0         72   fdiv.o
       130          0          0          0          0        144   fepilogue.o
        50          0          0          0          0         60   ffixi.o
        22          0          0          0          0         68   fflti.o
        14          0          0          0          0         68   ffltui.o
       122          0          0          0          0         72   fmul.o
         4          0          0          0          0        460   si_amp.o
        50          0          0          0          0       1601   si_arbiter.o
      2176         54          0          0          0       9122   si_arbiter_freq10doorctrl.o
       258         16          0          0          0       4104   si_arbiter_key_mt_abswkup.o
        48          0          0          0          0       1161   si_baseline.o
       898         26          0          0          0       5781   si_baseline_doorctrl2_strongavg_mt.o
       672         22          0          0          0       5033   si_baseline_wkup_quickdrop.o
       294          0          0          4          0      54552   si_core.o
        50          0          0          0          0      55925   si_filter.o
       684         36          0          0          0       4358   si_filter_extdoorctrl.o
       146         16          0          0          0       3511   si_filter_none.o
       172          4          0          0          0       3238   si_filter_tool.o
       208          6          0          0          0       8590   si_hal.o
       978          4          0          0          0       5165   si_noise.o
       270         20          0          0          0       2895   si_noise_exit_fast_variance.o
       702         22          0          0          0       4306   si_noise_lite_diff.o
       246         10          0          0          0       6772   si_para_adjuster.o
       832          4         12          0          0       6845   si_scheduler.o
       216          0        257          0          0       5353   si_tool.o

    ----------------------------------------------------------------------
     14500        682        269          4          2     190664   Library Totals
        38          0          0          0          1          0   (incl. Padding)

    ----------------------------------------------------------------------

      Code (inc. data)   RO Data    RW Data    ZI Data      Debug   Library Name

      3462        420          0          0          1          0   linlib_seres.lib
       260          0          0          0          0        508   mc_p.l
      1836         22          0          0          0       1384   mf_p.l
      8904        240        269          4          0     188772   silib.lib

    ----------------------------------------------------------------------
     14500        682        269          4          2     190664   Library Totals

    ----------------------------------------------------------------------

==============================================================================


      Code (inc. data)   RO Data    RW Data    ZI Data      Debug   

     39144       3054       1324        472       3576     632837   Grand Totals
     39144       3054       1324        472       3576     632837   ELF Image Totals
     39144       3054       1324        472          0          0   ROM Totals

==============================================================================

    Total RO  Size (Code + RO Data)                40468 (  39.52kB)
    Total RW  Size (RW Data + ZI Data)              4048 (   3.95kB)
    Total ROM Size (Code + RO Data + RW Data)      40940 (  39.98kB)

==============================================================================

