<html>
<body>
<pre>
<h1>µVision Build Log</h1>
<h2>Tool Versions:</h2>
IDE-Version: ¦ÌVision V5.29.0.0
Copyright (C) 2019 ARM Ltd and ARM Germany GmbH. All rights reserved.
License Information: zhou DELL, taixiwei, LIC=47GLQ-NDCL7-AQ00M-XH4HT-AYNSU-C4V48
 
Tool Versions:
Toolchain:       MDK-ARM Plus  Version: 5.29.0.0
Toolchain Path:  C:\Keil_v5\ARM\ARMCLANG\Bin
C Compiler:      ArmClang.exe V6.13.1
Assembler:       Armasm.exe V6.13.1
Linker/Locator:  ArmLink.exe V6.13.1
Library Manager: ArmAr.exe V6.13.1
Hex Converter:   FromElf.exe V6.13.1
CPU DLL:         SARMCM3.DLL V5.29.0.0
Dialog DLL:      DARMCM1.DLL V1.19.2.0
Target DLL:      CMSIS_AGDI.dll V1.32.0.0
Dialog DLL:      TARMCM1.DLL V1.14.1.0
 
<h2>Project:</h2>
C:\Users\Zhoujiangnan\Desktop\doorctrl_duotaiji_m9_2pad_app_NGND_ota_20260210\projects\TCAE10\Keil\customer\doorctrl_m9_duotaiji\doorctrl_lin.uvprojx
Project File Date:  01/08/2026

<h2>Output:</h2>
*** Using Compiler 'V6.13.1', folder: 'C:\Keil_v5\ARM\ARMCLANG\Bin'
Rebuild target 'TCSDK_BOOT'
assembling startup_tcae10.s...
compiling tcae10_ll_uart.c...
compiling tcae10_ll_lpm.c...
compiling tcae10_ll_wdg.c...
compiling system_tcae10.c...
compiling tcae10_ll_delay.c...
compiling tcae10_ll_sys.c...
compiling tcae10_ll_gpio.c...
compiling tcae10_ll_adc.c...
compiling tcae10_ll_captouch.c...
compiling tcae10_ll_timer.c...
compiling tcae10_ll_pwm.c...
compiling tcae10_ll_cortex.c...
compiling tcae10_ll_flash.c...
compiling app.c...
compiling tcae10_ll_sci.c...
compiling touch_config.c...
compiling lin_cfg.c...
compiling lin_frame.c...
compiling tc_halt.c...
compiling misc.c...
compiling lin_task.c...
compiling custom_diagnosticIII.c...
compiling pal_store.c...
compiling pal_pmu.c...
compiling utilities.c...
compiling si_touch_port.c...
compiling tc_log.c...
compiling touch_halnode.c...
compiling touch_tool.c...
compiling tc_port.c...
compiling diagnosticIII.c...
compiling tc.c...
compiling touch_haldispatch.c...
compiling lin_wakeup.c...
compiling sid_0x2e.c...
compiling lin_process.c...
compiling sid_0x2f.c...
compiling sid_0x3e.c...
compiling sid_0x11.c...
compiling sid_0x32.c...
compiling sid_0xb0.c...
compiling sid_0xb1.c...
compiling sid_0xb2.c...
compiling sid_0xb3.c...
compiling sid_0xb5.c...
compiling sid_0xbc.c...
compiling sid_0xb6.c...
compiling sid_0xb7.c...
compiling sid_0xbd.c...
compiling pal_lin_comm.c...
compiling store_manager.c...
linking...
.\Objects\doorctrl_lin.axf: Warning: L6969W: Changing AT Section .ARM.__at_0x10000000 type from RW to RO in RW_IRAM1.
Program Size: Code=33420 RO-data=1308 RW-data=400 ZI-data=3044  
Finished: 0 information, 1 warning and 0 error messages.
FromELF: creating hex file...
After Build - User command #1: fromelf -c ./Objects/doorctrl_lin.axf -o ./Objects/doorctrl_lin.txt
After Build - User command #2: fromelf --m32combined --output=C:\Users\Zhoujiangnan\Desktop\doorctrl_duotaiji_m9_2pad_app_NGND_ota_20260210\projects\TCAE10\Keil\customer\doorctrl_m9_duotaiji\Objects\doorctrl_lin.s19 .\Objects\doorctrl_lin.axf
".\Objects\doorctrl_lin.axf" - 0 Error(s), 1 Warning(s).

<h2>Software Packages used:</h2>

Package Vendor: ARM
                https://www.keil.com/pack/ARM.CMSIS.6.1.0.pack
                ARM.CMSIS.6.1.0
                CMSIS (Common Microcontroller Software Interface Standard)
   * Component: CORE Version: 6.1.0

Package Vendor: TinyChip
                
                TinyChip.TCxx_DFP.1.1.1
                TinyChip ARM Cortex-M0 Device Family Pack

<h2>Collection of Component include folders:</h2>
  .\RTE\_TCSDK_BOOT
  C:\Users\Zhoujiangnan\AppData\Local\Arm\Packs\ARM\CMSIS\6.1.0\CMSIS\Core\Include
  C:\Users\Zhoujiangnan\AppData\Local\Arm\Packs\TinyChip\TCxx_DFP\1.1.1\Device\Include

<h2>Collection of Component Files used:</h2>

   * Component: ARM::CMSIS:CORE:6.1.0
Build Time Elapsed:  00:00:16
</pre>
</body>
</html>
